Component: ARM Compiler 5.05 update 1 (build 106) Tool: armlink [4d0efa]

==============================================================================

Section Cross References

    startup_stm32f103x6.o(RESET) refers to startup_stm32f103x6.o(STACK) for __initial_sp
    startup_stm32f103x6.o(RESET) refers to startup_stm32f103x6.o(.text) for Reset_Handler
    startup_stm32f103x6.o(RESET) refers to stm32f1xx_it.o(i.NMI_Handler) for NMI_Handler
    startup_stm32f103x6.o(RESET) refers to stm32f1xx_it.o(i.HardFault_Handler) for HardFault_Handler
    startup_stm32f103x6.o(RESET) refers to stm32f1xx_it.o(i.MemManage_Handler) for MemManage_Handler
    startup_stm32f103x6.o(RESET) refers to stm32f1xx_it.o(i.BusFault_Handler) for BusFault_Handler
    startup_stm32f103x6.o(RESET) refers to stm32f1xx_it.o(i.UsageFault_Handler) for UsageFault_Handler
    startup_stm32f103x6.o(RESET) refers to port.o(.emb_text) for SVC_Handler
    startup_stm32f103x6.o(RESET) refers to stm32f1xx_it.o(i.DebugMon_Handler) for DebugMon_Handler
    startup_stm32f103x6.o(RESET) refers to port.o(i.SysTick_Handler) for SysTick_Handler
    startup_stm32f103x6.o(RESET) refers to stm32f1xx_it.o(i.TIM1_UP_IRQHandler) for TIM1_UP_IRQHandler
    startup_stm32f103x6.o(RESET) refers to stm32f1xx_it.o(i.TIM2_IRQHandler) for TIM2_IRQHandler
    startup_stm32f103x6.o(RESET) refers to stm32f1xx_it.o(i.TIM3_IRQHandler) for TIM3_IRQHandler
    startup_stm32f103x6.o(.text) refers to system_stm32f1xx.o(i.SystemInit) for SystemInit
    startup_stm32f103x6.o(.text) refers to entry.o(.ARM.Collect$$$$00000000) for __main
    main.o(i.HAL_TIM_PeriodElapsedCallback) refers to stm32f1xx_hal.o(i.HAL_IncTick) for HAL_IncTick
    main.o(i.SystemClock_Config) refers to memseta.o(.text) for __aeabi_memclr4
    main.o(i.SystemClock_Config) refers to stm32f1xx_hal_rcc.o(i.HAL_RCC_OscConfig) for HAL_RCC_OscConfig
    main.o(i.SystemClock_Config) refers to stm32f1xx_hal_rcc.o(i.HAL_RCC_ClockConfig) for HAL_RCC_ClockConfig
    main.o(i.main) refers to stm32f1xx_hal.o(i.HAL_Init) for HAL_Init
    main.o(i.main) refers to main.o(i.SystemClock_Config) for SystemClock_Config
    main.o(i.main) refers to gpio.o(i.MX_GPIO_Init) for MX_GPIO_Init
    main.o(i.main) refers to tim.o(i.MX_TIM2_Init) for MX_TIM2_Init
    main.o(i.main) refers to tim.o(i.MX_TIM3_Init) for MX_TIM3_Init
    main.o(i.main) refers to usart.o(i.MX_USART1_UART_Init) for MX_USART1_UART_Init
    main.o(i.main) refers to stm32f1xx_hal_tim.o(i.HAL_TIM_Base_Start_IT) for HAL_TIM_Base_Start_IT
    main.o(i.main) refers to mpu6050.o(i.MPU_Init) for MPU_Init
    main.o(i.main) refers to cmsis_os2.o(i.osKernelInitialize) for osKernelInitialize
    main.o(i.main) refers to freertos.o(i.MX_FREERTOS_Init) for MX_FREERTOS_Init
    main.o(i.main) refers to cmsis_os2.o(i.osKernelStart) for osKernelStart
    main.o(i.main) refers to stm32f1xx_hal.o(i.HAL_Delay) for HAL_Delay
    main.o(i.main) refers to tim.o(.bss) for htim2
    gpio.o(i.MX_GPIO_Init) refers to stm32f1xx_hal_gpio.o(i.HAL_GPIO_WritePin) for HAL_GPIO_WritePin
    gpio.o(i.MX_GPIO_Init) refers to stm32f1xx_hal_gpio.o(i.HAL_GPIO_Init) for HAL_GPIO_Init
    freertos.o(i.MX_FREERTOS_Init) refers to cmsis_os2.o(i.osThreadNew) for osThreadNew
    freertos.o(i.MX_FREERTOS_Init) refers to freertos.o(.constdata) for .constdata
    freertos.o(i.MX_FREERTOS_Init) refers to freertos.o(i.StartDefaultTask) for StartDefaultTask
    freertos.o(i.MX_FREERTOS_Init) refers to freertos.o(.data) for .data
    freertos.o(i.MX_FREERTOS_Init) refers to freertos.o(i.StartMPU6050Task) for StartMPU6050Task
    freertos.o(i.StartDefaultTask) refers to cmsis_os2.o(i.osDelay) for osDelay
    freertos.o(i.StartDefaultTask) refers to stm32f1xx_hal_gpio.o(i.HAL_GPIO_TogglePin) for HAL_GPIO_TogglePin
    freertos.o(i.StartMPU6050Task) refers to cmsis_os2.o(i.osDelay) for osDelay
    freertos.o(i.StartMPU6050Task) refers to kalman.o(i.Angle_Cal) for Angle_Cal
    freertos.o(.constdata) refers to freertos.o(.conststring) for .conststring
    tim.o(i.HAL_TIM_Encoder_MspDeInit) refers to stm32f1xx_hal_gpio.o(i.HAL_GPIO_DeInit) for HAL_GPIO_DeInit
    tim.o(i.HAL_TIM_Encoder_MspDeInit) refers to stm32f1xx_hal_cortex.o(i.HAL_NVIC_DisableIRQ) for HAL_NVIC_DisableIRQ
    tim.o(i.HAL_TIM_Encoder_MspInit) refers to stm32f1xx_hal_gpio.o(i.HAL_GPIO_Init) for HAL_GPIO_Init
    tim.o(i.HAL_TIM_Encoder_MspInit) refers to stm32f1xx_hal_cortex.o(i.HAL_NVIC_SetPriority) for HAL_NVIC_SetPriority
    tim.o(i.HAL_TIM_Encoder_MspInit) refers to stm32f1xx_hal_cortex.o(i.HAL_NVIC_EnableIRQ) for HAL_NVIC_EnableIRQ
    tim.o(i.HAL_TIM_MspPostInit) refers to stm32f1xx_hal_gpio.o(i.HAL_GPIO_Init) for HAL_GPIO_Init
    tim.o(i.HAL_TIM_PWM_MspDeInit) refers to stm32f1xx_hal_gpio.o(i.HAL_GPIO_DeInit) for HAL_GPIO_DeInit
    tim.o(i.HAL_TIM_PWM_MspDeInit) refers to stm32f1xx_hal_cortex.o(i.HAL_NVIC_DisableIRQ) for HAL_NVIC_DisableIRQ
[...]
    prvResetNextTaskUnblockTime              0x080059f1   Thumb Code    26  tasks.o(i.prvResetNextTaskUnblockTime)
    i.prvSampleTimeNow                       0x08005a10   Section        0  timers.o(i.prvSampleTimeNow)
    prvSampleTimeNow                         0x08005a11   Thumb Code    36  timers.o(i.prvSampleTimeNow)
    i.prvSwitchTimerLists                    0x08005a38   Section        0  timers.o(i.prvSwitchTimerLists)
    prvSwitchTimerLists                      0x08005a39   Thumb Code   102  timers.o(i.prvSwitchTimerLists)
    i.prvTaskExitError                       0x08005aa4   Section        0  port.o(i.prvTaskExitError)
    prvTaskExitError                         0x08005aa5   Thumb Code    36  port.o(i.prvTaskExitError)
    i.prvTimerTask                           0x08005acc   Section        0  timers.o(i.prvTimerTask)
    prvTimerTask                             0x08005acd   Thumb Code    32  timers.o(i.prvTimerTask)
    i.prvUnlockQueue                         0x08005af0   Section        0  queue.o(i.prvUnlockQueue)
    prvUnlockQueue                           0x08005af1   Thumb Code   106  queue.o(i.prvUnlockQueue)
    i.pvPortMalloc                           0x08005b5c   Section        0  heap_4.o(i.pvPortMalloc)
    i.pxPortInitialiseStack                  0x08005c34   Section        0  port.o(i.pxPortInitialiseStack)
    i.run_self_test                          0x08005c58   Section        0  inv_mpu.o(i.run_self_test)
    i.set_int_enable                         0x08005cd8   Section        0  inv_mpu.o(i.set_int_enable)
    set_int_enable                           0x08005cd9   Thumb Code    84  inv_mpu.o(i.set_int_enable)
    i.sqrt                                   0x08005d30   Section        0  sqrt.o(i.sqrt)
    i.uxListRemove                           0x08005d7c   Section        0  list.o(i.uxListRemove)
    i.vApplicationGetIdleTaskMemory          0x08005da4   Section        0  cmsis_os2.o(i.vApplicationGetIdleTaskMemory)
    i.vApplicationGetTimerTaskMemory         0x08005db8   Section        0  cmsis_os2.o(i.vApplicationGetTimerTaskMemory)
    i.vListInitialise                        0x08005dd0   Section        0  list.o(i.vListInitialise)
    i.vListInitialiseItem                    0x08005de6   Section        0  list.o(i.vListInitialiseItem)
    i.vListInsert                            0x08005dec   Section        0  list.o(i.vListInsert)
    i.vListInsertEnd                         0x08005e1c   Section        0  list.o(i.vListInsertEnd)
    i.vPortEnterCritical                     0x08005e34   Section        0  port.o(i.vPortEnterCritical)
    i.vPortExitCritical                      0x08005e74   Section        0  port.o(i.vPortExitCritical)
    i.vPortFree                              0x08005e9c   Section        0  heap_4.o(i.vPortFree)
    i.vPortSetupTimerInterrupt               0x08005ef8   Section        0  port.o(i.vPortSetupTimerInterrupt)
    i.vPortValidateInterruptPriority         0x08005f1c   Section        0  port.o(i.vPortValidateInterruptPriority)
    i.vQueueAddToRegistry                    0x08005f70   Section        0  queue.o(i.vQueueAddToRegistry)
    i.vQueueWaitForMessageRestricted         0x08005f98   Section        0  queue.o(i.vQueueWaitForMessageRestricted)
    i.vTaskDelay                             0x08005fdc   Section        0  tasks.o(i.vTaskDelay)
    i.vTaskInternalSetTimeOutState           0x08006028   Section        0  tasks.o(i.vTaskInternalSetTimeOutState)
    i.vTaskMissedYield                       0x08006038   Section        0  tasks.o(i.vTaskMissedYield)
    i.vTaskPlaceOnEventList                  0x08006044   Section        0  tasks.o(i.vTaskPlaceOnEventList)
    i.vTaskPlaceOnEventListRestricted        0x08006074   Section        0  tasks.o(i.vTaskPlaceOnEventListRestricted)
    i.vTaskStartScheduler                    0x080060ac   Section        0  tasks.o(i.vTaskStartScheduler)
    i.vTaskSuspendAll                        0x08006134   Section        0  tasks.o(i.vTaskSuspendAll)
    i.vTaskSwitchContext                     0x08006144   Section        0  tasks.o(i.vTaskSwitchContext)
    i.xPortStartScheduler                    0x080061a8   Section        0  port.o(i.xPortStartScheduler)
    i.xQueueGenericCreateStatic              0x08006250   Section        0  queue.o(i.xQueueGenericCreateStatic)
    i.xQueueGenericReset                     0x080062b8   Section        0  queue.o(i.xQueueGenericReset)
    i.xQueueGenericSend                      0x08006340   Section        0  queue.o(i.xQueueGenericSend)
    i.xQueueGenericSendFromISR               0x080064a0   Section        0  queue.o(i.xQueueGenericSendFromISR)
    i.xQueueReceive                          0x0800655c   Section        0  queue.o(i.xQueueReceive)
    i.xTaskCheckForTimeOut                   0x08006694   Section        0  tasks.o(i.xTaskCheckForTimeOut)
    i.xTaskCreate                            0x08006708   Section        0  tasks.o(i.xTaskCreate)
    i.xTaskCreateStatic                      0x08006762   Section        0  tasks.o(i.xTaskCreateStatic)
    i.xTaskGetSchedulerState                 0x080067b8   Section        0  tasks.o(i.xTaskGetSchedulerState)
    i.xTaskGetTickCount                      0x080067d4   Section        0  tasks.o(i.xTaskGetTickCount)
    i.xTaskIncrementTick                     0x080067e0   Section        0  tasks.o(i.xTaskIncrementTick)
    i.xTaskPriorityDisinherit                0x080068a8   Section        0  tasks.o(i.xTaskPriorityDisinherit)
    i.xTaskRemoveFromEventList               0x08006928   Section        0  tasks.o(i.xTaskRemoveFromEventList)
    i.xTaskResumeAll                         0x08006998   Section        0  tasks.o(i.xTaskResumeAll)
    i.xTimerCreateTimerTask                  0x08006a5c   Section        0  timers.o(i.xTimerCreateTimerTask)
    i.xTimerGenericCommand                   0x08006abc   Section        0  timers.o(i.xTimerGenericCommand)
    .constdata                               0x08006b24   Section       72  freertos.o(.constdata)
    .constdata                               0x08006b6c   Section       16  system_stm32f1xx.o(.constdata)
    .constdata                               0x08006b7c   Section        8  system_stm32f1xx.o(.constdata)
    .constdata                               0x08006b84   Section       27  inv_mpu.o(.constdata)
    .constdata                               0x08006ba0   Section       12  inv_mpu.o(.constdata)
    .constdata                               0x08006bac   Section       40  inv_mpu.o(.constdata)
    .constdata                               0x08006bd4   Section     3062  inv_mpu_dmp_motion_driver.o(.constdata)
    dmp_memory                               0x08006bd4   Data        3062  inv_mpu_dmp_motion_driver.o(.constdata)
    .constdata                               0x080077d0   Section       80  asin.o(.constdata)
    pS                                       0x080077d0   Data          48  asin.o(.constdata)
    qS                                       0x08007800   Data          32  asin.o(.constdata)
    .constdata                               0x08007820   Section      152  atan.o(.constdata)
    atanhi                                   0x08007820   Data          32  atan.o(.constdata)
    atanlo                                   0x08007840   Data          32  atan.o(.constdata)
    aTodd                                    0x08007860   Data          40  atan.o(.constdata)
    aTeven                                   0x08007888   Data          48  atan.o(.constdata)
    .constdata                               0x080078b8   Section        8  qnan.o(.constdata)
    .conststring                             0x080078c0   Section       24  freertos.o(.conststring)
    .conststring                             0x080078d8   Section       77  inv_mpu.o(.conststring)
    .data                                    0x20000000   Section        8  freertos.o(.data)
    .data                                    0x20000008   Section       12  stm32f1xx_hal.o(.data)
    .data                                    0x20000014   Section        4  system_stm32f1xx.o(.data)
    .data                                    0x20000018   Section      164  kalman.o(.data)
    Q_angle                                  0x20000028   Data           4  kalman.o(.data)
    Q_gyro                                   0x2000002c   Data           4  kalman.o(.data)
    R_angle                                  0x20000030   Data           4  kalman.o(.data)
    dt                                       0x20000034   Data           4  kalman.o(.data)
    Q_bias                                   0x20000038   Data           4  kalman.o(.data)
    K_0                                      0x2000003c   Data           4  kalman.o(.data)
    K_1                                      0x20000040   Data           4  kalman.o(.data)
    Q_bias                                   0x20000044   Data           4  kalman.o(.data)
    K_0                                      0x20000048   Data           4  kalman.o(.data)
    K_1                                      0x2000004c   Data           4  kalman.o(.data)
    Q_bias                                   0x20000050   Data           4  kalman.o(.data)
    K_0                                      0x20000054   Data           4  kalman.o(.data)
    K_1                                      0x20000058   Data           4  kalman.o(.data)
    PP                                       0x2000008c   Data          16  kalman.o(.data)
    PP                                       0x2000009c   Data          16  kalman.o(.data)
    PP                                       0x200000ac   Data          16  kalman.o(.data)
    .data                                    0x200000bc   Section       53  inv_mpu.o(.data)
    st                                       0x200000bc   Data          44  inv_mpu.o(.data)
    gyro_orientation                         0x200000e8   Data           9  inv_mpu.o(.data)
    .data                                    0x200000f4   Section       60  tasks.o(.data)
    pxDelayedTaskList                        0x200000f8   Data           4  tasks.o(.data)
    pxOverflowDelayedTaskList                0x200000fc   Data           4  tasks.o(.data)
    uxDeletedTasksWaitingCleanUp             0x20000100   Data           4  tasks.o(.data)
    uxCurrentNumberOfTasks                   0x20000104   Data           4  tasks.o(.data)
    xTickCount                               0x20000108   Data           4  tasks.o(.data)
    uxTopReadyPriority                       0x2000010c   Data           4  tasks.o(.data)
    xSchedulerRunning                        0x20000110   Data           4  tasks.o(.data)
    uxPendedTicks                            0x20000114   Data           4  tasks.o(.data)
    xYieldPending                            0x20000118   Data           4  tasks.o(.data)
    xNumOfOverflows                          0x2000011c   Data           4  tasks.o(.data)
    uxTaskNumber                             0x20000120   Data           4  tasks.o(.data)
    xNextTaskUnblockTime                     0x20000124   Data           4  tasks.o(.data)
    xIdleTaskHandle                          0x20000128   Data           4  tasks.o(.data)
    uxSchedulerSuspended                     0x2000012c   Data           4  tasks.o(.data)
    .data                                    0x20000130   Section       20  timers.o(.data)
    pxCurrentTimerList                       0x20000130   Data           4  timers.o(.data)
    pxOverflowTimerList                      0x20000134   Data           4  timers.o(.data)
    xTimerQueue                              0x20000138   Data           4  timers.o(.data)
    xTimerTaskHandle                         0x2000013c   Data           4  timers.o(.data)
    xLastTime                                0x20000140   Data           4  timers.o(.data)
    .data                                    0x20000144   Section        4  cmsis_os2.o(.data)
    KernelState                              0x20000144   Data           4  cmsis_os2.o(.data)
    .data                                    0x20000148   Section       24  heap_4.o(.data)
    pxEnd                                    0x20000148   Data           4  heap_4.o(.data)
    xFreeBytesRemaining                      0x2000014c   Data           4  heap_4.o(.data)
    xMinimumEverFreeBytesRemaining           0x20000150   Data           4  heap_4.o(.data)
    xBlockAllocatedBit                       0x20000154   Data           4  heap_4.o(.data)
    xStart                                   0x20000158   Data           8  heap_4.o(.data)
    .data                                    0x20000160   Section       12  port.o(.data)
    ucMaxSysCallPriority                     0x20000160   Data           1  port.o(.data)
    uxCriticalNesting                        0x20000164   Data           4  port.o(.data)
    ulMaxPRIGROUPValue                       0x20000168   Data           4  port.o(.data)
    .data                                    0x2000016c   Section        4  stdout.o(.data)
    .data                                    0x20000170   Section        4  errno.o(.data)
    _errno                                   0x20000170   Data           4  errno.o(.data)
    .bss                                     0x20000174   Section      144  tim.o(.bss)
    .bss                                     0x20000204   Section       68  usart.o(.bss)
    .bss                                     0x20000248   Section       72  stm32f1xx_hal_timebase_tim.o(.bss)
    .bss                                     0x20000290   Section       16  inv_mpu_dmp_motion_driver.o(.bss)
    dmp                                      0x20000290   Data          16  inv_mpu_dmp_motion_driver.o(.bss)
    .bss                                     0x200002a0   Section       64  queue.o(.bss)
    .bss                                     0x200002e0   Section     1220  tasks.o(.bss)
    pxReadyTasksLists                        0x200002e0   Data        1120  tasks.o(.bss)
    xDelayedTaskList1                        0x20000740   Data          20  tasks.o(.bss)
    xDelayedTaskList2                        0x20000754   Data          20  tasks.o(.bss)
    xPendingReadyList                        0x20000768   Data          20  tasks.o(.bss)
    xTasksWaitingTermination                 0x2000077c   Data          20  tasks.o(.bss)
    xSuspendedTaskList                       0x20000790   Data          20  tasks.o(.bss)
    .bss                                     0x200007a4   Section      280  timers.o(.bss)
    xActiveTimerList1                        0x200007a4   Data          20  timers.o(.bss)
    xActiveTimerList2                        0x200007b8   Data          20  timers.o(.bss)
    xStaticTimerQueue                        0x200007cc   Data          80  timers.o(.bss)
    ucStaticTimerQueueStorage                0x2000081c   Data         160  timers.o(.bss)
    .bss                                     0x200008bc   Section     1720  cmsis_os2.o(.bss)
    Idle_TCB                                 0x200008bc   Data          92  cmsis_os2.o(.bss)
    Idle_Stack                               0x20000918   Data         512  cmsis_os2.o(.bss)
    Timer_TCB                                0x20000b18   Data          92  cmsis_os2.o(.bss)
    Timer_Stack                              0x20000b74   Data        1024  cmsis_os2.o(.bss)
    .bss                                     0x20000f74   Section     3072  heap_4.o(.bss)
    ucHeap                                   0x20000f74   Data        3072  heap_4.o(.bss)
    STACK                                    0x20001b78   Section     1024  startup_stm32f103x6.o(STACK)

    Global Symbols

    Symbol Name                              Value     Ov Type        Size  Object(Section)

    BuildAttributes$$THM_ISAv4$P$D$K$B$S$PE$A:L22UL41UL21$X:L11$S22US41US21$IEEE1$IW$USESV6$~STKCKD$USESV7$~SHL$OTIME$ROPI$IEEEX$EBA8$MICROLIB$REQ8$PRES8$EABIv2 0x00000000   Number         0  anon$$obj.o ABSOLUTE
    __ARM_use_no_argv                        0x00000000   Number         0  main.o ABSOLUTE
    _printf_a                                0x00000000   Number         0  stubs.o ABSOLUTE
    _printf_c                                0x00000000   Number         0  stubs.o ABSOLUTE
    _printf_charcount                        0x00000000   Number         0  stubs.o ABSOLUTE
    _printf_d                                0x00000000   Number         0  stubs.o ABSOLUTE
    _printf_e                                0x00000000   Number         0  stubs.o ABSOLUTE
    _printf_f                                0x00000000   Number         0  stubs.o ABSOLUTE
    _printf_flags                            0x00000000   Number         0  stubs.o ABSOLUTE
    _printf_fp_dec                           0x00000000   Number         0  stubs.o ABSOLUTE
    _printf_fp_hex                           0x00000000   Number         0  stubs.o ABSOLUTE
    _printf_g                                0x00000000   Number         0  stubs.o ABSOLUTE
    _printf_i                                0x00000000   Number         0  stubs.o ABSOLUTE
    _printf_int_dec                          0x00000000   Number         0  stubs.o ABSOLUTE
    _printf_l                                0x00000000   Number         0  stubs.o ABSOLUTE
    _printf_lc                               0x00000000   Number         0  stubs.o ABSOLUTE
    _printf_ll                               0x00000000   Number         0  stubs.o ABSOLUTE
    _printf_lld                              0x00000000   Number         0  stubs.o ABSOLUTE
    _printf_lli                              0x00000000   Number         0  stubs.o ABSOLUTE
    _printf_llo                              0x00000000   Number         0  stubs.o ABSOLUTE
    _printf_llu                              0x00000000   Number         0  stubs.o ABSOLUTE
    _printf_llx                              0x00000000   Number         0  stubs.o ABSOLUTE
    _printf_longlong_dec                     0x00000000   Number         0  stubs.o ABSOLUTE
    _printf_longlong_hex                     0x00000000   Number         0  stubs.o ABSOLUTE
    _printf_longlong_oct                     0x00000000   Number         0  stubs.o ABSOLUTE
    _printf_ls                               0x00000000   Number         0  stubs.o ABSOLUTE
    _printf_mbtowc                           0x00000000   Number         0  stubs.o ABSOLUTE
    _printf_n                                0x00000000   Number         0  stubs.o ABSOLUTE
    _printf_o                                0x00000000   Number         0  stubs.o ABSOLUTE
    _printf_p                                0x00000000   Number         0  stubs.o ABSOLUTE
    _printf_percent                          0x00000000   Number         0  stubs.o ABSOLUTE
    _printf_pre_padding                      0x00000000   Number         0  stubs.o ABSOLUTE
    _printf_return_value                     0x00000000   Number         0  stubs.o ABSOLUTE
    _printf_s                                0x00000000   Number         0  stubs.o ABSOLUTE
    _printf_sizespec                         0x00000000   Number         0  stubs.o ABSOLUTE
    _printf_str                              0x00000000   Number         0  stubs.o ABSOLUTE
    _printf_truncate_signed                  0x00000000   Number         0  stubs.o ABSOLUTE
    _printf_truncate_unsigned                0x00000000   Number         0  stubs.o ABSOLUTE
    _printf_u                                0x00000000   Number         0  stubs.o ABSOLUTE
    _printf_wc                               0x00000000   Number         0  stubs.o ABSOLUTE
    _printf_wctomb                           0x00000000   Number         0  stubs.o ABSOLUTE
    _printf_widthprec                        0x00000000   Number         0  stubs.o ABSOLUTE
    _printf_x                                0x00000000   Number         0  stubs.o ABSOLUTE
    __cpp_initialize__aeabi_                  - Undefined Weak Reference
    __cxa_finalize                            - Undefined Weak Reference
    _clock_init                               - Undefined Weak Reference
    _microlib_exit                            - Undefined Weak Reference
    __Vectors_Size                           0x000000ec   Number         0  startup_stm32f103x6.o ABSOLUTE
    __Vectors                                0x08000000   Data           4  startup_stm32f103x6.o(RESET)
    __Vectors_End                            0x080000ec   Data           0  startup_stm32f103x6.o(RESET)
    __main                                   0x080000ed   Thumb Code     0  entry.o(.ARM.Collect$$$$00000000)
    _main_stk                                0x080000ed   Thumb Code     0  entry2.o(.ARM.Collect$$$$00000001)
    _main_scatterload                        0x080000f1   Thumb Code     0  entry5.o(.ARM.Collect$$$$00000004)
    __main_after_scatterload                 0x080000f5   Thumb Code     0  entry5.o(.ARM.Collect$$$$00000004)
    _main_clock                              0x080000f5   Thumb Code     0  entry7b.o(.ARM.Collect$$$$00000008)
    _main_cpp_init                           0x080000f5   Thumb Code     0  entry8b.o(.ARM.Collect$$$$0000000A)
    _main_init                               0x080000f5   Thumb Code     0  entry9a.o(.ARM.Collect$$$$0000000B)
    __rt_final_cpp                           0x080000fd   Thumb Code     0  entry10a.o(.ARM.Collect$$$$0000000D)
    __rt_final_exit                          0x080000fd   Thumb Code     0  entry11a.o(.ARM.Collect$$$$0000000F)
    SVC_Handler                              0x08000101   Thumb Code    32  port.o(.emb_text)
    __asm___6_port_c_39a90d8d__prvStartFirstTask 0x08000125   Thumb Code    28  port.o(.emb_text)
    PendSV_Handler                           0x08000145   Thumb Code    72  port.o(.emb_text)
    vPortGetIPSR                             0x08000191   Thumb Code     6  port.o(.emb_text)
    Reset_Handler                            0x08000199   Thumb Code     8  startup_stm32f103x6.o(.text)
    ADC1_2_IRQHandler                        0x080001b3   Thumb Code     0  startup_stm32f103x6.o(.text)
    CAN1_RX1_IRQHandler                      0x080001b3   Thumb Code     0  startup_stm32f103x6.o(.text)
    CAN1_SCE_IRQHandler                      0x080001b3   Thumb Code     0  startup_stm32f103x6.o(.text)
    DMA1_Channel1_IRQHandler                 0x080001b3   Thumb Code     0  startup_stm32f103x6.o(.text)
    DMA1_Channel2_IRQHandler                 0x080001b3   Thumb Code     0  startup_stm32f103x6.o(.text)
    DMA1_Channel3_IRQHandler                 0x080001b3   Thumb Code     0  startup_stm32f103x6.o(.text)
    DMA1_Channel4_IRQHandler                 0x080001b3   Thumb Code     0  startup_stm32f103x6.o(.text)
    DMA1_Channel5_IRQHandler                 0x080001b3   Thumb Code     0  startup_stm32f103x6.o(.text)
    DMA1_Channel6_IRQHandler                 0x080001b3   Thumb Code     0  startup_stm32f103x6.o(.text)
    DMA1_Channel7_IRQHandler                 0x080001b3   Thumb Code     0  startup_stm32f103x6.o(.text)
    EXTI0_IRQHandler                         0x080001b3   Thumb Code     0  startup_stm32f103x6.o(.text)
    EXTI15_10_IRQHandler                     0x080001b3   Thumb Code     0  startup_stm32f103x6.o(.text)
    EXTI1_IRQHandler                         0x080001b3   Thumb Code     0  startup_stm32f103x6.o(.text)
    EXTI2_IRQHandler                         0x080001b3   Thumb Code     0  startup_stm32f103x6.o(.text)
    EXTI3_IRQHandler                         0x080001b3   Thumb Code     0  startup_stm32f103x6.o(.text)
    EXTI4_IRQHandler                         0x080001b3   Thumb Code     0  startup_stm32f103x6.o(.text)
    EXTI9_5_IRQHandler                       0x080001b3   Thumb Code     0  startup_stm32f103x6.o(.text)
    FLASH_IRQHandler                         0x080001b3   Thumb Code     0  startup_stm32f103x6.o(.text)
    I2C1_ER_IRQHandler                       0x080001b3   Thumb Code     0  startup_stm32f103x6.o(.text)
    I2C1_EV_IRQHandler                       0x080001b3   Thumb Code     0  startup_stm32f103x6.o(.text)
    PVD_IRQHandler                           0x080001b3   Thumb Code     0  startup_stm32f103x6.o(.text)
    RCC_IRQHandler                           0x080001b3   Thumb Code     0  startup_stm32f103x6.o(.text)
    RTC_Alarm_IRQHandler                     0x080001b3   Thumb Code     0  startup_stm32f103x6.o(.text)
    RTC_IRQHandler                           0x080001b3   Thumb Code     0  startup_stm32f103x6.o(.text)
    SPI1_IRQHandler                          0x080001b3   Thumb Code     0  startup_stm32f103x6.o(.text)
    TAMPER_IRQHandler                        0x080001b3   Thumb Code     0  startup_stm32f103x6.o(.text)
    TIM1_BRK_IRQHandler                      0x080001b3   Thumb Code     0  startup_stm32f103x6.o(.text)
    TIM1_CC_IRQHandler                       0x080001b3   Thumb Code     0  startup_stm32f103x6.o(.text)
    TIM1_TRG_COM_IRQHandler                  0x080001b3   Thumb Code     0  startup_stm32f103x6.o(.text)
    USART1_IRQHandler                        0x080001b3   Thumb Code     0  startup_stm32f103x6.o(.text)
    USART2_IRQHandler                        0x080001b3   Thumb Code     0  startup_stm32f103x6.o(.text)
    USBWakeUp_IRQHandler                     0x080001b3   Thumb Code     0  startup_stm32f103x6.o(.text)
    USB_HP_CAN1_TX_IRQHandler                0x080001b3   Thumb Code     0  startup_stm32f103x6.o(.text)
    USB_LP_CAN1_RX0_IRQHandler               0x080001b3   Thumb Code     0  startup_stm32f103x6.o(.text)
    WWDG_IRQHandler                          0x080001b3   Thumb Code     0  startup_stm32f103x6.o(.text)
    __aeabi_ldivmod                          0x080001bd   Thumb Code    98  ldiv.o(.text)
    __aeabi_llsr                             0x0800021f   Thumb Code    32  llushr.o(.text)
    _ll_ushift_r                             0x0800021f   Thumb Code     0  llushr.o(.text)
    __aeabi_memcpy                           0x0800023f   Thumb Code    36  memcpya.o(.text)
    __aeabi_memcpy4                          0x0800023f   Thumb Code     0  memcpya.o(.text)
    __aeabi_memcpy8                          0x0800023f   Thumb Code     0  memcpya.o(.text)
    __aeabi_memset                           0x08000263   Thumb Code    14  memseta.o(.text)
    __aeabi_memset4                          0x08000263   Thumb Code     0  memseta.o(.text)
    __aeabi_memset8                          0x08000263   Thumb Code     0  memseta.o(.text)
    __aeabi_memclr                           0x08000271   Thumb Code     4  memseta.o(.text)
    __aeabi_memclr4                          0x08000271   Thumb Code     0  memseta.o(.text)
    __aeabi_memclr8                          0x08000271   Thumb Code     0  memseta.o(.text)
    memset                                   0x08000275   Thumb Code    18  memseta.o(.text)
    memcmp                                   0x08000287   Thumb Code    26  memcmp.o(.text)
    __aeabi_fadd                             0x080002a1   Thumb Code   164  fadd.o(.text)
    __aeabi_fsub                             0x08000345   Thumb Code     6  fadd.o(.text)
    __aeabi_frsub                            0x0800034b   Thumb Code     6  fadd.o(.text)
    __aeabi_fmul                             0x08000351   Thumb Code   100  fmul.o(.text)
    __aeabi_fdiv                             0x080003b5   Thumb Code   124  fdiv.o(.text)
    __ARM_scalbnf                            0x08000431   Thumb Code    24  fscalb.o(.text)
    scalbnf                                  0x08000431   Thumb Code     0  fscalb.o(.text)
    __aeabi_dadd                             0x08000449   Thumb Code   322  dadd.o(.text)
    __aeabi_dsub                             0x0800058b   Thumb Code     6  dadd.o(.text)
    __aeabi_drsub                            0x08000591   Thumb Code     6  dadd.o(.text)
    __aeabi_dmul                             0x08000597   Thumb Code   228  dmul.o(.text)
    __aeabi_ddiv                             0x0800067b   Thumb Code   222  ddiv.o(.text)
    __aeabi_i2f                              0x08000759   Thumb Code    18  fflti.o(.text)
    __aeabi_ui2f                             0x0800076b   Thumb Code    10  ffltui.o(.text)
    __aeabi_i2d                              0x08000775   Thumb Code    34  dflti.o(.text)
    __aeabi_f2iz                             0x08000797   Thumb Code    50  ffixi.o(.text)
    __aeabi_f2uiz                            0x080007c9   Thumb Code    40  ffixui.o(.text)
    __aeabi_f2d                              0x080007f1   Thumb Code    38  f2d.o(.text)
    __aeabi_d2f                              0x08000817   Thumb Code    56  d2f.o(.text)
    __aeabi_uldivmod                         0x0800084f   Thumb Code    98  uldiv.o(.text)
    __aeabi_llsl                             0x080008b1   Thumb Code    30  llshl.o(.text)
    _ll_shift_l                              0x080008b1   Thumb Code     0  llshl.o(.text)
    __aeabi_lasr                             0x080008cf   Thumb Code    36  llsshr.o(.text)
    _ll_sshift_r                             0x080008cf   Thumb Code     0  llsshr.o(.text)
    __I$use$fp                               0x080008f3   Thumb Code     0  iusefp.o(.text)
    _float_round                             0x080008f3   Thumb Code    18  fepilogue.o(.text)
    _float_epilogue                          0x08000905   Thumb Code    92  fepilogue.o(.text)
    _double_round                            0x08000961   Thumb Code    30  depilogue.o(.text)
    _double_epilogue                         0x0800097f   Thumb Code   156  depilogue.o(.text)
    __ARM_scalbn                             0x08000a1b   Thumb Code    46  dscalb.o(.text)
    scalbn                                   0x08000a1b   Thumb Code     0  dscalb.o(.text)
    __scatterload                            0x08000a49   Thumb Code    28  init.o(.text)
    __scatterload_rt2                        0x08000a49   Thumb Code     0  init.o(.text)
    __I$use$semihosting$fputc                0x08000a6d   Thumb Code     0  iusesemip.o(.text)
    __semihosting_library_function           0x08000a6d   Thumb Code     0  semi.o(.text)
    _dsqrt                                   0x08000a6d   Thumb Code   162  dsqrt.o(.text)
    __decompress                             0x08000b0f   Thumb Code     0  __dczerorl2.o(.text)
    __decompress1                            0x08000b0f   Thumb Code    86  __dczerorl2.o(.text)
    Angle_Cal                                0x08000b65   Thumb Code   326  kalman.o(i.Angle_Cal)
    BusFault_Handler                         0x08000cbd   Thumb Code     2  stm32f1xx_it.o(i.BusFault_Handler)
    DebugMon_Handler                         0x08000cbf   Thumb Code     2  stm32f1xx_it.o(i.DebugMon_Handler)
    Error_Handler                            0x08000cc1   Thumb Code     4  main.o(i.Error_Handler)
    HAL_Delay                                0x08000cc5   Thumb Code    32  stm32f1xx_hal.o(i.HAL_Delay)
    HAL_GPIO_Init                            0x08000ce9   Thumb Code   418  stm32f1xx_hal_gpio.o(i.HAL_GPIO_Init)
    HAL_GPIO_ReadPin                         0x08000ea9   Thumb Code    10  stm32f1xx_hal_gpio.o(i.HAL_GPIO_ReadPin)
    HAL_GPIO_TogglePin                       0x08000eb3   Thumb Code    16  stm32f1xx_hal_gpio.o(i.HAL_GPIO_TogglePin)
    HAL_GPIO_WritePin                        0x08000ec3   Thumb Code    10  stm32f1xx_hal_gpio.o(i.HAL_GPIO_WritePin)
    HAL_GetTick                              0x08000ecd   Thumb Code     6  stm32f1xx_hal.o(i.HAL_GetTick)
    HAL_IncTick                              0x08000ed9   Thumb Code    12  stm32f1xx_hal.o(i.HAL_IncTick)
    HAL_Init                                 0x08000ee9   Thumb Code    32  stm32f1xx_hal.o(i.HAL_Init)
    HAL_InitTick                             0x08000f0d   Thumb Code   118  stm32f1xx_hal_timebase_tim.o(i.HAL_InitTick)
    HAL_MspInit                              0x08000f99   Thumb Code    62  stm32f1xx_hal_msp.o(i.HAL_MspInit)
    HAL_NVIC_EnableIRQ                       0x08000fe1   Thumb Code    26  stm32f1xx_hal_cortex.o(i.HAL_NVIC_EnableIRQ)
    HAL_NVIC_SetPriority                     0x08000ffd   Thumb Code    60  stm32f1xx_hal_cortex.o(i.HAL_NVIC_SetPriority)
    HAL_NVIC_SetPriorityGrouping             0x0800103d   Thumb Code    26  stm32f1xx_hal_cortex.o(i.HAL_NVIC_SetPriorityGrouping)
    HAL_RCC_ClockConfig                      0x08001061   Thumb Code   280  stm32f1xx_hal_rcc.o(i.HAL_RCC_ClockConfig)
    HAL_RCC_GetClockConfig                   0x0800118d   Thumb Code    54  stm32f1xx_hal_rcc.o(i.HAL_RCC_GetClockConfig)
    HAL_RCC_GetPCLK1Freq                     0x080011cd   Thumb Code    20  stm32f1xx_hal_rcc.o(i.HAL_RCC_GetPCLK1Freq)
    HAL_RCC_GetPCLK2Freq                     0x080011ed   Thumb Code    20  stm32f1xx_hal_rcc.o(i.HAL_RCC_GetPCLK2Freq)
    HAL_RCC_GetSysClockFreq                  0x0800120d   Thumb Code    74  stm32f1xx_hal_rcc.o(i.HAL_RCC_GetSysClockFreq)
    HAL_RCC_OscConfig                        0x08001279   Thumb Code   778  stm32f1xx_hal_rcc.o(i.HAL_RCC_OscConfig)
    HAL_TIMEx_BreakCallback                  0x08001599   Thumb Code     2  stm32f1xx_hal_tim_ex.o(i.HAL_TIMEx_BreakCallback)
    HAL_TIMEx_CommutCallback                 0x0800159b   Thumb Code     2  stm32f1xx_hal_tim_ex.o(i.HAL_TIMEx_CommutCallback)
    HAL_TIMEx_MasterConfigSynchronization    0x0800159d   Thumb Code    86  stm32f1xx_hal_tim_ex.o(i.HAL_TIMEx_MasterConfigSynchronization)
    HAL_TIM_Base_Init                        0x080015fd   Thumb Code    90  stm32f1xx_hal_tim.o(i.HAL_TIM_Base_Init)
    HAL_TIM_Base_MspInit                     0x08001657   Thumb Code     2  stm32f1xx_hal_tim.o(i.HAL_TIM_Base_MspInit)
    HAL_TIM_Base_Start_IT                    0x08001659   Thumb Code    70  stm32f1xx_hal_tim.o(i.HAL_TIM_Base_Start_IT)
    HAL_TIM_Encoder_Init                     0x080016a9   Thumb Code   164  stm32f1xx_hal_tim.o(i.HAL_TIM_Encoder_Init)
    HAL_TIM_Encoder_MspInit                  0x0800174d   Thumb Code    88  tim.o(i.HAL_TIM_Encoder_MspInit)
    HAL_TIM_IC_CaptureCallback               0x080017b1   Thumb Code     2  stm32f1xx_hal_tim.o(i.HAL_TIM_IC_CaptureCallback)
    HAL_TIM_IRQHandler                       0x080017b3   Thumb Code   358  stm32f1xx_hal_tim.o(i.HAL_TIM_IRQHandler)
    HAL_TIM_MspPostInit                      0x08001919   Thumb Code    62  tim.o(i.HAL_TIM_MspPostInit)
    HAL_TIM_OC_DelayElapsedCallback          0x08001961   Thumb Code     2  stm32f1xx_hal_tim.o(i.HAL_TIM_OC_DelayElapsedCallback)
    HAL_TIM_PWM_ConfigChannel                0x08001963   Thumb Code   198  stm32f1xx_hal_tim.o(i.HAL_TIM_PWM_ConfigChannel)
    HAL_TIM_PWM_Init                         0x08001a29   Thumb Code    90  stm32f1xx_hal_tim.o(i.HAL_TIM_PWM_Init)
    HAL_TIM_PWM_MspInit                      0x08001a85   Thumb Code    88  tim.o(i.HAL_TIM_PWM_MspInit)
    HAL_TIM_PWM_PulseFinishedCallback        0x08001ae5   Thumb Code     2  stm32f1xx_hal_tim.o(i.HAL_TIM_PWM_PulseFinishedCallback)
    HAL_TIM_PeriodElapsedCallback            0x08001ae9   Thumb Code    14  main.o(i.HAL_TIM_PeriodElapsedCallback)
    HAL_TIM_TriggerCallback                  0x08001afd   Thumb Code     2  stm32f1xx_hal_tim.o(i.HAL_TIM_TriggerCallback)
    HAL_UART_Init                            0x08001aff   Thumb Code    98  stm32f1xx_hal_uart.o(i.HAL_UART_Init)
    HAL_UART_MspInit                         0x08001b61   Thumb Code   100  usart.o(i.HAL_UART_MspInit)
    HardFault_Handler                        0x08001bd1   Thumb Code     2  stm32f1xx_it.o(i.HardFault_Handler)
    IIC_Ack                                  0x08001bd5   Thumb Code    66  iic.o(i.IIC_Ack)
    IIC_GPIO_Init                            0x08001c29   Thumb Code    52  iic.o(i.IIC_GPIO_Init)
    IIC_NAck                                 0x08001c65   Thumb Code    52  iic.o(i.IIC_NAck)
    IIC_Read_Byte                            0x08001c9d   Thumb Code    96  iic.o(i.IIC_Read_Byte)
    IIC_Send_Byte                            0x08001d01   Thumb Code    98  iic.o(i.IIC_Send_Byte)
    IIC_Start                                0x08001d69   Thumb Code    64  iic.o(i.IIC_Start)
    IIC_Stop                                 0x08001dad   Thumb Code    46  iic.o(i.IIC_Stop)
    IIC_Wait_Ack                             0x08001de1   Thumb Code    70  iic.o(i.IIC_Wait_Ack)
    Kalman_Cal_Pitch                         0x08001e2d   Thumb Code   262  kalman.o(i.Kalman_Cal_Pitch)
    Kalman_Cal_Roll                          0x08001f39   Thumb Code   262  kalman.o(i.Kalman_Cal_Roll)
    Kalman_Cal_Yaw                           0x08002045   Thumb Code   264  kalman.o(i.Kalman_Cal_Yaw)
    MPU_Get_Accelerometer                    0x08002151   Thumb Code    50  mpu6050.o(i.MPU_Get_Accelerometer)
    MPU_Get_Gyroscope                        0x08002183   Thumb Code    50  mpu6050.o(i.MPU_Get_Gyroscope)
    MPU_Get_Temperature                      0x080021b5   Thumb Code    60  mpu6050.o(i.MPU_Get_Temperature)
    MPU_Init                                 0x08002201   Thumb Code   122  mpu6050.o(i.MPU_Init)
    MPU_Read_Byte                            0x0800227b   Thumb Code    58  mpu6050.o(i.MPU_Read_Byte)
    MPU_Read_Len                             0x080022b5   Thumb Code   108  mpu6050.o(i.MPU_Read_Len)
    MPU_Set_Accel_Fsr                        0x08002321   Thumb Code    10  mpu6050.o(i.MPU_Set_Accel_Fsr)
    MPU_Set_Gyro_Fsr                         0x0800232b   Thumb Code    10  mpu6050.o(i.MPU_Set_Gyro_Fsr)
    MPU_Set_LPF                              0x08002335   Thumb Code    48  mpu6050.o(i.MPU_Set_LPF)
    MPU_Set_Rate                             0x08002365   Thumb Code    46  mpu6050.o(i.MPU_Set_Rate)
    MPU_Write_Byte                           0x08002393   Thumb Code    60  mpu6050.o(i.MPU_Write_Byte)
    MPU_Write_Len                            0x080023cf   Thumb Code    82  mpu6050.o(i.MPU_Write_Len)
    MX_FREERTOS_Init                         0x08002421   Thumb Code    32  freertos.o(i.MX_FREERTOS_Init)
    MX_GPIO_Init                             0x08002451   Thumb Code   160  gpio.o(i.MX_GPIO_Init)
    MX_TIM2_Init                             0x080024fd   Thumb Code   148  tim.o(i.MX_TIM2_Init)
    MX_TIM3_Init                             0x08002595   Thumb Code    98  tim.o(i.MX_TIM3_Init)
    MX_USART1_UART_Init                      0x08002601   Thumb Code    48  usart.o(i.MX_USART1_UART_Init)
    MemManage_Handler                        0x08002639   Thumb Code     2  stm32f1xx_it.o(i.MemManage_Handler)
    NMI_Handler                              0x0800263b   Thumb Code     2  stm32f1xx_it.o(i.NMI_Handler)
    StartDefaultTask                         0x0800263d   Thumb Code    26  freertos.o(i.StartDefaultTask)
    StartMPU6050Task                         0x0800265d   Thumb Code    12  freertos.o(i.StartMPU6050Task)
    SysTick_Handler                          0x08002669   Thumb Code    38  port.o(i.SysTick_Handler)
    SystemClock_Config                       0x08002695   Thumb Code    94  main.o(i.SystemClock_Config)
    SystemInit                               0x080026f3   Thumb Code     2  system_stm32f1xx.o(i.SystemInit)
    TIM1_UP_IRQHandler                       0x080026f5   Thumb Code     6  stm32f1xx_it.o(i.TIM1_UP_IRQHandler)
    TIM2_IRQHandler                          0x08002701   Thumb Code     6  stm32f1xx_it.o(i.TIM2_IRQHandler)
    TIM3_IRQHandler                          0x0800270d   Thumb Code     6  stm32f1xx_it.o(i.TIM3_IRQHandler)
    TIM_Base_SetConfig                       0x08002719   Thumb Code    84  stm32f1xx_hal_tim.o(i.TIM_Base_SetConfig)
    TIM_OC2_SetConfig                        0x080027c5   Thumb Code    84  stm32f1xx_hal_tim.o(i.TIM_OC2_SetConfig)
    UsageFault_Handler                       0x08002971   Thumb Code     2  stm32f1xx_it.o(i.UsageFault_Handler)
    __0printf$8                              0x08002975   Thumb Code    22  printf8.o(i.__0printf$8)
    __1printf$8                              0x08002975   Thumb Code     0  printf8.o(i.__0printf$8)
    __2printf                                0x08002975   Thumb Code     0  printf8.o(i.__0printf$8)
    __ARM_fpclassify                         0x08002995   Thumb Code    40  fpclassify.o(i.__ARM_fpclassify)
    __kernel_poly                            0x080029dd   Thumb Code   170  poly.o(i.__kernel_poly)
    __mathlib_dbl_infnan                     0x08002a87   Thumb Code     6  dunder.o(i.__mathlib_dbl_infnan)
    __mathlib_dbl_infnan2                    0x08002a8d   Thumb Code     4  dunder.o(i.__mathlib_dbl_infnan2)
    __mathlib_dbl_invalid                    0x08002a91   Thumb Code    12  dunder.o(i.__mathlib_dbl_invalid)
    __mathlib_dbl_underflow                  0x08002a9d   Thumb Code    10  dunder.o(i.__mathlib_dbl_underflow)
    __scatterload_copy                       0x08002aad   Thumb Code    14  handlers.o(i.__scatterload_copy)
    __scatterload_null                       0x08002abb   Thumb Code     2  handlers.o(i.__scatterload_null)
    __scatterload_zeroinit                   0x08002abd   Thumb Code    14  handlers.o(i.__scatterload_zeroinit)
    __set_errno                              0x08002acd   Thumb Code     6  errno.o(i.__set_errno)
    asin                                     0x08002fbd   Thumb Code   572  asin.o(i.asin)
    atan                                     0x0800322d   Thumb Code   474  atan.o(i.atan)
    atan2                                    0x0800344d   Thumb Code   346  atan2.o(i.atan2)
    dmp_enable_6x_lp_quat                    0x080035cd   Thumb Code    58  inv_mpu_dmp_motion_driver.o(i.dmp_enable_6x_lp_quat)
    dmp_enable_feature                       0x08003609   Thumb Code   464  inv_mpu_dmp_motion_driver.o(i.dmp_enable_feature)
    dmp_enable_gyro_cal                      0x080037e1   Thumb Code    34  inv_mpu_dmp_motion_driver.o(i.dmp_enable_gyro_cal)
    dmp_enable_lp_quat                       0x0800381d   Thumb Code    58  inv_mpu_dmp_motion_driver.o(i.dmp_enable_lp_quat)
    dmp_load_motion_driver_firmware          0x08003859   Thumb Code    16  inv_mpu_dmp_motion_driver.o(i.dmp_load_motion_driver_firmware)
    dmp_read_fifo                            0x0800386d   Thumb Code   320  inv_mpu_dmp_motion_driver.o(i.dmp_read_fifo)
    dmp_set_accel_bias                       0x080039b1   Thumb Code   210  inv_mpu_dmp_motion_driver.o(i.dmp_set_accel_bias)
    dmp_set_fifo_rate                        0x08003a89   Thumb Code    82  inv_mpu_dmp_motion_driver.o(i.dmp_set_fifo_rate)
    dmp_set_gyro_bias                        0x08003aed   Thumb Code   196  inv_mpu_dmp_motion_driver.o(i.dmp_set_gyro_bias)
    dmp_set_orientation                      0x08003bb9   Thumb Code   246  inv_mpu_dmp_motion_driver.o(i.dmp_set_orientation)
    dmp_set_shake_reject_thresh              0x08003cc5   Thumb Code    48  inv_mpu_dmp_motion_driver.o(i.dmp_set_shake_reject_thresh)
    dmp_set_shake_reject_time                0x08003cf5   Thumb Code    32  inv_mpu_dmp_motion_driver.o(i.dmp_set_shake_reject_time)
    dmp_set_shake_reject_timeout             0x08003d15   Thumb Code    32  inv_mpu_dmp_motion_driver.o(i.dmp_set_shake_reject_timeout)
    dmp_set_tap_axes                         0x08003d35   Thumb Code    64  inv_mpu_dmp_motion_driver.o(i.dmp_set_tap_axes)
    dmp_set_tap_count                        0x08003d75   Thumb Code    34  inv_mpu_dmp_motion_driver.o(i.dmp_set_tap_count)
    dmp_set_tap_thresh                       0x08003d99   Thumb Code   274  inv_mpu_dmp_motion_driver.o(i.dmp_set_tap_thresh)
    dmp_set_tap_time                         0x08003ec1   Thumb Code    32  inv_mpu_dmp_motion_driver.o(i.dmp_set_tap_time)
    dmp_set_tap_time_multi                   0x08003ee1   Thumb Code    32  inv_mpu_dmp_motion_driver.o(i.dmp_set_tap_time_multi)
    fputc                                    0x08003f01   Thumb Code    18  fputc.o(i.fputc)
    inv_orientation_matrix_to_scalar         0x080043a9   Thumb Code    34  inv_mpu.o(i.inv_orientation_matrix_to_scalar)
    inv_row_2_scale                          0x080043cb   Thumb Code    72  inv_mpu.o(i.inv_row_2_scale)
    main                                     0x08004415   Thumb Code    54  main.o(i.main)
    mget_ms                                  0x08004451   Thumb Code     2  inv_mpu.o(i.mget_ms)
    mpu_configure_fifo                       0x08004455   Thumb Code    78  inv_mpu.o(i.mpu_configure_fifo)
    mpu_dmp_get_data                         0x080044a9   Thumb Code   408  inv_mpu.o(i.mpu_dmp_get_data)
    mpu_dmp_init                             0x08004645   Thumb Code   158  inv_mpu.o(i.mpu_dmp_init)
    mpu_get_accel_fsr                        0x080046e9   Thumb Code    54  inv_mpu.o(i.mpu_get_accel_fsr)
    mpu_get_accel_sens                       0x08004725   Thumb Code    62  inv_mpu.o(i.mpu_get_accel_sens)
    mpu_get_gyro_fsr                         0x08004769   Thumb Code    48  inv_mpu.o(i.mpu_get_gyro_fsr)
    mpu_get_gyro_sens                        0x0800479d   Thumb Code    44  inv_mpu.o(i.mpu_get_gyro_sens)
    mpu_get_lpf                              0x080047dd   Thumb Code    52  inv_mpu.o(i.mpu_get_lpf)
    mpu_get_sample_rate                      0x08004815   Thumb Code    22  inv_mpu.o(i.mpu_get_sample_rate)
    mpu_init                                 0x08004831   Thumb Code   310  inv_mpu.o(i.mpu_init)
    mpu_load_firmware                        0x080049b9   Thumb Code   154  inv_mpu.o(i.mpu_load_firmware)
    mpu_lp_accel_mode                        0x08004a59   Thumb Code   178  inv_mpu.o(i.mpu_lp_accel_mode)
    mpu_read_fifo_stream                     0x08004b11   Thumb Code   140  inv_mpu.o(i.mpu_read_fifo_stream)
    mpu_read_mem                             0x08004ba1   Thumb Code    80  inv_mpu.o(i.mpu_read_mem)
    mpu_reset_fifo                           0x08004bf5   Thumb Code   346  inv_mpu.o(i.mpu_reset_fifo)
    mpu_run_self_test                        0x08004d55   Thumb Code   234  inv_mpu.o(i.mpu_run_self_test)
    mpu_set_accel_fsr                        0x08004e45   Thumb Code    98  inv_mpu.o(i.mpu_set_accel_fsr)
    mpu_set_bypass                           0x08004ead   Thumb Code   214  inv_mpu.o(i.mpu_set_bypass)
    mpu_set_dmp_state                        0x08004f89   Thumb Code   114  inv_mpu.o(i.mpu_set_dmp_state)
    mpu_set_gyro_fsr                         0x08005001   Thumb Code   104  inv_mpu.o(i.mpu_set_gyro_fsr)
    mpu_set_int_latched                      0x0800506d   Thumb Code    94  inv_mpu.o(i.mpu_set_int_latched)
    mpu_set_lpf                              0x080050d1   Thumb Code   102  inv_mpu.o(i.mpu_set_lpf)
    mpu_set_sample_rate                      0x0800513d   Thumb Code   124  inv_mpu.o(i.mpu_set_sample_rate)
    mpu_set_sensors                          0x080051bd   Thumb Code   178  inv_mpu.o(i.mpu_set_sensors)
    mpu_write_mem                            0x08005275   Thumb Code    80  inv_mpu.o(i.mpu_write_mem)
    osDelay                                  0x080052c9   Thumb Code    46  cmsis_os2.o(i.osDelay)
    osKernelInitialize                       0x080052fd   Thumb Code    50  cmsis_os2.o(i.osKernelInitialize)
    osKernelStart                            0x08005335   Thumb Code    58  cmsis_os2.o(i.osKernelStart)
    osThreadNew                              0x08005375   Thumb Code   158  cmsis_os2.o(i.osThreadNew)
    pvPortMalloc                             0x08005b5d   Thumb Code   210  heap_4.o(i.pvPortMalloc)
    pxPortInitialiseStack                    0x08005c35   Thumb Code    32  port.o(i.pxPortInitialiseStack)
    run_self_test                            0x08005c59   Thumb Code   128  inv_mpu.o(i.run_self_test)
    sqrt                                     0x08005d31   Thumb Code    76  sqrt.o(i.sqrt)
    uxListRemove                             0x08005d7d   Thumb Code    38  list.o(i.uxListRemove)
    vApplicationGetIdleTaskMemory            0x08005da5   Thumb Code    16  cmsis_os2.o(i.vApplicationGetIdleTaskMemory)
    vApplicationGetTimerTaskMemory           0x08005db9   Thumb Code    18  cmsis_os2.o(i.vApplicationGetTimerTaskMemory)
    vListInitialise                          0x08005dd1   Thumb Code    22  list.o(i.vListInitialise)
    vListInitialiseItem                      0x08005de7   Thumb Code     6  list.o(i.vListInitialiseItem)
    vListInsert                              0x08005ded   Thumb Code    48  list.o(i.vListInsert)
    vListInsertEnd                           0x08005e1d   Thumb Code    24  list.o(i.vListInsertEnd)
    vPortEnterCritical                       0x08005e35   Thumb Code    54  port.o(i.vPortEnterCritical)
    vPortExitCritical                        0x08005e75   Thumb Code    34  port.o(i.vPortExitCritical)
    vPortFree                                0x08005e9d   Thumb Code    88  heap_4.o(i.vPortFree)
    vPortSetupTimerInterrupt                 0x08005ef9   Thumb Code    32  port.o(i.vPortSetupTimerInterrupt)
    vPortValidateInterruptPriority           0x08005f1d   Thumb Code    74  port.o(i.vPortValidateInterruptPriority)
    vQueueAddToRegistry                      0x08005f71   Thumb Code    34  queue.o(i.vQueueAddToRegistry)
    vQueueWaitForMessageRestricted           0x08005f99   Thumb Code    68  queue.o(i.vQueueWaitForMessageRestricted)
    vTaskDelay                               0x08005fdd   Thumb Code    66  tasks.o(i.vTaskDelay)
    vTaskInternalSetTimeOutState             0x08006029   Thumb Code    12  tasks.o(i.vTaskInternalSetTimeOutState)
    vTaskMissedYield                         0x08006039   Thumb Code     8  tasks.o(i.vTaskMissedYield)
    vTaskPlaceOnEventList                    0x08006045   Thumb Code    44  tasks.o(i.vTaskPlaceOnEventList)
    vTaskPlaceOnEventListRestricted          0x08006075   Thumb Code    52  tasks.o(i.vTaskPlaceOnEventListRestricted)
    vTaskStartScheduler                      0x080060ad   Thumb Code   118  tasks.o(i.vTaskStartScheduler)
    vTaskSuspendAll                          0x08006135   Thumb Code    10  tasks.o(i.vTaskSuspendAll)
    vTaskSwitchContext                       0x08006145   Thumb Code    90  tasks.o(i.vTaskSwitchContext)
    xPortStartScheduler                      0x080061a9   Thumb Code   154  port.o(i.xPortStartScheduler)
    xQueueGenericCreateStatic                0x08006251   Thumb Code   102  queue.o(i.xQueueGenericCreateStatic)
    xQueueGenericReset                       0x080062b9   Thumb Code   132  queue.o(i.xQueueGenericReset)
    xQueueGenericSend                        0x08006341   Thumb Code   346  queue.o(i.xQueueGenericSend)
    xQueueGenericSendFromISR                 0x080064a1   Thumb Code   188  queue.o(i.xQueueGenericSendFromISR)
    xQueueReceive                            0x0800655d   Thumb Code   308  queue.o(i.xQueueReceive)
    xTaskCheckForTimeOut                     0x08006695   Thumb Code   112  tasks.o(i.xTaskCheckForTimeOut)
    xTaskCreate                              0x08006709   Thumb Code    90  tasks.o(i.xTaskCreate)
    xTaskCreateStatic                        0x08006763   Thumb Code    86  tasks.o(i.xTaskCreateStatic)
    xTaskGetSchedulerState                   0x080067b9   Thumb Code    22  tasks.o(i.xTaskGetSchedulerState)
    xTaskGetTickCount                        0x080067d5   Thumb Code     6  tasks.o(i.xTaskGetTickCount)
    xTaskIncrementTick                       0x080067e1   Thumb Code   190  tasks.o(i.xTaskIncrementTick)
    xTaskPriorityDisinherit                  0x080068a9   Thumb Code   118  tasks.o(i.xTaskPriorityDisinherit)
    xTaskRemoveFromEventList                 0x08006929   Thumb Code    98  tasks.o(i.xTaskRemoveFromEventList)
    xTaskResumeAll                           0x08006999   Thumb Code   182  tasks.o(i.xTaskResumeAll)
    xTimerCreateTimerTask                    0x08006a5d   Thumb Code    78  timers.o(i.xTimerCreateTimerTask)
    xTimerGenericCommand                     0x08006abd   Thumb Code    98  timers.o(i.xTimerGenericCommand)
    defaultTask_attributes                   0x08006b24   Data          36  freertos.o(.constdata)
    MPU6050Task_attributes                   0x08006b48   Data          36  freertos.o(.constdata)
    AHBPrescTable                            0x08006b6c   Data          16  system_stm32f1xx.o(.constdata)
    APBPrescTable                            0x08006b7c   Data           8  system_stm32f1xx.o(.constdata)
    reg                                      0x08006b84   Data          27  inv_mpu.o(.constdata)
    hw                                       0x08006ba0   Data          12  inv_mpu.o(.constdata)
    test                                     0x08006bac   Data          40  inv_mpu.o(.constdata)
    __mathlib_zero                           0x080078b8   Data           8  qnan.o(.constdata)
    Region$$Table$$Base                      0x08007928   Number         0  anon$$obj.o(Region$$Table)
    Region$$Table$$Limit                     0x08007948   Number         0  anon$$obj.o(Region$$Table)
    defaultTaskHandle                        0x20000000   Data           4  freertos.o(.data)
    MPU6050TaskHandle                        0x20000004   Data           4  freertos.o(.data)
    uwTickFreq                               0x20000008   Data           1  stm32f1xx_hal.o(.data)
    uwTickPrio                               0x2000000c   Data           4  stm32f1xx_hal.o(.data)
    uwTick                                   0x20000010   Data           4  stm32f1xx_hal.o(.data)
    SystemCoreClock                          0x20000014   Data           4  system_stm32f1xx.o(.data)
    temp_ret                                 0x20000018   Data           1  kalman.o(.data)
    a_ret                                    0x20000019   Data           1  kalman.o(.data)
    g_ret                                    0x2000001a   Data           1  kalman.o(.data)
    gx                                       0x2000001c   Data           2  kalman.o(.data)
    gy                                       0x2000001e   Data           2  kalman.o(.data)
    gz                                       0x20000020   Data           2  kalman.o(.data)
    ax                                       0x20000022   Data           2  kalman.o(.data)
    ay                                       0x20000024   Data           2  kalman.o(.data)
    az                                       0x20000026   Data           2  kalman.o(.data)
    accel_x                                  0x2000005c   Data           4  kalman.o(.data)
    accel_y                                  0x20000060   Data           4  kalman.o(.data)
    accel_z                                  0x20000064   Data           4  kalman.o(.data)
    gyro_x                                   0x20000068   Data           4  kalman.o(.data)
    gyro_y                                   0x2000006c   Data           4  kalman.o(.data)
    gyro_z                                   0x20000070   Data           4  kalman.o(.data)
    yaw_raw                                  0x20000074   Data           4  kalman.o(.data)
    yaw_kalman                               0x20000078   Data           4  kalman.o(.data)
    pitch_raw                                0x2000007c   Data           4  kalman.o(.data)
    pitch_kalman                             0x20000080   Data           4  kalman.o(.data)
    roll_raw                                 0x20000084   Data           4  kalman.o(.data)
    roll_kalman                              0x20000088   Data           4  kalman.o(.data)
    pxCurrentTCB                             0x200000f4   Data           4  tasks.o(.data)
    __stdout                                 0x2000016c   Data           4  stdout.o(.data)
    htim2                                    0x20000174   Data          72  tim.o(.bss)
    htim3                                    0x200001bc   Data          72  tim.o(.bss)
    huart1                                   0x20000204   Data          68  usart.o(.bss)
    htim1                                    0x20000248   Data          72  stm32f1xx_hal_timebase_tim.o(.bss)
    xQueueRegistry                           0x200002a0   Data          64  queue.o(.bss)
    __initial_sp                             0x20001f78   Data           0  startup_stm32f103x6.o(STACK)



==============================================================================

Memory Map of the image

  Image Entry point : 0x080000ed

  Load Region LR_IROM1 (Base: 0x08000000, Size: 0x00007abc, Max: 0x00008000, ABSOLUTE, COMPRESSED[0x00007980])

    Execution Region ER_IROM1 (Base: 0x08000000, Size: 0x00007948, Max: 0x00008000, ABSOLUTE)

    Base Addr    Size         Type   Attr      Idx    E Section Name        Object

    0x08000000   0x000000ec   Data   RO            3    RESET               startup_stm32f103x6.o
    0x080000ec   0x00000000   Code   RO         5312  * .ARM.Collect$$$$00000000  mc_w.l(entry.o)
    0x080000ec   0x00000004   Code   RO         5655    .ARM.Collect$$$$00000001  mc_w.l(entry2.o)
    0x080000f0   0x00000004   Code   RO         5658    .ARM.Collect$$$$00000004  mc_w.l(entry5.o)
    0x080000f4   0x00000000   Code   RO         5660    .ARM.Collect$$$$00000008  mc_w.l(entry7b.o)
    0x080000f4   0x00000000   Code   RO         5662    .ARM.Collect$$$$0000000A  mc_w.l(entry8b.o)
    0x080000f4   0x00000008   Code   RO         5663    .ARM.Collect$$$$0000000B  mc_w.l(entry9a.o)
    0x080000fc   0x00000000   Code   RO         5665    .ARM.Collect$$$$0000000D  mc_w.l(entry10a.o)
    0x080000fc   0x00000000   Code   RO         5667    .ARM.Collect$$$$0000000F  mc_w.l(entry11a.o)
    0x080000fc   0x00000004   Code   RO         5656    .ARM.Collect$$$$00002712  mc_w.l(entry2.o)
    0x08000100   0x00000096   Code   RO         5217    .emb_text           port.o
    0x08000196   0x00000002   PAD
    0x08000198   0x00000024   Code   RO            4    .text               startup_stm32f103x6.o
    0x080001bc   0x00000062   Code   RO         5315    .text               mc_w.l(ldiv.o)
    0x0800021e   0x00000020   Code   RO         5317    .text               mc_w.l(llushr.o)
    0x0800023e   0x00000024   Code   RO         5319    .text               mc_w.l(memcpya.o)
    0x08000262   0x00000024   Code   RO         5323    .text               mc_w.l(memseta.o)
    0x08000286   0x0000001a   Code   RO         5325    .text               mc_w.l(memcmp.o)
    0x080002a0   0x000000b0   Code   RO         5590    .text               mf_w.l(fadd.o)
    0x08000350   0x00000064   Code   RO         5592    .text               mf_w.l(fmul.o)
    0x080003b4   0x0000007c   Code   RO         5594    .text               mf_w.l(fdiv.o)
    0x08000430   0x00000018   Code   RO         5596    .text               mf_w.l(fscalb.o)
    0x08000448   0x0000014e   Code   RO         5598    .text               mf_w.l(dadd.o)
    0x08000596   0x000000e4   Code   RO         5600    .text               mf_w.l(dmul.o)
    0x0800067a   0x000000de   Code   RO         5602    .text               mf_w.l(ddiv.o)
    0x08000758   0x00000012   Code   RO         5604    .text               mf_w.l(fflti.o)
    0x0800076a   0x0000000a   Code   RO         5606    .text               mf_w.l(ffltui.o)
    0x08000774   0x00000022   Code   RO         5608    .text               mf_w.l(dflti.o)
    0x08000796   0x00000032   Code   RO         5610    .text               mf_w.l(ffixi.o)
    0x080007c8   0x00000028   Code   RO         5612    .text               mf_w.l(ffixui.o)
    0x080007f0   0x00000026   Code   RO         5614    .text               mf_w.l(f2d.o)
    0x08000816   0x00000038   Code   RO         5616    .text               mf_w.l(d2f.o)
    0x0800084e   0x00000062   Code   RO         5674    .text               mc_w.l(uldiv.o)
    0x080008b0   0x0000001e   Code   RO         5676    .text               mc_w.l(llshl.o)
    0x080008ce   0x00000024   Code   RO         5678    .text               mc_w.l(llsshr.o)
    0x080008f2   0x00000000   Code   RO         5687    .text               mc_w.l(iusefp.o)
    0x080008f2   0x0000006e   Code   RO         5688    .text               mf_w.l(fepilogue.o)
    0x08000960   0x000000ba   Code   RO         5690    .text               mf_w.l(depilogue.o)
    0x08000a1a   0x0000002e   Code   RO         5692    .text               mf_w.l(dscalb.o)
    0x08000a48   0x00000024   Code   RO         5698    .text               mc_w.l(init.o)
    0x08000a6c   0x00000000   Code   RO         5700    .text               mc_w.l(semi.o)
    0x08000a6c   0x00000000   Code   RO         5701    .text               mc_w.l(iusesemip.o)
    0x08000a6c   0x000000a2   Code   RO         5702    .text               mf_w.l(dsqrt.o)
    0x08000b0e   0x00000056   Code   RO         5714    .text               mc_w.l(__dczerorl2.o)
    0x08000b64   0x00000158   Code   RO         3085    i.Angle_Cal         kalman.o
    0x08000cbc   0x00000002   Code   RO          395    i.BusFault_Handler  stm32f1xx_it.o
    0x08000cbe   0x00000002   Code   RO          396    i.DebugMon_Handler  stm32f1xx_it.o
    0x08000cc0   0x00000004   Code   RO           13    i.Error_Handler     main.o
    0x08000cc4   0x00000024   Code   RO          577    i.HAL_Delay         stm32f1xx_hal.o
    0x08000ce8   0x000001c0   Code   RO          885    i.HAL_GPIO_Init     stm32f1xx_hal_gpio.o
    0x08000ea8   0x0000000a   Code   RO          887    i.HAL_GPIO_ReadPin  stm32f1xx_hal_gpio.o
    0x08000eb2   0x00000010   Code   RO          888    i.HAL_GPIO_TogglePin  stm32f1xx_hal_gpio.o
    0x08000ec2   0x0000000a   Code   RO          889    i.HAL_GPIO_WritePin  stm32f1xx_hal_gpio.o
    0x08000ecc   0x0000000c   Code   RO          581    i.HAL_GetTick       stm32f1xx_hal.o
    0x08000ed8   0x00000010   Code   RO          587    i.HAL_IncTick       stm32f1xx_hal.o
    0x08000ee8   0x00000024   Code   RO          588    i.HAL_Init          stm32f1xx_hal.o
    0x08000f0c   0x0000008c   Code   RO          495    i.HAL_InitTick      stm32f1xx_hal_timebase_tim.o
    0x08000f98   0x00000048   Code   RO          471    i.HAL_MspInit       stm32f1xx_hal_msp.o
    0x08000fe0   0x0000001a   Code   RO         1045    i.HAL_NVIC_EnableIRQ  stm32f1xx_hal_cortex.o
    0x08000ffa   0x00000002   PAD
    0x08000ffc   0x00000040   Code   RO         1051    i.HAL_NVIC_SetPriority  stm32f1xx_hal_cortex.o
    0x0800103c   0x00000024   Code   RO         1052    i.HAL_NVIC_SetPriorityGrouping  stm32f1xx_hal_cortex.o
    0x08001060   0x0000012c   Code   RO          745    i.HAL_RCC_ClockConfig  stm32f1xx_hal_rcc.o
    0x0800118c   0x00000040   Code   RO          749    i.HAL_RCC_GetClockConfig  stm32f1xx_hal_rcc.o
    0x080011cc   0x00000020   Code   RO          752    i.HAL_RCC_GetPCLK1Freq  stm32f1xx_hal_rcc.o
    0x080011ec   0x00000020   Code   RO          753    i.HAL_RCC_GetPCLK2Freq  stm32f1xx_hal_rcc.o
    0x0800120c   0x0000006c   Code   RO          754    i.HAL_RCC_GetSysClockFreq  stm32f1xx_hal_rcc.o
    0x08001278   0x00000320   Code   RO          757    i.HAL_RCC_OscConfig  stm32f1xx_hal_rcc.o
    0x08001598   0x00000002   Code   RO         2241    i.HAL_TIMEx_BreakCallback  stm32f1xx_hal_tim_ex.o
    0x0800159a   0x00000002   Code   RO         2242    i.HAL_TIMEx_CommutCallback  stm32f1xx_hal_tim_ex.o
    0x0800159c   0x00000060   Code   RO         2260    i.HAL_TIMEx_MasterConfigSynchronization  stm32f1xx_hal_tim_ex.o
    0x080015fc   0x0000005a   Code   RO         1537    i.HAL_TIM_Base_Init  stm32f1xx_hal_tim.o
    0x08001656   0x00000002   Code   RO         1539    i.HAL_TIM_Base_MspInit  stm32f1xx_hal_tim.o
    0x08001658   0x00000050   Code   RO         1542    i.HAL_TIM_Base_Start_IT  stm32f1xx_hal_tim.o
    0x080016a8   0x000000a4   Code   RO         1558    i.HAL_TIM_Encoder_Init  stm32f1xx_hal_tim.o
    0x0800174c   0x00000064   Code   RO          288    i.HAL_TIM_Encoder_MspInit  tim.o
    0x080017b0   0x00000002   Code   RO         1571    i.HAL_TIM_IC_CaptureCallback  stm32f1xx_hal_tim.o
    0x080017b2   0x00000166   Code   RO         1585    i.HAL_TIM_IRQHandler  stm32f1xx_hal_tim.o
    0x08001918   0x00000048   Code   RO          289    i.HAL_TIM_MspPostInit  tim.o
    0x08001960   0x00000002   Code   RO         1588    i.HAL_TIM_OC_DelayElapsedCallback  stm32f1xx_hal_tim.o
    0x08001962   0x000000c6   Code   RO         1609    i.HAL_TIM_PWM_ConfigChannel  stm32f1xx_hal_tim.o
    0x08001a28   0x0000005a   Code   RO         1612    i.HAL_TIM_PWM_Init  stm32f1xx_hal_tim.o
    0x08001a82   0x00000002   PAD
    0x08001a84   0x00000060   Code   RO          291    i.HAL_TIM_PWM_MspInit  tim.o
    0x08001ae4   0x00000002   Code   RO         1615    i.HAL_TIM_PWM_PulseFinishedCallback  stm32f1xx_hal_tim.o
    0x08001ae6   0x00000002   PAD
    0x08001ae8   0x00000014   Code   RO           14    i.HAL_TIM_PeriodElapsedCallback  main.o
    0x08001afc   0x00000002   Code   RO         1628    i.HAL_TIM_TriggerCallback  stm32f1xx_hal_tim.o
    0x08001afe   0x00000062   Code   RO         2537    i.HAL_UART_Init     stm32f1xx_hal_uart.o
    0x08001b60   0x00000070   Code   RO          354    i.HAL_UART_MspInit  usart.o
    0x08001bd0   0x00000002   Code   RO          397    i.HardFault_Handler  stm32f1xx_it.o
    0x08001bd2   0x00000002   PAD
    0x08001bd4   0x00000048   Code   RO         2903    i.IIC_Ack           iic.o
    0x08001c1c   0x0000000c   Code   RO         2905    i.IIC_Delay         iic.o
    0x08001c28   0x0000003c   Code   RO         2906    i.IIC_GPIO_Init     iic.o
    0x08001c64   0x00000038   Code   RO         2907    i.IIC_NAck          iic.o
    0x08001c9c   0x00000064   Code   RO         2908    i.IIC_Read_Byte     iic.o
    0x08001d00   0x00000068   Code   RO         2909    i.IIC_Send_Byte     iic.o
    0x08001d68   0x00000044   Code   RO         2910    i.IIC_Start         iic.o
    0x08001dac   0x00000034   Code   RO         2911    i.IIC_Stop          iic.o
    0x08001de0   0x0000004c   Code   RO         2912    i.IIC_Wait_Ack      iic.o
    0x08001e2c   0x0000010c   Code   RO         3086    i.Kalman_Cal_Pitch  kalman.o
    0x08001f38   0x0000010c   Code   RO         3087    i.Kalman_Cal_Roll   kalman.o
    0x08002044   0x0000010c   Code   RO         3088    i.Kalman_Cal_Yaw    kalman.o
    0x08002150   0x00000032   Code   RO         2983    i.MPU_Get_Accelerometer  mpu6050.o
    0x08002182   0x00000032   Code   RO         2984    i.MPU_Get_Gyroscope  mpu6050.o
    0x080021b4   0x0000004c   Code   RO         2985    i.MPU_Get_Temperature  mpu6050.o
    0x08002200   0x0000007a   Code   RO         2986    i.MPU_Init          mpu6050.o
    0x0800227a   0x0000003a   Code   RO         2987    i.MPU_Read_Byte     mpu6050.o
    0x080022b4   0x0000006c   Code   RO         2988    i.MPU_Read_Len      mpu6050.o
    0x08002320   0x0000000a   Code   RO         2989    i.MPU_Set_Accel_Fsr  mpu6050.o
    0x0800232a   0x0000000a   Code   RO         2990    i.MPU_Set_Gyro_Fsr  mpu6050.o
    0x08002334   0x00000030   Code   RO         2991    i.MPU_Set_LPF       mpu6050.o
    0x08002364   0x0000002e   Code   RO         2992    i.MPU_Set_Rate      mpu6050.o
    0x08002392   0x0000003c   Code   RO         2993    i.MPU_Write_Byte    mpu6050.o
    0x080023ce   0x00000052   Code   RO         2994    i.MPU_Write_Len     mpu6050.o
    0x08002420   0x00000030   Code   RO          232    i.MX_FREERTOS_Init  freertos.o
    0x08002450   0x000000ac   Code   RO          208    i.MX_GPIO_Init      gpio.o
    0x080024fc   0x00000098   Code   RO          292    i.MX_TIM2_Init      tim.o
    0x08002594   0x0000006c   Code   RO          293    i.MX_TIM3_Init      tim.o
    0x08002600   0x00000038   Code   RO          355    i.MX_USART1_UART_Init  usart.o
    0x08002638   0x00000002   Code   RO          398    i.MemManage_Handler  stm32f1xx_it.o
    0x0800263a   0x00000002   Code   RO          399    i.NMI_Handler       stm32f1xx_it.o
    0x0800263c   0x00000020   Code   RO          233    i.StartDefaultTask  freertos.o
    0x0800265c   0x0000000c   Code   RO          234    i.StartMPU6050Task  freertos.o
    0x08002668   0x0000002c   Code   RO         5218    i.SysTick_Handler   port.o
    0x08002694   0x0000005e   Code   RO           15    i.SystemClock_Config  main.o
    0x080026f2   0x00000002   Code   RO         2866    i.SystemInit        system_stm32f1xx.o
    0x080026f4   0x0000000c   Code   RO          400    i.TIM1_UP_IRQHandler  stm32f1xx_it.o
    0x08002700   0x0000000c   Code   RO          401    i.TIM2_IRQHandler   stm32f1xx_it.o
    0x0800270c   0x0000000c   Code   RO          402    i.TIM3_IRQHandler   stm32f1xx_it.o
    0x08002718   0x0000005c   Code   RO         1630    i.TIM_Base_SetConfig  stm32f1xx_hal_tim.o
    0x08002774   0x00000050   Code   RO         1643    i.TIM_OC1_SetConfig  stm32f1xx_hal_tim.o
    0x080027c4   0x00000058   Code   RO         1644    i.TIM_OC2_SetConfig  stm32f1xx_hal_tim.o
    0x0800281c   0x00000058   Code   RO         1645    i.TIM_OC3_SetConfig  stm32f1xx_hal_tim.o
    0x08002874   0x00000044   Code   RO         1646    i.TIM_OC4_SetConfig  stm32f1xx_hal_tim.o
    0x080028b8   0x000000b8   Code   RO         2563    i.UART_SetConfig    stm32f1xx_hal_uart.o
    0x08002970   0x00000002   Code   RO          403    i.UsageFault_Handler  stm32f1xx_it.o
    0x08002972   0x00000002   PAD
    0x08002974   0x00000020   Code   RO         5536    i.__0printf$8       mc_w.l(printf8.o)
    0x08002994   0x00000028   Code   RO         5642    i.__ARM_fpclassify  m_ws.l(fpclassify.o)
    0x080029bc   0x00000020   Code   RO         1058    i.__NVIC_SetPriority  stm32f1xx_hal_cortex.o
    0x080029dc   0x000000aa   Code   RO         5644    i.__kernel_poly     m_ws.l(poly.o)
    0x08002a86   0x00000006   Code   RO         5629    i.__mathlib_dbl_infnan  m_ws.l(dunder.o)
    0x08002a8c   0x00000004   Code   RO         5630    i.__mathlib_dbl_infnan2  m_ws.l(dunder.o)
    0x08002a90   0x0000000c   Code   RO         5631    i.__mathlib_dbl_invalid  m_ws.l(dunder.o)
    0x08002a9c   0x00000010   Code   RO         5634    i.__mathlib_dbl_underflow  m_ws.l(dunder.o)
    0x08002aac   0x0000000e   Code   RO         5708    i.__scatterload_copy  mc_w.l(handlers.o)
    0x08002aba   0x00000002   Code   RO         5709    i.__scatterload_null  mc_w.l(handlers.o)
    0x08002abc   0x0000000e   Code   RO         5710    i.__scatterload_zeroinit  mc_w.l(handlers.o)
    0x08002aca   0x00000002   PAD
    0x08002acc   0x0000000c   Code   RO         5682    i.__set_errno       mc_w.l(errno.o)
    0x08002ad8   0x00000410   Code   RO         5543    i._printf_core      mc_w.l(printf8.o)
    0x08002ee8   0x00000024   Code   RO         5544    i._printf_post_padding  mc_w.l(printf8.o)
    0x08002f0c   0x0000002e   Code   RO         5545    i._printf_pre_padding  mc_w.l(printf8.o)
    0x08002f3a   0x00000002   PAD
    0x08002f3c   0x00000080   Code   RO         3141    i.accel_self_test   inv_mpu.o
    0x08002fbc   0x00000270   Code   RO         5295    i.asin              m_ws.l(asin.o)
    0x0800322c   0x00000220   Code   RO         5619    i.atan              m_ws.l(atan.o)
    0x0800344c   0x00000180   Code   RO         5305    i.atan2             m_ws.l(atan2.o)
    0x080035cc   0x0000003a   Code   RO         3493    i.dmp_enable_6x_lp_quat  inv_mpu_dmp_motion_driver.o
    0x08003606   0x00000002   PAD
    0x08003608   0x000001d8   Code   RO         3494    i.dmp_enable_feature  inv_mpu_dmp_motion_driver.o
    0x080037e0   0x0000003c   Code   RO         3495    i.dmp_enable_gyro_cal  inv_mpu_dmp_motion_driver.o
    0x0800381c   0x0000003a   Code   RO         3496    i.dmp_enable_lp_quat  inv_mpu_dmp_motion_driver.o
    0x08003856   0x00000002   PAD
    0x08003858   0x00000014   Code   RO         3501    i.dmp_load_motion_driver_firmware  inv_mpu_dmp_motion_driver.o
    0x0800386c   0x00000144   Code   RO         3502    i.dmp_read_fifo     inv_mpu_dmp_motion_driver.o
    0x080039b0   0x000000d8   Code   RO         3505    i.dmp_set_accel_bias  inv_mpu_dmp_motion_driver.o
    0x08003a88   0x00000064   Code   RO         3506    i.dmp_set_fifo_rate  inv_mpu_dmp_motion_driver.o
    0x08003aec   0x000000cc   Code   RO         3507    i.dmp_set_gyro_bias  inv_mpu_dmp_motion_driver.o
    0x08003bb8   0x0000010c   Code   RO         3509    i.dmp_set_orientation  inv_mpu_dmp_motion_driver.o
    0x08003cc4   0x00000030   Code   RO         3512    i.dmp_set_shake_reject_thresh  inv_mpu_dmp_motion_driver.o
    0x08003cf4   0x00000020   Code   RO         3513    i.dmp_set_shake_reject_time  inv_mpu_dmp_motion_driver.o
    0x08003d14   0x00000020   Code   RO         3514    i.dmp_set_shake_reject_timeout  inv_mpu_dmp_motion_driver.o
    0x08003d34   0x00000040   Code   RO         3515    i.dmp_set_tap_axes  inv_mpu_dmp_motion_driver.o
    0x08003d74   0x00000022   Code   RO         3516    i.dmp_set_tap_count  inv_mpu_dmp_motion_driver.o
    0x08003d96   0x00000002   PAD
    0x08003d98   0x00000128   Code   RO         3517    i.dmp_set_tap_thresh  inv_mpu_dmp_motion_driver.o
    0x08003ec0   0x00000020   Code   RO         3518    i.dmp_set_tap_time  inv_mpu_dmp_motion_driver.o
    0x08003ee0   0x00000020   Code   RO         3519    i.dmp_set_tap_time_multi  inv_mpu_dmp_motion_driver.o
    0x08003f00   0x00000012   Code   RO         5669    i.fputc             mc_w.l(fputc.o)
    0x08003f12   0x00000002   PAD
    0x08003f14   0x000000ac   Code   RO         3142    i.get_accel_prod_shift  inv_mpu.o
    0x08003fc0   0x00000314   Code   RO         3143    i.get_st_biases     inv_mpu.o
    0x080042d4   0x000000d4   Code   RO         3144    i.gyro_self_test    inv_mpu.o
    0x080043a8   0x00000022   Code   RO         3145    i.inv_orientation_matrix_to_scalar  inv_mpu.o
    0x080043ca   0x00000048   Code   RO         3146    i.inv_row_2_scale   inv_mpu.o
    0x08004412   0x00000002   PAD
    0x08004414   0x0000003c   Code   RO           16    i.main              main.o
    0x08004450   0x00000002   Code   RO         3147    i.mget_ms           inv_mpu.o
    0x08004452   0x00000002   PAD
    0x08004454   0x00000054   Code   RO         3148    i.mpu_configure_fifo  inv_mpu.o
    0x080044a8   0x0000019c   Code   RO         3149    i.mpu_dmp_get_data  inv_mpu.o
    0x08004644   0x000000a4   Code   RO         3150    i.mpu_dmp_init      inv_mpu.o
    0x080046e8   0x0000003c   Code   RO         3151    i.mpu_get_accel_fsr  inv_mpu.o
    0x08004724   0x00000044   Code   RO         3153    i.mpu_get_accel_sens  inv_mpu.o
    0x08004768   0x00000034   Code   RO         3159    i.mpu_get_gyro_fsr  inv_mpu.o
    0x0800479c   0x00000040   Code   RO         3161    i.mpu_get_gyro_sens  inv_mpu.o
    0x080047dc   0x00000038   Code   RO         3163    i.mpu_get_lpf       inv_mpu.o
    0x08004814   0x0000001c   Code   RO         3165    i.mpu_get_sample_rate  inv_mpu.o
    0x08004830   0x00000188   Code   RO         3167    i.mpu_init          inv_mpu.o
    0x080049b8   0x000000a0   Code   RO         3168    i.mpu_load_firmware  inv_mpu.o
    0x08004a58   0x000000b8   Code   RO         3169    i.mpu_lp_accel_mode  inv_mpu.o
    0x08004b10   0x00000090   Code   RO         3172    i.mpu_read_fifo_stream  inv_mpu.o
    0x08004ba0   0x00000054   Code   RO         3173    i.mpu_read_mem      inv_mpu.o
    0x08004bf4   0x00000160   Code   RO         3176    i.mpu_reset_fifo    inv_mpu.o
    0x08004d54   0x000000f0   Code   RO         3177    i.mpu_run_self_test  inv_mpu.o
    0x08004e44   0x00000068   Code   RO         3179    i.mpu_set_accel_fsr  inv_mpu.o
    0x08004eac   0x000000dc   Code   RO         3180    i.mpu_set_bypass    inv_mpu.o
    0x08004f88   0x00000078   Code   RO         3182    i.mpu_set_dmp_state  inv_mpu.o
    0x08005000   0x0000006c   Code   RO         3183    i.mpu_set_gyro_fsr  inv_mpu.o
    0x0800506c   0x00000064   Code   RO         3184    i.mpu_set_int_latched  inv_mpu.o
    0x080050d0   0x0000006c   Code   RO         3186    i.mpu_set_lpf       inv_mpu.o
    0x0800513c   0x00000080   Code   RO         3187    i.mpu_set_sample_rate  inv_mpu.o
    0x080051bc   0x000000b8   Code   RO         3188    i.mpu_set_sensors   inv_mpu.o
    0x08005274   0x00000054   Code   RO         3189    i.mpu_write_mem     inv_mpu.o
    0x080052c8   0x00000034   Code   RO         4747    i.osDelay           cmsis_os2.o
    0x080052fc   0x00000038   Code   RO         4761    i.osKernelInitialize  cmsis_os2.o
    0x08005334   0x00000040   Code   RO         4764    i.osKernelStart     cmsis_os2.o
    0x08005374   0x000000a4   Code   RO         4798    i.osThreadNew       cmsis_os2.o
    0x08005418   0x0000005c   Code   RO         4243    i.prvAddCurrentTaskToDelayedList  tasks.o
    0x08005474   0x000000d0   Code   RO         4244    i.prvAddNewTaskToReadyList  tasks.o
    0x08005544   0x00000058   Code   RO         4593    i.prvCheckForValidListAndQueue  timers.o
    0x0800559c   0x00000026   Code   RO         3846    i.prvCopyDataFromQueue  queue.o
    0x080055c2   0x0000006c   Code   RO         3847    i.prvCopyDataToQueue  queue.o
    0x0800562e   0x00000034   Code   RO         4245    i.prvDeleteTCB      tasks.o
    0x08005662   0x00000002   PAD
    0x08005664   0x0000004c   Code   RO         5168    i.prvHeapInit       heap_4.o
    0x080056b0   0x00000060   Code   RO         4246    i.prvIdleTask       tasks.o
    0x08005710   0x00000022   Code   RO         3849    i.prvInitialiseNewQueue  queue.o
    0x08005732   0x0000009c   Code   RO         4247    i.prvInitialiseNewTask  tasks.o
    0x080057ce   0x00000002   PAD
    0x080057d0   0x0000004c   Code   RO         5169    i.prvInsertBlockIntoFreeList  heap_4.o
    0x0800581c   0x00000038   Code   RO         4595    i.prvInsertTimerInActiveList  timers.o
    0x08005854   0x0000001c   Code   RO         3850    i.prvIsQueueEmpty   queue.o
    0x08005870   0x000000cc   Code   RO         4596    i.prvProcessReceivedCommands  timers.o
    0x0800593c   0x000000b4   Code   RO         4597    i.prvProcessTimerOrBlockTask  timers.o
    0x080059f0   0x00000020   Code   RO         4249    i.prvResetNextTaskUnblockTime  tasks.o
    0x08005a10   0x00000028   Code   RO         4598    i.prvSampleTimeNow  timers.o
    0x08005a38   0x0000006c   Code   RO         4599    i.prvSwitchTimerLists  timers.o
    0x08005aa4   0x00000028   Code   RO         5219    i.prvTaskExitError  port.o
    0x08005acc   0x00000024   Code   RO         4600    i.prvTimerTask      timers.o
    0x08005af0   0x0000006a   Code   RO         3851    i.prvUnlockQueue    queue.o
    0x08005b5a   0x00000002   PAD
    0x08005b5c   0x000000d8   Code   RO         5170    i.pvPortMalloc      heap_4.o
    0x08005c34   0x00000024   Code   RO         5220    i.pxPortInitialiseStack  port.o
    0x08005c58   0x00000080   Code   RO         3190    i.run_self_test     inv_mpu.o
    0x08005cd8   0x00000058   Code   RO         3191    i.set_int_enable    inv_mpu.o
    0x08005d30   0x0000004c   Code   RO         5648    i.sqrt              m_ws.l(sqrt.o)
    0x08005d7c   0x00000026   Code   RO         3806    i.uxListRemove      list.o
    0x08005da2   0x00000002   PAD
    0x08005da4   0x00000014   Code   RO         4810    i.vApplicationGetIdleTaskMemory  cmsis_os2.o
    0x08005db8   0x00000018   Code   RO         4811    i.vApplicationGetTimerTaskMemory  cmsis_os2.o
    0x08005dd0   0x00000016   Code   RO         3807    i.vListInitialise   list.o
    0x08005de6   0x00000006   Code   RO         3808    i.vListInitialiseItem  list.o
    0x08005dec   0x00000030   Code   RO         3809    i.vListInsert       list.o
    0x08005e1c   0x00000018   Code   RO         3810    i.vListInsertEnd    list.o
    0x08005e34   0x00000040   Code   RO         5222    i.vPortEnterCritical  port.o
    0x08005e74   0x00000028   Code   RO         5223    i.vPortExitCritical  port.o
    0x08005e9c   0x0000005c   Code   RO         5171    i.vPortFree         heap_4.o
    0x08005ef8   0x00000024   Code   RO         5224    i.vPortSetupTimerInterrupt  port.o
    0x08005f1c   0x00000054   Code   RO         5225    i.vPortValidateInterruptPriority  port.o
    0x08005f70   0x00000028   Code   RO         3857    i.vQueueAddToRegistry  queue.o
    0x08005f98   0x00000044   Code   RO         3861    i.vQueueWaitForMessageRestricted  queue.o
    0x08005fdc   0x0000004c   Code   RO         4261    i.vTaskDelay        tasks.o
    0x08006028   0x00000010   Code   RO         4266    i.vTaskInternalSetTimeOutState  tasks.o
    0x08006038   0x0000000c   Code   RO         4267    i.vTaskMissedYield  tasks.o
    0x08006044   0x00000030   Code   RO         4269    i.vTaskPlaceOnEventList  tasks.o
    0x08006074   0x00000038   Code   RO         4270    i.vTaskPlaceOnEventListRestricted  tasks.o
    0x080060ac   0x00000088   Code   RO         4278    i.vTaskStartScheduler  tasks.o
    0x08006134   0x00000010   Code   RO         4280    i.vTaskSuspendAll   tasks.o
    0x08006144   0x00000064   Code   RO         4281    i.vTaskSwitchContext  tasks.o
    0x080061a8   0x000000a8   Code   RO         5226    i.xPortStartScheduler  port.o
    0x08006250   0x00000066   Code   RO         3867    i.xQueueGenericCreateStatic  queue.o
    0x080062b6   0x00000002   PAD
    0x080062b8   0x00000088   Code   RO         3868    i.xQueueGenericReset  queue.o
    0x08006340   0x00000160   Code   RO         3869    i.xQueueGenericSend  queue.o
    0x080064a0   0x000000bc   Code   RO         3870    i.xQueueGenericSendFromISR  queue.o
    0x0800655c   0x00000138   Code   RO         3879    i.xQueueReceive     queue.o
    0x08006694   0x00000074   Code   RO         4282    i.xTaskCheckForTimeOut  tasks.o
    0x08006708   0x0000005a   Code   RO         4283    i.xTaskCreate       tasks.o
    0x08006762   0x00000056   Code   RO         4284    i.xTaskCreateStatic  tasks.o
    0x080067b8   0x0000001c   Code   RO         4288    i.xTaskGetSchedulerState  tasks.o
    0x080067d4   0x0000000c   Code   RO         4289    i.xTaskGetTickCount  tasks.o
    0x080067e0   0x000000c8   Code   RO         4291    i.xTaskIncrementTick  tasks.o
    0x080068a8   0x00000080   Code   RO         4294    i.xTaskPriorityDisinherit  tasks.o
    0x08006928   0x00000070   Code   RO         4296    i.xTaskRemoveFromEventList  tasks.o
    0x08006998   0x000000c4   Code   RO         4297    i.xTaskResumeAll    tasks.o
    0x08006a5c   0x00000060   Code   RO         4607    i.xTimerCreateTimerTask  timers.o
    0x08006abc   0x00000068   Code   RO         4608    i.xTimerGenericCommand  timers.o
    0x08006b24   0x00000048   Data   RO          235    .constdata          freertos.o
    0x08006b6c   0x00000010   Data   RO         2867    .constdata          system_stm32f1xx.o
    0x08006b7c   0x00000008   Data   RO         2868    .constdata          system_stm32f1xx.o
    0x08006b84   0x0000001b   Data   RO         3193    .constdata          inv_mpu.o
    0x08006b9f   0x00000001   PAD
    0x08006ba0   0x0000000c   Data   RO         3194    .constdata          inv_mpu.o
    0x08006bac   0x00000028   Data   RO         3195    .constdata          inv_mpu.o
    0x08006bd4   0x00000bf6   Data   RO         3521    .constdata          inv_mpu_dmp_motion_driver.o
    0x080077ca   0x00000006   PAD
    0x080077d0   0x00000050   Data   RO         5296    .constdata          m_ws.l(asin.o)
    0x08007820   0x00000098   Data   RO         5620    .constdata          m_ws.l(atan.o)
    0x080078b8   0x00000008   Data   RO         5646    .constdata          m_ws.l(qnan.o)
    0x080078c0   0x00000018   Data   RO          236    .conststring        freertos.o
    0x080078d8   0x0000004d   Data   RO         3196    .conststring        inv_mpu.o
    0x08007925   0x00000003   PAD
    0x08007928   0x00000020   Data   RO         5706    Region$$Table       anon$$obj.o


    Execution Region RW_IRAM1 (Base: 0x20000000, Size: 0x00001f78, Max: 0x00002800, ABSOLUTE, COMPRESSED[0x00000038])

    Base Addr    Size         Type   Attr      Idx    E Section Name        Object

    0x20000000   0x00000008   Data   RW          237    .data               freertos.o
    0x20000008   0x0000000c   Data   RW          595    .data               stm32f1xx_hal.o
    0x20000014   0x00000004   Data   RW         2869    .data               system_stm32f1xx.o
    0x20000018   0x000000a4   Data   RW         3089    .data               kalman.o
    0x200000bc   0x00000035   Data   RW         3197    .data               inv_mpu.o
    0x200000f1   0x00000003   PAD
    0x200000f4   0x0000003c   Data   RW         4300    .data               tasks.o
    0x20000130   0x00000014   Data   RW         4616    .data               timers.o
    0x20000144   0x00000004   Data   RW         4813    .data               cmsis_os2.o
    0x20000148   0x00000018   Data   RW         5176    .data               heap_4.o
    0x20000160   0x0000000c   Data   RW         5227    .data               port.o
    0x2000016c   0x00000004   Data   RW         5671    .data               mc_w.l(stdout.o)
    0x20000170   0x00000004   Data   RW         5683    .data               mc_w.l(errno.o)
    0x20000174   0x00000090   Zero   RW          294    .bss                tim.o
    0x20000204   0x00000044   Zero   RW          356    .bss                usart.o
    0x20000248   0x00000048   Zero   RW          498    .bss                stm32f1xx_hal_timebase_tim.o
    0x20000290   0x00000010   Zero   RW         3520    .bss                inv_mpu_dmp_motion_driver.o
    0x200002a0   0x00000040   Zero   RW         3883    .bss                queue.o
    0x200002e0   0x000004c4   Zero   RW         4299    .bss                tasks.o
    0x200007a4   0x00000118   Zero   RW         4615    .bss                timers.o
    0x200008bc   0x000006b8   Zero   RW         4812    .bss                cmsis_os2.o
    0x20000f74   0x00000c00   Zero   RW         5175    .bss                heap_4.o
    0x20001b74   0x00000004   PAD
    0x20001b78   0x00000400   Zero   RW            1    STACK               startup_stm32f103x6.o


==============================================================================

Image component sizes


      Code (inc. data)   RO Data    RW Data    ZI Data      Debug   Object Name

       380         34          0          4       1720      13610   cmsis_os2.o
         0          0          0          0          0      20168   event_groups.o
        92         22         96          8          0       4913   freertos.o
       172         12          0          0          0        951   gpio.o
       460         24          0         24       3072       4415   heap_4.o
       600         44          0          0          0       5219   iic.o
      5324        290        156         53          0      27290   inv_mpu.o
      2350        118       3062          0         16      18214   inv_mpu_dmp_motion_driver.o
      1148         34          0        164          0       3689   kalman.o
       138          0          0          0          0       3190   list.o
       178         12          0          0          0     427920   main.o
       720         16          0          0          0       6855   mpu6050.o
       662         70          0         12          0      10689   port.o
      1512         20          0          0         64      15228   queue.o
        36          8        236          0       1024        800   startup_stm32f103x6.o
       100         18          0         12          0       4834   stm32f1xx_hal.o
       158         14          0          0          0      27834   stm32f1xx_hal_cortex.o
       484         30          0          0          0       3648   stm32f1xx_hal_gpio.o
        72         10          0          0          0        862   stm32f1xx_hal_msp.o
      1336        110          0          0          0       5489   stm32f1xx_hal_rcc.o
      1406         38          0          0          0      11550   stm32f1xx_hal_tim.o
       100         10          0          0          0       2301   stm32f1xx_hal_tim_ex.o
       140         22          0          0         72       1371   stm32f1xx_hal_timebase_tim.o
       282          6          0          0          0       1796   stm32f1xx_hal_uart.o
        48         18          0          0          0       3846   stm32f1xx_it.o
         0          0          0          0          0       8912   stream_buffer.o
         2          0         24          4          0       1107   system_stm32f1xx.o
      2064        170          0         60       1220      21552   tasks.o
       528         44          0          0        144       3558   tim.o
       912         82          0         20        280      25255   timers.o
       168         20          0          0         68       1638   usart.o

    ----------------------------------------------------------------------
     21604       1296       3616        364       7684     688704   Object Totals
         0          0         32          0          0          0   (incl. Generated)
        32          0         10          3          4          0   (incl. Padding)

    ----------------------------------------------------------------------

      Code (inc. data)   RO Data    RW Data    ZI Data      Debug   Library Member Name

       624         52         80          0          0        168   asin.o
       544         70        152          0          0        124   atan.o
       384         38          0          0          0        144   atan2.o
        38          6          0          0          0        272   dunder.o
        40          0          0          0          0         68   fpclassify.o
       170          0          0          0          0         96   poly.o
         0          0          8          0          0          0   qnan.o
        76          0          0          0          0         84   sqrt.o
        86          0          0          0          0          0   __dczerorl2.o
         0          0          0          0          0          0   entry.o
         0          0          0          0          0          0   entry10a.o
         0          0          0          0          0          0   entry11a.o
         8          4          0          0          0          0   entry2.o
         4          0          0          0          0          0   entry5.o
         0          0          0          0          0          0   entry7b.o
         0          0          0          0          0          0   entry8b.o
         8          4          0          0          0          0   entry9a.o
        12          6          0          4          0         68   errno.o
        18          0          0          0          0         80   fputc.o
        30          0          0          0          0          0   handlers.o
        36          8          0          0          0         68   init.o
         0          0          0          0          0          0   iusefp.o
         0          0          0          0          0          0   iusesemip.o
        98          0          0          0          0         84   ldiv.o
        30          0          0          0          0         68   llshl.o
        36          0          0          0          0         68   llsshr.o
        32          0          0          0          0         68   llushr.o
        26          0          0          0          0         80   memcmp.o
        36          0          0          0          0         68   memcpya.o
        36          0          0          0          0        108   memseta.o
      1154         54          0          0          0        352   printf8.o
         0          0          0          0          0          0   semi.o
         0          0          0          4          0          0   stdout.o
        98          0          0          0          0         92   uldiv.o
        56          0          0          0          0         88   d2f.o
       334          0          0          0          0        148   dadd.o
       222          0          0          0          0        100   ddiv.o
       186          0          0          0          0        176   depilogue.o
        34          0          0          0          0         76   dflti.o
       228          0          0          0          0         96   dmul.o
        46          0          0          0          0         80   dscalb.o
       162          0          0          0          0        100   dsqrt.o
        38          0          0          0          0         68   f2d.o
       176          0          0          0          0        140   fadd.o
       124          0          0          0          0         88   fdiv.o
       110          0          0          0          0        168   fepilogue.o
        50          0          0          0          0         68   ffixi.o
        40          0          0          0          0         68   ffixui.o
        18          0          0          0          0         68   fflti.o
        10          0          0          0          0         68   ffltui.o
       100          0          0          0          0         76   fmul.o
        24          0          0          0          0         68   fscalb.o

    ----------------------------------------------------------------------
      5588        242        240          8          0       3904   Library Totals
         6          0          0          0          0          0   (incl. Padding)

    ----------------------------------------------------------------------

      Code (inc. data)   RO Data    RW Data    ZI Data      Debug   Library Name

      1876        166        240          0          0        956   m_ws.l
      1748         76          0          8          0       1204   mc_w.l
      1958          0          0          0          0       1744   mf_w.l

    ----------------------------------------------------------------------
      5588        242        240          8          0       3904   Library Totals

    ----------------------------------------------------------------------

==============================================================================


      Code (inc. data)   RO Data    RW Data    ZI Data      Debug   

     27192       1538       3856        372       7684     679892   Grand Totals
     27192       1538       3856         56       7684     679892   ELF Image Totals (compressed)
     27192       1538       3856         56          0          0   ROM Totals

==============================================================================

    Total RO  Size (Code + RO Data)                31048 (  30.32kB)
    Total RW  Size (RW Data + ZI Data)              8056 (   7.87kB)
    Total ROM Size (Code + RO Data + RW Data)      31104 (  30.38kB)

==============================================================================

