Component: ARM Compiler 5.05 update 1 (build 106) Tool: armlink [4d0efa]

==============================================================================

Section Cross References

    startup_stm32f103x6.o(RESET) refers to startup_stm32f103x6.o(STACK) for __initial_sp
    startup_stm32f103x6.o(RESET) refers to startup_stm32f103x6.o(.text) for Reset_Handler
    startup_stm32f103x6.o(RESET) refers to stm32f1xx_it.o(i.NMI_Handler) for NMI_Handler
    startup_stm32f103x6.o(RESET) refers to stm32f1xx_it.o(i.HardFault_Handler) for HardFault_Handler
    startup_stm32f103x6.o(RESET) refers to stm32f1xx_it.o(i.MemManage_Handler) for MemManage_Handler
    startup_stm32f103x6.o(RESET) refers to stm32f1xx_it.o(i.BusFault_Handler) for BusFault_Handler
    startup_stm32f103x6.o(RESET) refers to stm32f1xx_it.o(i.UsageFault_Handler) for UsageFault_Handler
    startup_stm32f103x6.o(RESET) refers to stm32f1xx_it.o(i.SVC_Handler) for SVC_Handler
    startup_stm32f103x6.o(RESET) refers to stm32f1xx_it.o(i.DebugMon_Handler) for DebugMon_Handler
    startup_stm32f103x6.o(RESET) refers to stm32f1xx_it.o(i.PendSV_Handler) for PendSV_Handler
    startup_stm32f103x6.o(RESET) refers to stm32f1xx_it.o(i.SysTick_Handler) for SysTick_Handler
    startup_stm32f103x6.o(RESET) refers to stm32f1xx_it.o(i.TIM1_UP_IRQHandler) for TIM1_UP_IRQHandler
    startup_stm32f103x6.o(RESET) refers to stm32f1xx_it.o(i.TIM2_IRQHandler) for TIM2_IRQHandler
    startup_stm32f103x6.o(RESET) refers to stm32f1xx_it.o(i.TIM3_IRQHandler) for TIM3_IRQHandler
    startup_stm32f103x6.o(.text) refers to system_stm32f1xx.o(i.SystemInit) for SystemInit
    startup_stm32f103x6.o(.text) refers to entry.o(.ARM.Collect$$$$00000000) for __main
    main.o(i.HAL_TIM_PeriodElapsedCallback) refers to stm32f1xx_hal_gpio.o(i.HAL_GPIO_TogglePin) for HAL_GPIO_TogglePin
    main.o(i.HAL_TIM_PeriodElapsedCallback) refers to tim.o(.bss) for htim1
    main.o(i.SystemClock_Config) refers to memseta.o(.text) for __aeabi_memclr4
    main.o(i.SystemClock_Config) refers to stm32f1xx_hal_rcc.o(i.HAL_RCC_OscConfig) for HAL_RCC_OscConfig
    main.o(i.SystemClock_Config) refers to stm32f1xx_hal_rcc.o(i.HAL_RCC_ClockConfig) for HAL_RCC_ClockConfig
    main.o(i.main) refers to stm32f1xx_hal.o(i.HAL_Init) for HAL_Init
    main.o(i.main) refers to main.o(i.SystemClock_Config) for SystemClock_Config
    main.o(i.main) refers to gpio.o(i.MX_GPIO_Init) for MX_GPIO_Init
    main.o(i.main) refers to tim.o(i.MX_TIM1_Init) for MX_TIM1_Init
    main.o(i.main) refers to tim.o(i.MX_TIM2_Init) for MX_TIM2_Init
    main.o(i.main) refers to tim.o(i.MX_TIM3_Init) for MX_TIM3_Init
    main.o(i.main) refers to usart.o(i.MX_USART1_UART_Init) for MX_USART1_UART_Init
    main.o(i.main) refers to stm32f1xx_hal_tim.o(i.HAL_TIM_Base_Start_IT) for HAL_TIM_Base_Start_IT
    main.o(i.main) refers to mpu6050.o(i.MPU_Init) for MPU_Init
    main.o(i.main) refers to stm32f1xx_hal.o(i.HAL_Delay) for HAL_Delay
    main.o(i.main) refers to kalman.o(i.Angle_Cal) for Angle_Cal
    main.o(i.main) refers to tim.o(.bss) for htim1
    gpio.o(i.MX_GPIO_Init) refers to stm32f1xx_hal_gpio.o(i.HAL_GPIO_WritePin) for HAL_GPIO_WritePin
    gpio.o(i.MX_GPIO_Init) refers to stm32f1xx_hal_gpio.o(i.HAL_GPIO_Init) for HAL_GPIO_Init
    tim.o(i.HAL_TIM_Base_MspDeInit) refers to stm32f1xx_hal_cortex.o(i.HAL_NVIC_DisableIRQ) for HAL_NVIC_DisableIRQ
    tim.o(i.HAL_TIM_Base_MspInit) refers to stm32f1xx_hal_cortex.o(i.HAL_NVIC_SetPriority) for HAL_NVIC_SetPriority
    tim.o(i.HAL_TIM_Base_MspInit) refers to stm32f1xx_hal_cortex.o(i.HAL_NVIC_EnableIRQ) for HAL_NVIC_EnableIRQ
    tim.o(i.HAL_TIM_Encoder_MspDeInit) refers to stm32f1xx_hal_gpio.o(i.HAL_GPIO_DeInit) for HAL_GPIO_DeInit
    tim.o(i.HAL_TIM_Encoder_MspDeInit) refers to stm32f1xx_hal_cortex.o(i.HAL_NVIC_DisableIRQ) for HAL_NVIC_DisableIRQ
    tim.o(i.HAL_TIM_Encoder_MspInit) refers to stm32f1xx_hal_gpio.o(i.HAL_GPIO_Init) for HAL_GPIO_Init
    tim.o(i.HAL_TIM_Encoder_MspInit) refers to stm32f1xx_hal_cortex.o(i.HAL_NVIC_SetPriority) for HAL_NVIC_SetPriority
    tim.o(i.HAL_TIM_Encoder_MspInit) refers to stm32f1xx_hal_cortex.o(i.HAL_NVIC_EnableIRQ) for HAL_NVIC_EnableIRQ
    tim.o(i.HAL_TIM_MspPostInit) refers to stm32f1xx_hal_gpio.o(i.HAL_GPIO_Init) for HAL_GPIO_Init
    tim.o(i.HAL_TIM_PWM_MspDeInit) refers to stm32f1xx_hal_gpio.o(i.HAL_GPIO_DeInit) for HAL_GPIO_DeInit
    tim.o(i.HAL_TIM_PWM_MspDeInit) refers to stm32f1xx_hal_cortex.o(i.HAL_NVIC_DisableIRQ) for HAL_NVIC_DisableIRQ
    tim.o(i.HAL_TIM_PWM_MspInit) refers to stm32f1xx_hal_gpio.o(i.HAL_GPIO_Init) for HAL_GPIO_Init
    tim.o(i.HAL_TIM_PWM_MspInit) refers to stm32f1xx_hal_cortex.o(i.HAL_NVIC_SetPriority) for HAL_NVIC_SetPriority
    tim.o(i.HAL_TIM_PWM_MspInit) refers to stm32f1xx_hal_cortex.o(i.HAL_NVIC_EnableIRQ) for HAL_NVIC_EnableIRQ
    tim.o(i.MX_TIM1_Init) refers to stm32f1xx_hal_tim.o(i.HAL_TIM_Base_Init) for HAL_TIM_Base_Init
    tim.o(i.MX_TIM1_Init) refers to main.o(i.Error_Handler) for Error_Handler
[...]
    ..\\BSP\\kalman.c                        0x00000000   Number         0  kalman.o ABSOLUTE
    ..\\BSP\\mpu6050.c                       0x00000000   Number         0  mpu6050.o ABSOLUTE
    cdcmple.s                                0x00000000   Number         0  cdcmple.o ABSOLUTE
    cdrcmple.s                               0x00000000   Number         0  cdrcmple.o ABSOLUTE
    dc.s                                     0x00000000   Number         0  dc.o ABSOLUTE
    handlers.s                               0x00000000   Number         0  handlers.o ABSOLUTE
    init.s                                   0x00000000   Number         0  init.o ABSOLUTE
    startup_stm32f103x6.s                    0x00000000   Number         0  startup_stm32f103x6.o ABSOLUTE
    RESET                                    0x08000000   Section      236  startup_stm32f103x6.o(RESET)
    .ARM.Collect$$$$00000000                 0x080000ec   Section        0  entry.o(.ARM.Collect$$$$00000000)
    .ARM.Collect$$$$00000001                 0x080000ec   Section        4  entry2.o(.ARM.Collect$$$$00000001)
    .ARM.Collect$$$$00000004                 0x080000f0   Section        4  entry5.o(.ARM.Collect$$$$00000004)
    .ARM.Collect$$$$00000008                 0x080000f4   Section        0  entry7b.o(.ARM.Collect$$$$00000008)
    .ARM.Collect$$$$0000000A                 0x080000f4   Section        0  entry8b.o(.ARM.Collect$$$$0000000A)
    .ARM.Collect$$$$0000000B                 0x080000f4   Section        8  entry9a.o(.ARM.Collect$$$$0000000B)
    .ARM.Collect$$$$0000000D                 0x080000fc   Section        0  entry10a.o(.ARM.Collect$$$$0000000D)
    .ARM.Collect$$$$0000000F                 0x080000fc   Section        0  entry11a.o(.ARM.Collect$$$$0000000F)
    .ARM.Collect$$$$00002712                 0x080000fc   Section        4  entry2.o(.ARM.Collect$$$$00002712)
    __lit__00000000                          0x080000fc   Data           4  entry2.o(.ARM.Collect$$$$00002712)
    .text                                    0x08000100   Section       36  startup_stm32f103x6.o(.text)
    .text                                    0x08000124   Section        0  ldiv.o(.text)
    .text                                    0x08000186   Section        0  llushr.o(.text)
    .text                                    0x080001a6   Section        0  memseta.o(.text)
    .text                                    0x080001ca   Section        0  memcmp.o(.text)
    .text                                    0x080001e4   Section        0  fadd.o(.text)
    .text                                    0x08000294   Section        0  fmul.o(.text)
    .text                                    0x080002f8   Section        0  fdiv.o(.text)
    .text                                    0x08000374   Section        0  fscalb.o(.text)
    .text                                    0x0800038c   Section        0  dadd.o(.text)
    .text                                    0x080004da   Section        0  dmul.o(.text)
    .text                                    0x080005be   Section        0  ddiv.o(.text)
    .text                                    0x0800069c   Section        0  fflti.o(.text)
    .text                                    0x080006ae   Section        0  ffltui.o(.text)
    .text                                    0x080006b8   Section        0  dflti.o(.text)
    .text                                    0x080006da   Section        0  ffixi.o(.text)
    .text                                    0x0800070c   Section        0  ffixui.o(.text)
    .text                                    0x08000734   Section        0  f2d.o(.text)
    .text                                    0x0800075a   Section        0  d2f.o(.text)
    .text                                    0x08000792   Section        0  uldiv.o(.text)
    .text                                    0x080007f4   Section        0  llshl.o(.text)
    .text                                    0x08000812   Section        0  llsshr.o(.text)
    .text                                    0x08000836   Section        0  fepilogue.o(.text)
    .text                                    0x08000836   Section        0  iusefp.o(.text)
    .text                                    0x080008a4   Section        0  depilogue.o(.text)
    .text                                    0x0800095e   Section        0  dscalb.o(.text)
    .text                                    0x0800098c   Section       36  init.o(.text)
    .text                                    0x080009b0   Section        0  semi.o(.text)
    .text                                    0x080009b0   Section        0  dsqrt.o(.text)
    .text                                    0x080009b0   Section        0  iusesemip.o(.text)
    i.Angle_Cal                              0x08000a54   Section        0  kalman.o(i.Angle_Cal)
    i.BusFault_Handler                       0x08000bac   Section        0  stm32f1xx_it.o(i.BusFault_Handler)
    i.DebugMon_Handler                       0x08000bae   Section        0  stm32f1xx_it.o(i.DebugMon_Handler)
    i.Error_Handler                          0x08000bb0   Section        0  main.o(i.Error_Handler)
    i.HAL_Delay                              0x08000bb4   Section        0  stm32f1xx_hal.o(i.HAL_Delay)
    i.HAL_GPIO_Init                          0x08000bd8   Section        0  stm32f1xx_hal_gpio.o(i.HAL_GPIO_Init)
    i.HAL_GPIO_ReadPin                       0x08000d98   Section        0  stm32f1xx_hal_gpio.o(i.HAL_GPIO_ReadPin)
    i.HAL_GPIO_TogglePin                     0x08000da2   Section        0  stm32f1xx_hal_gpio.o(i.HAL_GPIO_TogglePin)
    i.HAL_GPIO_WritePin                      0x08000db2   Section        0  stm32f1xx_hal_gpio.o(i.HAL_GPIO_WritePin)
    i.HAL_GetTick                            0x08000dbc   Section        0  stm32f1xx_hal.o(i.HAL_GetTick)
    i.HAL_IncTick                            0x08000dc8   Section        0  stm32f1xx_hal.o(i.HAL_IncTick)
    i.HAL_Init                               0x08000dd8   Section        0  stm32f1xx_hal.o(i.HAL_Init)
    i.HAL_InitTick                           0x08000dfc   Section        0  stm32f1xx_hal.o(i.HAL_InitTick)
    i.HAL_MspInit                            0x08000e3c   Section        0  stm32f1xx_hal_msp.o(i.HAL_MspInit)
    i.HAL_NVIC_EnableIRQ                     0x08000e78   Section        0  stm32f1xx_hal_cortex.o(i.HAL_NVIC_EnableIRQ)
    i.HAL_NVIC_SetPriority                   0x08000e94   Section        0  stm32f1xx_hal_cortex.o(i.HAL_NVIC_SetPriority)
    i.HAL_NVIC_SetPriorityGrouping           0x08000ed4   Section        0  stm32f1xx_hal_cortex.o(i.HAL_NVIC_SetPriorityGrouping)
    i.HAL_RCC_ClockConfig                    0x08000ef8   Section        0  stm32f1xx_hal_rcc.o(i.HAL_RCC_ClockConfig)
    i.HAL_RCC_GetPCLK1Freq                   0x08001024   Section        0  stm32f1xx_hal_rcc.o(i.HAL_RCC_GetPCLK1Freq)
    i.HAL_RCC_GetPCLK2Freq                   0x08001044   Section        0  stm32f1xx_hal_rcc.o(i.HAL_RCC_GetPCLK2Freq)
    i.HAL_RCC_GetSysClockFreq                0x08001064   Section        0  stm32f1xx_hal_rcc.o(i.HAL_RCC_GetSysClockFreq)
    i.HAL_RCC_OscConfig                      0x080010d0   Section        0  stm32f1xx_hal_rcc.o(i.HAL_RCC_OscConfig)
    i.HAL_SYSTICK_Config                     0x080013f0   Section        0  stm32f1xx_hal_cortex.o(i.HAL_SYSTICK_Config)
    i.HAL_TIMEx_BreakCallback                0x08001418   Section        0  stm32f1xx_hal_tim_ex.o(i.HAL_TIMEx_BreakCallback)
    i.HAL_TIMEx_CommutCallback               0x0800141a   Section        0  stm32f1xx_hal_tim_ex.o(i.HAL_TIMEx_CommutCallback)
    i.HAL_TIMEx_MasterConfigSynchronization  0x0800141c   Section        0  stm32f1xx_hal_tim_ex.o(i.HAL_TIMEx_MasterConfigSynchronization)
    i.HAL_TIM_Base_Init                      0x0800147c   Section        0  stm32f1xx_hal_tim.o(i.HAL_TIM_Base_Init)
    i.HAL_TIM_Base_MspInit                   0x080014d8   Section        0  tim.o(i.HAL_TIM_Base_MspInit)
    i.HAL_TIM_Base_Start_IT                  0x08001514   Section        0  stm32f1xx_hal_tim.o(i.HAL_TIM_Base_Start_IT)
    i.HAL_TIM_ConfigClockSource              0x08001564   Section        0  stm32f1xx_hal_tim.o(i.HAL_TIM_ConfigClockSource)
    i.HAL_TIM_Encoder_Init                   0x0800163a   Section        0  stm32f1xx_hal_tim.o(i.HAL_TIM_Encoder_Init)
    i.HAL_TIM_Encoder_MspInit                0x080016e0   Section        0  tim.o(i.HAL_TIM_Encoder_MspInit)
    i.HAL_TIM_IC_CaptureCallback             0x08001744   Section        0  stm32f1xx_hal_tim.o(i.HAL_TIM_IC_CaptureCallback)
    i.HAL_TIM_IRQHandler                     0x08001746   Section        0  stm32f1xx_hal_tim.o(i.HAL_TIM_IRQHandler)
    i.HAL_TIM_MspPostInit                    0x080018ac   Section        0  tim.o(i.HAL_TIM_MspPostInit)
    i.HAL_TIM_OC_DelayElapsedCallback        0x080018f4   Section        0  stm32f1xx_hal_tim.o(i.HAL_TIM_OC_DelayElapsedCallback)
    i.HAL_TIM_PWM_ConfigChannel              0x080018f6   Section        0  stm32f1xx_hal_tim.o(i.HAL_TIM_PWM_ConfigChannel)
    i.HAL_TIM_PWM_Init                       0x080019bc   Section        0  stm32f1xx_hal_tim.o(i.HAL_TIM_PWM_Init)
    i.HAL_TIM_PWM_MspInit                    0x08001a18   Section        0  tim.o(i.HAL_TIM_PWM_MspInit)
    i.HAL_TIM_PWM_PulseFinishedCallback      0x08001a78   Section        0  stm32f1xx_hal_tim.o(i.HAL_TIM_PWM_PulseFinishedCallback)
    i.HAL_TIM_PeriodElapsedCallback          0x08001a7c   Section        0  main.o(i.HAL_TIM_PeriodElapsedCallback)
    i.HAL_TIM_TriggerCallback                0x08001a98   Section        0  stm32f1xx_hal_tim.o(i.HAL_TIM_TriggerCallback)
    i.HAL_UART_Init                          0x08001a9a   Section        0  stm32f1xx_hal_uart.o(i.HAL_UART_Init)
    i.HAL_UART_MspInit                       0x08001afc   Section        0  usart.o(i.HAL_UART_MspInit)
    i.HardFault_Handler                      0x08001b6c   Section        0  stm32f1xx_it.o(i.HardFault_Handler)
    i.IIC_Ack                                0x08001b70   Section        0  iic.o(i.IIC_Ack)
    i.IIC_Delay                              0x08001bb8   Section        0  iic.o(i.IIC_Delay)
    IIC_Delay                                0x08001bb9   Thumb Code    12  iic.o(i.IIC_Delay)
    i.IIC_GPIO_Init                          0x08001bc4   Section        0  iic.o(i.IIC_GPIO_Init)
    i.IIC_NAck                               0x08001c00   Section        0  iic.o(i.IIC_NAck)
    i.IIC_Read_Byte                          0x08001c38   Section        0  iic.o(i.IIC_Read_Byte)
    i.IIC_Send_Byte                          0x08001c9c   Section        0  iic.o(i.IIC_Send_Byte)
    i.IIC_Start                              0x08001d04   Section        0  iic.o(i.IIC_Start)
    i.IIC_Stop                               0x08001d48   Section        0  iic.o(i.IIC_Stop)
    i.IIC_Wait_Ack                           0x08001d7c   Section        0  iic.o(i.IIC_Wait_Ack)
    i.Kalman_Cal_Pitch                       0x08001dc8   Section        0  kalman.o(i.Kalman_Cal_Pitch)
    i.Kalman_Cal_Roll                        0x08001ed4   Section        0  kalman.o(i.Kalman_Cal_Roll)
    i.Kalman_Cal_Yaw                         0x08001fe0   Section        0  kalman.o(i.Kalman_Cal_Yaw)
    i.MPU_Get_Accelerometer                  0x080020ec   Section        0  mpu6050.o(i.MPU_Get_Accelerometer)
    i.MPU_Get_Gyroscope                      0x0800211e   Section        0  mpu6050.o(i.MPU_Get_Gyroscope)
    i.MPU_Get_Temperature                    0x08002150   Section        0  mpu6050.o(i.MPU_Get_Temperature)
    i.MPU_Init                               0x0800219c   Section        0  mpu6050.o(i.MPU_Init)
    i.MPU_Read_Byte                          0x08002216   Section        0  mpu6050.o(i.MPU_Read_Byte)
    i.MPU_Read_Len                           0x08002250   Section        0  mpu6050.o(i.MPU_Read_Len)
    i.MPU_Set_Accel_Fsr                      0x080022bc   Section        0  mpu6050.o(i.MPU_Set_Accel_Fsr)
    i.MPU_Set_Gyro_Fsr                       0x080022c6   Section        0  mpu6050.o(i.MPU_Set_Gyro_Fsr)
    i.MPU_Set_LPF                            0x080022d0   Section        0  mpu6050.o(i.MPU_Set_LPF)
    i.MPU_Set_Rate                           0x08002300   Section        0  mpu6050.o(i.MPU_Set_Rate)
    i.MPU_Write_Byte                         0x0800232e   Section        0  mpu6050.o(i.MPU_Write_Byte)
    i.MPU_Write_Len                          0x0800236a   Section        0  mpu6050.o(i.MPU_Write_Len)
    i.MX_GPIO_Init                           0x080023bc   Section        0  gpio.o(i.MX_GPIO_Init)
    i.MX_TIM1_Init                           0x08002468   Section        0  tim.o(i.MX_TIM1_Init)
    i.MX_TIM2_Init                           0x080024d4   Section        0  tim.o(i.MX_TIM2_Init)
    i.MX_TIM3_Init                           0x0800256c   Section        0  tim.o(i.MX_TIM3_Init)
    i.MX_USART1_UART_Init                    0x080025d8   Section        0  usart.o(i.MX_USART1_UART_Init)
    i.MemManage_Handler                      0x08002610   Section        0  stm32f1xx_it.o(i.MemManage_Handler)
    i.NMI_Handler                            0x08002612   Section        0  stm32f1xx_it.o(i.NMI_Handler)
    i.PendSV_Handler                         0x08002614   Section        0  stm32f1xx_it.o(i.PendSV_Handler)
    i.SVC_Handler                            0x08002616   Section        0  stm32f1xx_it.o(i.SVC_Handler)
    i.SysTick_Handler                        0x08002618   Section        0  stm32f1xx_it.o(i.SysTick_Handler)
    i.SystemClock_Config                     0x0800261c   Section        0  main.o(i.SystemClock_Config)
    i.SystemInit                             0x0800267a   Section        0  system_stm32f1xx.o(i.SystemInit)
    i.TIM1_UP_IRQHandler                     0x0800267c   Section        0  stm32f1xx_it.o(i.TIM1_UP_IRQHandler)
    i.TIM2_IRQHandler                        0x08002688   Section        0  stm32f1xx_it.o(i.TIM2_IRQHandler)
    i.TIM3_IRQHandler                        0x08002694   Section        0  stm32f1xx_it.o(i.TIM3_IRQHandler)
    i.TIM_Base_SetConfig                     0x080026a0   Section        0  stm32f1xx_hal_tim.o(i.TIM_Base_SetConfig)
    i.TIM_ETR_SetConfig                      0x080026fc   Section        0  stm32f1xx_hal_tim.o(i.TIM_ETR_SetConfig)
    i.TIM_ITRx_SetConfig                     0x08002710   Section        0  stm32f1xx_hal_tim.o(i.TIM_ITRx_SetConfig)
    TIM_ITRx_SetConfig                       0x08002711   Thumb Code    16  stm32f1xx_hal_tim.o(i.TIM_ITRx_SetConfig)
    i.TIM_OC1_SetConfig                      0x08002720   Section        0  stm32f1xx_hal_tim.o(i.TIM_OC1_SetConfig)
    TIM_OC1_SetConfig                        0x08002721   Thumb Code    74  stm32f1xx_hal_tim.o(i.TIM_OC1_SetConfig)
    i.TIM_OC2_SetConfig                      0x08002770   Section        0  stm32f1xx_hal_tim.o(i.TIM_OC2_SetConfig)
    i.TIM_OC3_SetConfig                      0x080027c8   Section        0  stm32f1xx_hal_tim.o(i.TIM_OC3_SetConfig)
    TIM_OC3_SetConfig                        0x080027c9   Thumb Code    82  stm32f1xx_hal_tim.o(i.TIM_OC3_SetConfig)
    i.TIM_OC4_SetConfig                      0x08002820   Section        0  stm32f1xx_hal_tim.o(i.TIM_OC4_SetConfig)
    TIM_OC4_SetConfig                        0x08002821   Thumb Code    64  stm32f1xx_hal_tim.o(i.TIM_OC4_SetConfig)
    i.TIM_TI1_ConfigInputStage               0x08002864   Section        0  stm32f1xx_hal_tim.o(i.TIM_TI1_ConfigInputStage)
    TIM_TI1_ConfigInputStage                 0x08002865   Thumb Code    34  stm32f1xx_hal_tim.o(i.TIM_TI1_ConfigInputStage)
    i.TIM_TI2_ConfigInputStage               0x08002886   Section        0  stm32f1xx_hal_tim.o(i.TIM_TI2_ConfigInputStage)
    TIM_TI2_ConfigInputStage                 0x08002887   Thumb Code    36  stm32f1xx_hal_tim.o(i.TIM_TI2_ConfigInputStage)
    i.UART_SetConfig                         0x080028ac   Section        0  stm32f1xx_hal_uart.o(i.UART_SetConfig)
    UART_SetConfig                           0x080028ad   Thumb Code   178  stm32f1xx_hal_uart.o(i.UART_SetConfig)
    i.UsageFault_Handler                     0x08002964   Section        0  stm32f1xx_it.o(i.UsageFault_Handler)
    i.__0printf$8                            0x08002968   Section        0  printf8.o(i.__0printf$8)
    i.__ARM_fpclassify                       0x08002988   Section        0  fpclassify.o(i.__ARM_fpclassify)
    i.__NVIC_SetPriority                     0x080029b0   Section        0  stm32f1xx_hal_cortex.o(i.__NVIC_SetPriority)
    __NVIC_SetPriority                       0x080029b1   Thumb Code    32  stm32f1xx_hal_cortex.o(i.__NVIC_SetPriority)
    i.__kernel_poly                          0x080029d0   Section        0  poly.o(i.__kernel_poly)
    i.__mathlib_dbl_infnan                   0x08002a7a   Section        0  dunder.o(i.__mathlib_dbl_infnan)
    i.__mathlib_dbl_infnan2                  0x08002a80   Section        0  dunder.o(i.__mathlib_dbl_infnan2)
    i.__mathlib_dbl_invalid                  0x08002a84   Section        0  dunder.o(i.__mathlib_dbl_invalid)
    i.__mathlib_dbl_underflow                0x08002a90   Section        0  dunder.o(i.__mathlib_dbl_underflow)
    i.__scatterload_copy                     0x08002aa0   Section       14  handlers.o(i.__scatterload_copy)
    i.__scatterload_null                     0x08002aae   Section        2  handlers.o(i.__scatterload_null)
    i.__scatterload_zeroinit                 0x08002ab0   Section       14  handlers.o(i.__scatterload_zeroinit)
    i.__set_errno                            0x08002ac0   Section        0  errno.o(i.__set_errno)
    i._printf_core                           0x08002acc   Section        0  printf8.o(i._printf_core)
    _printf_core                             0x08002acd   Thumb Code   996  printf8.o(i._printf_core)
    i._printf_post_padding                   0x08002edc   Section        0  printf8.o(i._printf_post_padding)
    _printf_post_padding                     0x08002edd   Thumb Code    36  printf8.o(i._printf_post_padding)
    i._printf_pre_padding                    0x08002f00   Section        0  printf8.o(i._printf_pre_padding)
    _printf_pre_padding                      0x08002f01   Thumb Code    46  printf8.o(i._printf_pre_padding)
    i.accel_self_test                        0x08002f30   Section        0  inv_mpu.o(i.accel_self_test)
    accel_self_test                          0x08002f31   Thumb Code   114  inv_mpu.o(i.accel_self_test)
    i.asin                                   0x08002fb0   Section        0  asin.o(i.asin)
    i.atan                                   0x08003220   Section        0  atan.o(i.atan)
    i.atan2                                  0x08003440   Section        0  atan2.o(i.atan2)
    i.dmp_enable_6x_lp_quat                  0x080035c0   Section        0  inv_mpu_dmp_motion_driver.o(i.dmp_enable_6x_lp_quat)
    i.dmp_enable_feature                     0x080035fc   Section        0  inv_mpu_dmp_motion_driver.o(i.dmp_enable_feature)
    i.dmp_enable_gyro_cal                    0x080037d4   Section        0  inv_mpu_dmp_motion_driver.o(i.dmp_enable_gyro_cal)
    i.dmp_enable_lp_quat                     0x08003810   Section        0  inv_mpu_dmp_motion_driver.o(i.dmp_enable_lp_quat)
    i.dmp_load_motion_driver_firmware        0x0800384c   Section        0  inv_mpu_dmp_motion_driver.o(i.dmp_load_motion_driver_firmware)
    i.dmp_read_fifo                          0x08003860   Section        0  inv_mpu_dmp_motion_driver.o(i.dmp_read_fifo)
    i.dmp_set_accel_bias                     0x080039a4   Section        0  inv_mpu_dmp_motion_driver.o(i.dmp_set_accel_bias)
    i.dmp_set_fifo_rate                      0x08003a7c   Section        0  inv_mpu_dmp_motion_driver.o(i.dmp_set_fifo_rate)
    i.dmp_set_gyro_bias                      0x08003ae0   Section        0  inv_mpu_dmp_motion_driver.o(i.dmp_set_gyro_bias)
    i.dmp_set_orientation                    0x08003bac   Section        0  inv_mpu_dmp_motion_driver.o(i.dmp_set_orientation)
    i.dmp_set_shake_reject_thresh            0x08003cb8   Section        0  inv_mpu_dmp_motion_driver.o(i.dmp_set_shake_reject_thresh)
    i.dmp_set_shake_reject_time              0x08003ce8   Section        0  inv_mpu_dmp_motion_driver.o(i.dmp_set_shake_reject_time)
    i.dmp_set_shake_reject_timeout           0x08003d08   Section        0  inv_mpu_dmp_motion_driver.o(i.dmp_set_shake_reject_timeout)
    i.dmp_set_tap_axes                       0x08003d28   Section        0  inv_mpu_dmp_motion_driver.o(i.dmp_set_tap_axes)
    i.dmp_set_tap_count                      0x08003d68   Section        0  inv_mpu_dmp_motion_driver.o(i.dmp_set_tap_count)
    i.dmp_set_tap_thresh                     0x08003d8c   Section        0  inv_mpu_dmp_motion_driver.o(i.dmp_set_tap_thresh)
    i.dmp_set_tap_time                       0x08003eb4   Section        0  inv_mpu_dmp_motion_driver.o(i.dmp_set_tap_time)
    i.dmp_set_tap_time_multi                 0x08003ed4   Section        0  inv_mpu_dmp_motion_driver.o(i.dmp_set_tap_time_multi)
    i.fputc                                  0x08003ef4   Section        0  fputc.o(i.fputc)
    i.get_accel_prod_shift                   0x08003f08   Section        0  inv_mpu.o(i.get_accel_prod_shift)
    get_accel_prod_shift                     0x08003f09   Thumb Code   158  inv_mpu.o(i.get_accel_prod_shift)
    i.get_st_biases                          0x08003fb4   Section        0  inv_mpu.o(i.get_st_biases)
    get_st_biases                            0x08003fb5   Thumb Code   784  inv_mpu.o(i.get_st_biases)
    i.gyro_self_test                         0x080042c8   Section        0  inv_mpu.o(i.gyro_self_test)
    gyro_self_test                           0x080042c9   Thumb Code   190  inv_mpu.o(i.gyro_self_test)
    i.inv_orientation_matrix_to_scalar       0x0800439c   Section        0  inv_mpu.o(i.inv_orientation_matrix_to_scalar)
    i.inv_row_2_scale                        0x080043be   Section        0  inv_mpu.o(i.inv_row_2_scale)
    i.main                                   0x08004408   Section        0  main.o(i.main)
    i.mget_ms                                0x08004448   Section        0  inv_mpu.o(i.mget_ms)
    i.mpu_configure_fifo                     0x0800444c   Section        0  inv_mpu.o(i.mpu_configure_fifo)
    i.mpu_dmp_get_data                       0x080044a0   Section        0  inv_mpu.o(i.mpu_dmp_get_data)
    i.mpu_dmp_init                           0x0800463c   Section        0  inv_mpu.o(i.mpu_dmp_init)
    i.mpu_get_accel_fsr                      0x080046e0   Section        0  inv_mpu.o(i.mpu_get_accel_fsr)
    i.mpu_get_accel_sens                     0x0800471c   Section        0  inv_mpu.o(i.mpu_get_accel_sens)
    i.mpu_get_gyro_fsr                       0x08004760   Section        0  inv_mpu.o(i.mpu_get_gyro_fsr)
    i.mpu_get_gyro_sens                      0x08004794   Section        0  inv_mpu.o(i.mpu_get_gyro_sens)
    i.mpu_get_lpf                            0x080047d4   Section        0  inv_mpu.o(i.mpu_get_lpf)
    i.mpu_get_sample_rate                    0x0800480c   Section        0  inv_mpu.o(i.mpu_get_sample_rate)
    i.mpu_init                               0x08004828   Section        0  inv_mpu.o(i.mpu_init)
    i.mpu_load_firmware                      0x080049b0   Section        0  inv_mpu.o(i.mpu_load_firmware)
    i.mpu_lp_accel_mode                      0x08004a50   Section        0  inv_mpu.o(i.mpu_lp_accel_mode)
    i.mpu_read_fifo_stream                   0x08004b08   Section        0  inv_mpu.o(i.mpu_read_fifo_stream)
    i.mpu_read_mem                           0x08004b98   Section        0  inv_mpu.o(i.mpu_read_mem)
    i.mpu_reset_fifo                         0x08004bec   Section        0  inv_mpu.o(i.mpu_reset_fifo)
    i.mpu_run_self_test                      0x08004d4c   Section        0  inv_mpu.o(i.mpu_run_self_test)
    i.mpu_set_accel_fsr                      0x08004e3c   Section        0  inv_mpu.o(i.mpu_set_accel_fsr)
    i.mpu_set_bypass                         0x08004ea4   Section        0  inv_mpu.o(i.mpu_set_bypass)
    i.mpu_set_dmp_state                      0x08004f80   Section        0  inv_mpu.o(i.mpu_set_dmp_state)
    i.mpu_set_gyro_fsr                       0x08004ff8   Section        0  inv_mpu.o(i.mpu_set_gyro_fsr)
    i.mpu_set_int_latched                    0x08005064   Section        0  inv_mpu.o(i.mpu_set_int_latched)
    i.mpu_set_lpf                            0x080050c8   Section        0  inv_mpu.o(i.mpu_set_lpf)
    i.mpu_set_sample_rate                    0x08005134   Section        0  inv_mpu.o(i.mpu_set_sample_rate)
    i.mpu_set_sensors                        0x080051b4   Section        0  inv_mpu.o(i.mpu_set_sensors)
    i.mpu_write_mem                          0x0800526c   Section        0  inv_mpu.o(i.mpu_write_mem)
    i.run_self_test                          0x080052c0   Section        0  inv_mpu.o(i.run_self_test)
    i.set_int_enable                         0x08005340   Section        0  inv_mpu.o(i.set_int_enable)
    set_int_enable                           0x08005341   Thumb Code    84  inv_mpu.o(i.set_int_enable)
    i.sqrt                                   0x08005398   Section        0  sqrt.o(i.sqrt)
    .constdata                               0x080053e4   Section       16  system_stm32f1xx.o(.constdata)
    .constdata                               0x080053f4   Section        8  system_stm32f1xx.o(.constdata)
    .constdata                               0x080053fc   Section       27  inv_mpu.o(.constdata)
    .constdata                               0x08005418   Section       12  inv_mpu.o(.constdata)
    .constdata                               0x08005424   Section       40  inv_mpu.o(.constdata)
    .constdata                               0x0800544c   Section     3062  inv_mpu_dmp_motion_driver.o(.constdata)
    dmp_memory                               0x0800544c   Data        3062  inv_mpu_dmp_motion_driver.o(.constdata)
    .constdata                               0x08006048   Section       80  asin.o(.constdata)
    pS                                       0x08006048   Data          48  asin.o(.constdata)
    qS                                       0x08006078   Data          32  asin.o(.constdata)
    .constdata                               0x08006098   Section      152  atan.o(.constdata)
    atanhi                                   0x08006098   Data          32  atan.o(.constdata)
    atanlo                                   0x080060b8   Data          32  atan.o(.constdata)
    aTodd                                    0x080060d8   Data          40  atan.o(.constdata)
    aTeven                                   0x08006100   Data          48  atan.o(.constdata)
    .constdata                               0x08006130   Section        8  qnan.o(.constdata)
    .conststring                             0x08006138   Section       77  inv_mpu.o(.conststring)
    .data                                    0x20000000   Section       12  stm32f1xx_hal.o(.data)
    .data                                    0x2000000c   Section        4  system_stm32f1xx.o(.data)
    .data                                    0x20000010   Section      164  kalman.o(.data)
    Q_angle                                  0x20000020   Data           4  kalman.o(.data)
    Q_gyro                                   0x20000024   Data           4  kalman.o(.data)
    R_angle                                  0x20000028   Data           4  kalman.o(.data)
    dt                                       0x2000002c   Data           4  kalman.o(.data)
    Q_bias                                   0x20000030   Data           4  kalman.o(.data)
    K_0                                      0x20000034   Data           4  kalman.o(.data)
    K_1                                      0x20000038   Data           4  kalman.o(.data)
    Q_bias                                   0x2000003c   Data           4  kalman.o(.data)
    K_0                                      0x20000040   Data           4  kalman.o(.data)
    K_1                                      0x20000044   Data           4  kalman.o(.data)
    Q_bias                                   0x20000048   Data           4  kalman.o(.data)
    K_0                                      0x2000004c   Data           4  kalman.o(.data)
    K_1                                      0x20000050   Data           4  kalman.o(.data)
    PP                                       0x20000084   Data          16  kalman.o(.data)
    PP                                       0x20000094   Data          16  kalman.o(.data)
    PP                                       0x200000a4   Data          16  kalman.o(.data)
    .data                                    0x200000b4   Section       53  inv_mpu.o(.data)
    st                                       0x200000b4   Data          44  inv_mpu.o(.data)
    gyro_orientation                         0x200000e0   Data           9  inv_mpu.o(.data)
    .data                                    0x200000ec   Section        4  stdout.o(.data)
    .data                                    0x200000f0   Section        4  errno.o(.data)
    _errno                                   0x200000f0   Data           4  errno.o(.data)
    .bss                                     0x200000f4   Section      216  tim.o(.bss)
    .bss                                     0x200001cc   Section       68  usart.o(.bss)
    .bss                                     0x20000210   Section       16  inv_mpu_dmp_motion_driver.o(.bss)
    dmp                                      0x20000210   Data          16  inv_mpu_dmp_motion_driver.o(.bss)
    STACK                                    0x20000220   Section     1024  startup_stm32f103x6.o(STACK)

    Global Symbols

    Symbol Name                              Value     Ov Type        Size  Object(Section)

    BuildAttributes$$THM_ISAv4$P$D$K$B$S$PE$A:L22UL41UL21$X:L11$S22US41US21$IEEE1$IW$USESV6$~STKCKD$USESV7$~SHL$OTIME$ROPI$IEEEX$EBA8$MICROLIB$REQ8$PRES8$EABIv2 0x00000000   Number         0  anon$$obj.o ABSOLUTE
    __ARM_use_no_argv                        0x00000000   Number         0  main.o ABSOLUTE
    _printf_a                                0x00000000   Number         0  stubs.o ABSOLUTE
    _printf_c                                0x00000000   Number         0  stubs.o ABSOLUTE
    _printf_charcount                        0x00000000   Number         0  stubs.o ABSOLUTE
    _printf_d                                0x00000000   Number         0  stubs.o ABSOLUTE
    _printf_e                                0x00000000   Number         0  stubs.o ABSOLUTE
    _printf_f                                0x00000000   Number         0  stubs.o ABSOLUTE
    _printf_flags                            0x00000000   Number         0  stubs.o ABSOLUTE
    _printf_fp_dec                           0x00000000   Number         0  stubs.o ABSOLUTE
    _printf_fp_hex                           0x00000000   Number         0  stubs.o ABSOLUTE
    _printf_g                                0x00000000   Number         0  stubs.o ABSOLUTE
    _printf_i                                0x00000000   Number         0  stubs.o ABSOLUTE
    _printf_int_dec                          0x00000000   Number         0  stubs.o ABSOLUTE
    _printf_l                                0x00000000   Number         0  stubs.o ABSOLUTE
    _printf_lc                               0x00000000   Number         0  stubs.o ABSOLUTE
    _printf_ll                               0x00000000   Number         0  stubs.o ABSOLUTE
    _printf_lld                              0x00000000   Number         0  stubs.o ABSOLUTE
    _printf_lli                              0x00000000   Number         0  stubs.o ABSOLUTE
    _printf_llo                              0x00000000   Number         0  stubs.o ABSOLUTE
    _printf_llu                              0x00000000   Number         0  stubs.o ABSOLUTE
    _printf_llx                              0x00000000   Number         0  stubs.o ABSOLUTE
    _printf_longlong_dec                     0x00000000   Number         0  stubs.o ABSOLUTE
    _printf_longlong_hex                     0x00000000   Number         0  stubs.o ABSOLUTE
    _printf_longlong_oct                     0x00000000   Number         0  stubs.o ABSOLUTE
    _printf_ls                               0x00000000   Number         0  stubs.o ABSOLUTE
    _printf_mbtowc                           0x00000000   Number         0  stubs.o ABSOLUTE
    _printf_n                                0x00000000   Number         0  stubs.o ABSOLUTE
    _printf_o                                0x00000000   Number         0  stubs.o ABSOLUTE
    _printf_p                                0x00000000   Number         0  stubs.o ABSOLUTE
    _printf_percent                          0x00000000   Number         0  stubs.o ABSOLUTE
    _printf_pre_padding                      0x00000000   Number         0  stubs.o ABSOLUTE
    _printf_return_value                     0x00000000   Number         0  stubs.o ABSOLUTE
    _printf_s                                0x00000000   Number         0  stubs.o ABSOLUTE
    _printf_sizespec                         0x00000000   Number         0  stubs.o ABSOLUTE
    _printf_str                              0x00000000   Number         0  stubs.o ABSOLUTE
    _printf_truncate_signed                  0x00000000   Number         0  stubs.o ABSOLUTE
    _printf_truncate_unsigned                0x00000000   Number         0  stubs.o ABSOLUTE
    _printf_u                                0x00000000   Number         0  stubs.o ABSOLUTE
    _printf_wc                               0x00000000   Number         0  stubs.o ABSOLUTE
    _printf_wctomb                           0x00000000   Number         0  stubs.o ABSOLUTE
    _printf_widthprec                        0x00000000   Number         0  stubs.o ABSOLUTE
    _printf_x                                0x00000000   Number         0  stubs.o ABSOLUTE
    __cpp_initialize__aeabi_                  - Undefined Weak Reference
    __cxa_finalize                            - Undefined Weak Reference
    __decompress                              - Undefined Weak Reference
    _clock_init                               - Undefined Weak Reference
    _microlib_exit                            - Undefined Weak Reference
    __Vectors_Size                           0x000000ec   Number         0  startup_stm32f103x6.o ABSOLUTE
    __Vectors                                0x08000000   Data           4  startup_stm32f103x6.o(RESET)
    __Vectors_End                            0x080000ec   Data           0  startup_stm32f103x6.o(RESET)
    __main                                   0x080000ed   Thumb Code     0  entry.o(.ARM.Collect$$$$00000000)
    _main_stk                                0x080000ed   Thumb Code     0  entry2.o(.ARM.Collect$$$$00000001)
    _main_scatterload                        0x080000f1   Thumb Code     0  entry5.o(.ARM.Collect$$$$00000004)
    __main_after_scatterload                 0x080000f5   Thumb Code     0  entry5.o(.ARM.Collect$$$$00000004)
    _main_clock                              0x080000f5   Thumb Code     0  entry7b.o(.ARM.Collect$$$$00000008)
    _main_cpp_init                           0x080000f5   Thumb Code     0  entry8b.o(.ARM.Collect$$$$0000000A)
    _main_init                               0x080000f5   Thumb Code     0  entry9a.o(.ARM.Collect$$$$0000000B)
    __rt_final_cpp                           0x080000fd   Thumb Code     0  entry10a.o(.ARM.Collect$$$$0000000D)
    __rt_final_exit                          0x080000fd   Thumb Code     0  entry11a.o(.ARM.Collect$$$$0000000F)
    Reset_Handler                            0x08000101   Thumb Code     8  startup_stm32f103x6.o(.text)
    ADC1_2_IRQHandler                        0x0800011b   Thumb Code     0  startup_stm32f103x6.o(.text)
    CAN1_RX1_IRQHandler                      0x0800011b   Thumb Code     0  startup_stm32f103x6.o(.text)
    CAN1_SCE_IRQHandler                      0x0800011b   Thumb Code     0  startup_stm32f103x6.o(.text)
    DMA1_Channel1_IRQHandler                 0x0800011b   Thumb Code     0  startup_stm32f103x6.o(.text)
    DMA1_Channel2_IRQHandler                 0x0800011b   Thumb Code     0  startup_stm32f103x6.o(.text)
    DMA1_Channel3_IRQHandler                 0x0800011b   Thumb Code     0  startup_stm32f103x6.o(.text)
    DMA1_Channel4_IRQHandler                 0x0800011b   Thumb Code     0  startup_stm32f103x6.o(.text)
    DMA1_Channel5_IRQHandler                 0x0800011b   Thumb Code     0  startup_stm32f103x6.o(.text)
    DMA1_Channel6_IRQHandler                 0x0800011b   Thumb Code     0  startup_stm32f103x6.o(.text)
    DMA1_Channel7_IRQHandler                 0x0800011b   Thumb Code     0  startup_stm32f103x6.o(.text)
    EXTI0_IRQHandler                         0x0800011b   Thumb Code     0  startup_stm32f103x6.o(.text)
    EXTI15_10_IRQHandler                     0x0800011b   Thumb Code     0  startup_stm32f103x6.o(.text)
    EXTI1_IRQHandler                         0x0800011b   Thumb Code     0  startup_stm32f103x6.o(.text)
    EXTI2_IRQHandler                         0x0800011b   Thumb Code     0  startup_stm32f103x6.o(.text)
    EXTI3_IRQHandler                         0x0800011b   Thumb Code     0  startup_stm32f103x6.o(.text)
    EXTI4_IRQHandler                         0x0800011b   Thumb Code     0  startup_stm32f103x6.o(.text)
    EXTI9_5_IRQHandler                       0x0800011b   Thumb Code     0  startup_stm32f103x6.o(.text)
    FLASH_IRQHandler                         0x0800011b   Thumb Code     0  startup_stm32f103x6.o(.text)
    I2C1_ER_IRQHandler                       0x0800011b   Thumb Code     0  startup_stm32f103x6.o(.text)
    I2C1_EV_IRQHandler                       0x0800011b   Thumb Code     0  startup_stm32f103x6.o(.text)
    PVD_IRQHandler                           0x0800011b   Thumb Code     0  startup_stm32f103x6.o(.text)
    RCC_IRQHandler                           0x0800011b   Thumb Code     0  startup_stm32f103x6.o(.text)
    RTC_Alarm_IRQHandler                     0x0800011b   Thumb Code     0  startup_stm32f103x6.o(.text)
    RTC_IRQHandler                           0x0800011b   Thumb Code     0  startup_stm32f103x6.o(.text)
    SPI1_IRQHandler                          0x0800011b   Thumb Code     0  startup_stm32f103x6.o(.text)
    TAMPER_IRQHandler                        0x0800011b   Thumb Code     0  startup_stm32f103x6.o(.text)
    TIM1_BRK_IRQHandler                      0x0800011b   Thumb Code     0  startup_stm32f103x6.o(.text)
    TIM1_CC_IRQHandler                       0x0800011b   Thumb Code     0  startup_stm32f103x6.o(.text)
    TIM1_TRG_COM_IRQHandler                  0x0800011b   Thumb Code     0  startup_stm32f103x6.o(.text)
    USART1_IRQHandler                        0x0800011b   Thumb Code     0  startup_stm32f103x6.o(.text)
    USART2_IRQHandler                        0x0800011b   Thumb Code     0  startup_stm32f103x6.o(.text)
    USBWakeUp_IRQHandler                     0x0800011b   Thumb Code     0  startup_stm32f103x6.o(.text)
    USB_HP_CAN1_TX_IRQHandler                0x0800011b   Thumb Code     0  startup_stm32f103x6.o(.text)
    USB_LP_CAN1_RX0_IRQHandler               0x0800011b   Thumb Code     0  startup_stm32f103x6.o(.text)
    WWDG_IRQHandler                          0x0800011b   Thumb Code     0  startup_stm32f103x6.o(.text)
    __aeabi_ldivmod                          0x08000125   Thumb Code    98  ldiv.o(.text)
    __aeabi_llsr                             0x08000187   Thumb Code    32  llushr.o(.text)
    _ll_ushift_r                             0x08000187   Thumb Code     0  llushr.o(.text)
    __aeabi_memset                           0x080001a7   Thumb Code    14  memseta.o(.text)
    __aeabi_memset4                          0x080001a7   Thumb Code     0  memseta.o(.text)
    __aeabi_memset8                          0x080001a7   Thumb Code     0  memseta.o(.text)
    __aeabi_memclr                           0x080001b5   Thumb Code     4  memseta.o(.text)
    __aeabi_memclr4                          0x080001b5   Thumb Code     0  memseta.o(.text)
    __aeabi_memclr8                          0x080001b5   Thumb Code     0  memseta.o(.text)
    _memset$wrapper                          0x080001b9   Thumb Code    18  memseta.o(.text)
    memcmp                                   0x080001cb   Thumb Code    26  memcmp.o(.text)
    __aeabi_fadd                             0x080001e5   Thumb Code   164  fadd.o(.text)
    __aeabi_fsub                             0x08000289   Thumb Code     6  fadd.o(.text)
    __aeabi_frsub                            0x0800028f   Thumb Code     6  fadd.o(.text)
    __aeabi_fmul                             0x08000295   Thumb Code   100  fmul.o(.text)
    __aeabi_fdiv                             0x080002f9   Thumb Code   124  fdiv.o(.text)
    __ARM_scalbnf                            0x08000375   Thumb Code    24  fscalb.o(.text)
    scalbnf                                  0x08000375   Thumb Code     0  fscalb.o(.text)
    __aeabi_dadd                             0x0800038d   Thumb Code   322  dadd.o(.text)
    __aeabi_dsub                             0x080004cf   Thumb Code     6  dadd.o(.text)
    __aeabi_drsub                            0x080004d5   Thumb Code     6  dadd.o(.text)
    __aeabi_dmul                             0x080004db   Thumb Code   228  dmul.o(.text)
    __aeabi_ddiv                             0x080005bf   Thumb Code   222  ddiv.o(.text)
    __aeabi_i2f                              0x0800069d   Thumb Code    18  fflti.o(.text)
    __aeabi_ui2f                             0x080006af   Thumb Code    10  ffltui.o(.text)
    __aeabi_i2d                              0x080006b9   Thumb Code    34  dflti.o(.text)
    __aeabi_f2iz                             0x080006db   Thumb Code    50  ffixi.o(.text)
    __aeabi_f2uiz                            0x0800070d   Thumb Code    40  ffixui.o(.text)
    __aeabi_f2d                              0x08000735   Thumb Code    38  f2d.o(.text)
    __aeabi_d2f                              0x0800075b   Thumb Code    56  d2f.o(.text)
    __aeabi_uldivmod                         0x08000793   Thumb Code    98  uldiv.o(.text)
    __aeabi_llsl                             0x080007f5   Thumb Code    30  llshl.o(.text)
    _ll_shift_l                              0x080007f5   Thumb Code     0  llshl.o(.text)
    __aeabi_lasr                             0x08000813   Thumb Code    36  llsshr.o(.text)
    _ll_sshift_r                             0x08000813   Thumb Code     0  llsshr.o(.text)
    __I$use$fp                               0x08000837   Thumb Code     0  iusefp.o(.text)
    _float_round                             0x08000837   Thumb Code    18  fepilogue.o(.text)
    _float_epilogue                          0x08000849   Thumb Code    92  fepilogue.o(.text)
    _double_round                            0x080008a5   Thumb Code    30  depilogue.o(.text)
    _double_epilogue                         0x080008c3   Thumb Code   156  depilogue.o(.text)
    __ARM_scalbn                             0x0800095f   Thumb Code    46  dscalb.o(.text)
    scalbn                                   0x0800095f   Thumb Code     0  dscalb.o(.text)
    __scatterload                            0x0800098d   Thumb Code    28  init.o(.text)
    __scatterload_rt2                        0x0800098d   Thumb Code     0  init.o(.text)
    __I$use$semihosting$fputc                0x080009b1   Thumb Code     0  iusesemip.o(.text)
    __semihosting_library_function           0x080009b1   Thumb Code     0  semi.o(.text)
    _dsqrt                                   0x080009b1   Thumb Code   162  dsqrt.o(.text)
    Angle_Cal                                0x08000a55   Thumb Code   326  kalman.o(i.Angle_Cal)
    BusFault_Handler                         0x08000bad   Thumb Code     2  stm32f1xx_it.o(i.BusFault_Handler)
    DebugMon_Handler                         0x08000baf   Thumb Code     2  stm32f1xx_it.o(i.DebugMon_Handler)
    Error_Handler                            0x08000bb1   Thumb Code     4  main.o(i.Error_Handler)
    HAL_Delay                                0x08000bb5   Thumb Code    32  stm32f1xx_hal.o(i.HAL_Delay)
    HAL_GPIO_Init                            0x08000bd9   Thumb Code   418  stm32f1xx_hal_gpio.o(i.HAL_GPIO_Init)
    HAL_GPIO_ReadPin                         0x08000d99   Thumb Code    10  stm32f1xx_hal_gpio.o(i.HAL_GPIO_ReadPin)
    HAL_GPIO_TogglePin                       0x08000da3   Thumb Code    16  stm32f1xx_hal_gpio.o(i.HAL_GPIO_TogglePin)
    HAL_GPIO_WritePin                        0x08000db3   Thumb Code    10  stm32f1xx_hal_gpio.o(i.HAL_GPIO_WritePin)
    HAL_GetTick                              0x08000dbd   Thumb Code     6  stm32f1xx_hal.o(i.HAL_GetTick)
    HAL_IncTick                              0x08000dc9   Thumb Code    12  stm32f1xx_hal.o(i.HAL_IncTick)
    HAL_Init                                 0x08000dd9   Thumb Code    32  stm32f1xx_hal.o(i.HAL_Init)
    HAL_InitTick                             0x08000dfd   Thumb Code    54  stm32f1xx_hal.o(i.HAL_InitTick)
    HAL_MspInit                              0x08000e3d   Thumb Code    52  stm32f1xx_hal_msp.o(i.HAL_MspInit)
    HAL_NVIC_EnableIRQ                       0x08000e79   Thumb Code    26  stm32f1xx_hal_cortex.o(i.HAL_NVIC_EnableIRQ)
    HAL_NVIC_SetPriority                     0x08000e95   Thumb Code    60  stm32f1xx_hal_cortex.o(i.HAL_NVIC_SetPriority)
    HAL_NVIC_SetPriorityGrouping             0x08000ed5   Thumb Code    26  stm32f1xx_hal_cortex.o(i.HAL_NVIC_SetPriorityGrouping)
    HAL_RCC_ClockConfig                      0x08000ef9   Thumb Code   280  stm32f1xx_hal_rcc.o(i.HAL_RCC_ClockConfig)
    HAL_RCC_GetPCLK1Freq                     0x08001025   Thumb Code    20  stm32f1xx_hal_rcc.o(i.HAL_RCC_GetPCLK1Freq)
    HAL_RCC_GetPCLK2Freq                     0x08001045   Thumb Code    20  stm32f1xx_hal_rcc.o(i.HAL_RCC_GetPCLK2Freq)
    HAL_RCC_GetSysClockFreq                  0x08001065   Thumb Code    74  stm32f1xx_hal_rcc.o(i.HAL_RCC_GetSysClockFreq)
    HAL_RCC_OscConfig                        0x080010d1   Thumb Code   778  stm32f1xx_hal_rcc.o(i.HAL_RCC_OscConfig)
    HAL_SYSTICK_Config                       0x080013f1   Thumb Code    40  stm32f1xx_hal_cortex.o(i.HAL_SYSTICK_Config)
    HAL_TIMEx_BreakCallback                  0x08001419   Thumb Code     2  stm32f1xx_hal_tim_ex.o(i.HAL_TIMEx_BreakCallback)
    HAL_TIMEx_CommutCallback                 0x0800141b   Thumb Code     2  stm32f1xx_hal_tim_ex.o(i.HAL_TIMEx_CommutCallback)
    HAL_TIMEx_MasterConfigSynchronization    0x0800141d   Thumb Code    86  stm32f1xx_hal_tim_ex.o(i.HAL_TIMEx_MasterConfigSynchronization)
    HAL_TIM_Base_Init                        0x0800147d   Thumb Code    90  stm32f1xx_hal_tim.o(i.HAL_TIM_Base_Init)
    HAL_TIM_Base_MspInit                     0x080014d9   Thumb Code    50  tim.o(i.HAL_TIM_Base_MspInit)
    HAL_TIM_Base_Start_IT                    0x08001515   Thumb Code    70  stm32f1xx_hal_tim.o(i.HAL_TIM_Base_Start_IT)
    HAL_TIM_ConfigClockSource                0x08001565   Thumb Code   214  stm32f1xx_hal_tim.o(i.HAL_TIM_ConfigClockSource)
    HAL_TIM_Encoder_Init                     0x0800163b   Thumb Code   164  stm32f1xx_hal_tim.o(i.HAL_TIM_Encoder_Init)
    HAL_TIM_Encoder_MspInit                  0x080016e1   Thumb Code    88  tim.o(i.HAL_TIM_Encoder_MspInit)
    HAL_TIM_IC_CaptureCallback               0x08001745   Thumb Code     2  stm32f1xx_hal_tim.o(i.HAL_TIM_IC_CaptureCallback)
    HAL_TIM_IRQHandler                       0x08001747   Thumb Code   358  stm32f1xx_hal_tim.o(i.HAL_TIM_IRQHandler)
    HAL_TIM_MspPostInit                      0x080018ad   Thumb Code    62  tim.o(i.HAL_TIM_MspPostInit)
    HAL_TIM_OC_DelayElapsedCallback          0x080018f5   Thumb Code     2  stm32f1xx_hal_tim.o(i.HAL_TIM_OC_DelayElapsedCallback)
    HAL_TIM_PWM_ConfigChannel                0x080018f7   Thumb Code   198  stm32f1xx_hal_tim.o(i.HAL_TIM_PWM_ConfigChannel)
    HAL_TIM_PWM_Init                         0x080019bd   Thumb Code    90  stm32f1xx_hal_tim.o(i.HAL_TIM_PWM_Init)
    HAL_TIM_PWM_MspInit                      0x08001a19   Thumb Code    88  tim.o(i.HAL_TIM_PWM_MspInit)
    HAL_TIM_PWM_PulseFinishedCallback        0x08001a79   Thumb Code     2  stm32f1xx_hal_tim.o(i.HAL_TIM_PWM_PulseFinishedCallback)
    HAL_TIM_PeriodElapsedCallback            0x08001a7d   Thumb Code    18  main.o(i.HAL_TIM_PeriodElapsedCallback)
    HAL_TIM_TriggerCallback                  0x08001a99   Thumb Code     2  stm32f1xx_hal_tim.o(i.HAL_TIM_TriggerCallback)
    HAL_UART_Init                            0x08001a9b   Thumb Code    98  stm32f1xx_hal_uart.o(i.HAL_UART_Init)
    HAL_UART_MspInit                         0x08001afd   Thumb Code   100  usart.o(i.HAL_UART_MspInit)
    HardFault_Handler                        0x08001b6d   Thumb Code     2  stm32f1xx_it.o(i.HardFault_Handler)
    IIC_Ack                                  0x08001b71   Thumb Code    66  iic.o(i.IIC_Ack)
    IIC_GPIO_Init                            0x08001bc5   Thumb Code    52  iic.o(i.IIC_GPIO_Init)
    IIC_NAck                                 0x08001c01   Thumb Code    52  iic.o(i.IIC_NAck)
    IIC_Read_Byte                            0x08001c39   Thumb Code    96  iic.o(i.IIC_Read_Byte)
    IIC_Send_Byte                            0x08001c9d   Thumb Code    98  iic.o(i.IIC_Send_Byte)
    IIC_Start                                0x08001d05   Thumb Code    64  iic.o(i.IIC_Start)
    IIC_Stop                                 0x08001d49   Thumb Code    46  iic.o(i.IIC_Stop)
    IIC_Wait_Ack                             0x08001d7d   Thumb Code    70  iic.o(i.IIC_Wait_Ack)
    Kalman_Cal_Pitch                         0x08001dc9   Thumb Code   262  kalman.o(i.Kalman_Cal_Pitch)
    Kalman_Cal_Roll                          0x08001ed5   Thumb Code   262  kalman.o(i.Kalman_Cal_Roll)
    Kalman_Cal_Yaw                           0x08001fe1   Thumb Code   264  kalman.o(i.Kalman_Cal_Yaw)
    MPU_Get_Accelerometer                    0x080020ed   Thumb Code    50  mpu6050.o(i.MPU_Get_Accelerometer)
    MPU_Get_Gyroscope                        0x0800211f   Thumb Code    50  mpu6050.o(i.MPU_Get_Gyroscope)
    MPU_Get_Temperature                      0x08002151   Thumb Code    60  mpu6050.o(i.MPU_Get_Temperature)
    MPU_Init                                 0x0800219d   Thumb Code   122  mpu6050.o(i.MPU_Init)
    MPU_Read_Byte                            0x08002217   Thumb Code    58  mpu6050.o(i.MPU_Read_Byte)
    MPU_Read_Len                             0x08002251   Thumb Code   108  mpu6050.o(i.MPU_Read_Len)
    MPU_Set_Accel_Fsr                        0x080022bd   Thumb Code    10  mpu6050.o(i.MPU_Set_Accel_Fsr)
    MPU_Set_Gyro_Fsr                         0x080022c7   Thumb Code    10  mpu6050.o(i.MPU_Set_Gyro_Fsr)
    MPU_Set_LPF                              0x080022d1   Thumb Code    48  mpu6050.o(i.MPU_Set_LPF)
    MPU_Set_Rate                             0x08002301   Thumb Code    46  mpu6050.o(i.MPU_Set_Rate)
    MPU_Write_Byte                           0x0800232f   Thumb Code    60  mpu6050.o(i.MPU_Write_Byte)
    MPU_Write_Len                            0x0800236b   Thumb Code    82  mpu6050.o(i.MPU_Write_Len)
    MX_GPIO_Init                             0x080023bd   Thumb Code   160  gpio.o(i.MX_GPIO_Init)
    MX_TIM1_Init                             0x08002469   Thumb Code    98  tim.o(i.MX_TIM1_Init)
    MX_TIM2_Init                             0x080024d5   Thumb Code   148  tim.o(i.MX_TIM2_Init)
    MX_TIM3_Init                             0x0800256d   Thumb Code    98  tim.o(i.MX_TIM3_Init)
    MX_USART1_UART_Init                      0x080025d9   Thumb Code    48  usart.o(i.MX_USART1_UART_Init)
    MemManage_Handler                        0x08002611   Thumb Code     2  stm32f1xx_it.o(i.MemManage_Handler)
    NMI_Handler                              0x08002613   Thumb Code     2  stm32f1xx_it.o(i.NMI_Handler)
    PendSV_Handler                           0x08002615   Thumb Code     2  stm32f1xx_it.o(i.PendSV_Handler)
    SVC_Handler                              0x08002617   Thumb Code     2  stm32f1xx_it.o(i.SVC_Handler)
    SysTick_Handler                          0x08002619   Thumb Code     4  stm32f1xx_it.o(i.SysTick_Handler)
    SystemClock_Config                       0x0800261d   Thumb Code    94  main.o(i.SystemClock_Config)
    SystemInit                               0x0800267b   Thumb Code     2  system_stm32f1xx.o(i.SystemInit)
    TIM1_UP_IRQHandler                       0x0800267d   Thumb Code     6  stm32f1xx_it.o(i.TIM1_UP_IRQHandler)
    TIM2_IRQHandler                          0x08002689   Thumb Code     6  stm32f1xx_it.o(i.TIM2_IRQHandler)
    TIM3_IRQHandler                          0x08002695   Thumb Code     6  stm32f1xx_it.o(i.TIM3_IRQHandler)
    TIM_Base_SetConfig                       0x080026a1   Thumb Code    84  stm32f1xx_hal_tim.o(i.TIM_Base_SetConfig)
    TIM_ETR_SetConfig                        0x080026fd   Thumb Code    20  stm32f1xx_hal_tim.o(i.TIM_ETR_SetConfig)
    TIM_OC2_SetConfig                        0x08002771   Thumb Code    84  stm32f1xx_hal_tim.o(i.TIM_OC2_SetConfig)
    UsageFault_Handler                       0x08002965   Thumb Code     2  stm32f1xx_it.o(i.UsageFault_Handler)
    __0printf$8                              0x08002969   Thumb Code    22  printf8.o(i.__0printf$8)
    __1printf$8                              0x08002969   Thumb Code     0  printf8.o(i.__0printf$8)
    __2printf                                0x08002969   Thumb Code     0  printf8.o(i.__0printf$8)
    __ARM_fpclassify                         0x08002989   Thumb Code    40  fpclassify.o(i.__ARM_fpclassify)
    __kernel_poly                            0x080029d1   Thumb Code   170  poly.o(i.__kernel_poly)
    __mathlib_dbl_infnan                     0x08002a7b   Thumb Code     6  dunder.o(i.__mathlib_dbl_infnan)
    __mathlib_dbl_infnan2                    0x08002a81   Thumb Code     4  dunder.o(i.__mathlib_dbl_infnan2)
    __mathlib_dbl_invalid                    0x08002a85   Thumb Code    12  dunder.o(i.__mathlib_dbl_invalid)
    __mathlib_dbl_underflow                  0x08002a91   Thumb Code    10  dunder.o(i.__mathlib_dbl_underflow)
    __scatterload_copy                       0x08002aa1   Thumb Code    14  handlers.o(i.__scatterload_copy)
    __scatterload_null                       0x08002aaf   Thumb Code     2  handlers.o(i.__scatterload_null)
    __scatterload_zeroinit                   0x08002ab1   Thumb Code    14  handlers.o(i.__scatterload_zeroinit)
    __set_errno                              0x08002ac1   Thumb Code     6  errno.o(i.__set_errno)
    asin                                     0x08002fb1   Thumb Code   572  asin.o(i.asin)
    atan                                     0x08003221   Thumb Code   474  atan.o(i.atan)
    atan2                                    0x08003441   Thumb Code   346  atan2.o(i.atan2)
    dmp_enable_6x_lp_quat                    0x080035c1   Thumb Code    58  inv_mpu_dmp_motion_driver.o(i.dmp_enable_6x_lp_quat)
    dmp_enable_feature                       0x080035fd   Thumb Code   464  inv_mpu_dmp_motion_driver.o(i.dmp_enable_feature)
    dmp_enable_gyro_cal                      0x080037d5   Thumb Code    34  inv_mpu_dmp_motion_driver.o(i.dmp_enable_gyro_cal)
    dmp_enable_lp_quat                       0x08003811   Thumb Code    58  inv_mpu_dmp_motion_driver.o(i.dmp_enable_lp_quat)
    dmp_load_motion_driver_firmware          0x0800384d   Thumb Code    16  inv_mpu_dmp_motion_driver.o(i.dmp_load_motion_driver_firmware)
    dmp_read_fifo                            0x08003861   Thumb Code   320  inv_mpu_dmp_motion_driver.o(i.dmp_read_fifo)
    dmp_set_accel_bias                       0x080039a5   Thumb Code   210  inv_mpu_dmp_motion_driver.o(i.dmp_set_accel_bias)
    dmp_set_fifo_rate                        0x08003a7d   Thumb Code    82  inv_mpu_dmp_motion_driver.o(i.dmp_set_fifo_rate)
    dmp_set_gyro_bias                        0x08003ae1   Thumb Code   196  inv_mpu_dmp_motion_driver.o(i.dmp_set_gyro_bias)
    dmp_set_orientation                      0x08003bad   Thumb Code   246  inv_mpu_dmp_motion_driver.o(i.dmp_set_orientation)
    dmp_set_shake_reject_thresh              0x08003cb9   Thumb Code    48  inv_mpu_dmp_motion_driver.o(i.dmp_set_shake_reject_thresh)
    dmp_set_shake_reject_time                0x08003ce9   Thumb Code    32  inv_mpu_dmp_motion_driver.o(i.dmp_set_shake_reject_time)
    dmp_set_shake_reject_timeout             0x08003d09   Thumb Code    32  inv_mpu_dmp_motion_driver.o(i.dmp_set_shake_reject_timeout)
    dmp_set_tap_axes                         0x08003d29   Thumb Code    64  inv_mpu_dmp_motion_driver.o(i.dmp_set_tap_axes)
    dmp_set_tap_count                        0x08003d69   Thumb Code    34  inv_mpu_dmp_motion_driver.o(i.dmp_set_tap_count)
    dmp_set_tap_thresh                       0x08003d8d   Thumb Code   274  inv_mpu_dmp_motion_driver.o(i.dmp_set_tap_thresh)
    dmp_set_tap_time                         0x08003eb5   Thumb Code    32  inv_mpu_dmp_motion_driver.o(i.dmp_set_tap_time)
    dmp_set_tap_time_multi                   0x08003ed5   Thumb Code    32  inv_mpu_dmp_motion_driver.o(i.dmp_set_tap_time_multi)
    fputc                                    0x08003ef5   Thumb Code    18  fputc.o(i.fputc)
    inv_orientation_matrix_to_scalar         0x0800439d   Thumb Code    34  inv_mpu.o(i.inv_orientation_matrix_to_scalar)
    inv_row_2_scale                          0x080043bf   Thumb Code    72  inv_mpu.o(i.inv_row_2_scale)
    main                                     0x08004409   Thumb Code    56  main.o(i.main)
    mget_ms                                  0x08004449   Thumb Code     2  inv_mpu.o(i.mget_ms)
    mpu_configure_fifo                       0x0800444d   Thumb Code    78  inv_mpu.o(i.mpu_configure_fifo)
    mpu_dmp_get_data                         0x080044a1   Thumb Code   408  inv_mpu.o(i.mpu_dmp_get_data)
    mpu_dmp_init                             0x0800463d   Thumb Code   158  inv_mpu.o(i.mpu_dmp_init)
    mpu_get_accel_fsr                        0x080046e1   Thumb Code    54  inv_mpu.o(i.mpu_get_accel_fsr)
    mpu_get_accel_sens                       0x0800471d   Thumb Code    62  inv_mpu.o(i.mpu_get_accel_sens)
    mpu_get_gyro_fsr                         0x08004761   Thumb Code    48  inv_mpu.o(i.mpu_get_gyro_fsr)
    mpu_get_gyro_sens                        0x08004795   Thumb Code    44  inv_mpu.o(i.mpu_get_gyro_sens)
    mpu_get_lpf                              0x080047d5   Thumb Code    52  inv_mpu.o(i.mpu_get_lpf)
    mpu_get_sample_rate                      0x0800480d   Thumb Code    22  inv_mpu.o(i.mpu_get_sample_rate)
    mpu_init                                 0x08004829   Thumb Code   310  inv_mpu.o(i.mpu_init)
    mpu_load_firmware                        0x080049b1   Thumb Code   154  inv_mpu.o(i.mpu_load_firmware)
    mpu_lp_accel_mode                        0x08004a51   Thumb Code   178  inv_mpu.o(i.mpu_lp_accel_mode)
    mpu_read_fifo_stream                     0x08004b09   Thumb Code   140  inv_mpu.o(i.mpu_read_fifo_stream)
    mpu_read_mem                             0x08004b99   Thumb Code    80  inv_mpu.o(i.mpu_read_mem)
    mpu_reset_fifo                           0x08004bed   Thumb Code   346  inv_mpu.o(i.mpu_reset_fifo)
    mpu_run_self_test                        0x08004d4d   Thumb Code   234  inv_mpu.o(i.mpu_run_self_test)
    mpu_set_accel_fsr                        0x08004e3d   Thumb Code    98  inv_mpu.o(i.mpu_set_accel_fsr)
    mpu_set_bypass                           0x08004ea5   Thumb Code   214  inv_mpu.o(i.mpu_set_bypass)
    mpu_set_dmp_state                        0x08004f81   Thumb Code   114  inv_mpu.o(i.mpu_set_dmp_state)
    mpu_set_gyro_fsr                         0x08004ff9   Thumb Code   104  inv_mpu.o(i.mpu_set_gyro_fsr)
    mpu_set_int_latched                      0x08005065   Thumb Code    94  inv_mpu.o(i.mpu_set_int_latched)
    mpu_set_lpf                              0x080050c9   Thumb Code   102  inv_mpu.o(i.mpu_set_lpf)
    mpu_set_sample_rate                      0x08005135   Thumb Code   124  inv_mpu.o(i.mpu_set_sample_rate)
    mpu_set_sensors                          0x080051b5   Thumb Code   178  inv_mpu.o(i.mpu_set_sensors)
    mpu_write_mem                            0x0800526d   Thumb Code    80  inv_mpu.o(i.mpu_write_mem)
    run_self_test                            0x080052c1   Thumb Code   128  inv_mpu.o(i.run_self_test)
    sqrt                                     0x08005399   Thumb Code    76  sqrt.o(i.sqrt)
    AHBPrescTable                            0x080053e4   Data          16  system_stm32f1xx.o(.constdata)
    APBPrescTable                            0x080053f4   Data           8  system_stm32f1xx.o(.constdata)
    reg                                      0x080053fc   Data          27  inv_mpu.o(.constdata)
    hw                                       0x08005418   Data          12  inv_mpu.o(.constdata)
    test                                     0x08005424   Data          40  inv_mpu.o(.constdata)
    __mathlib_zero                           0x08006130   Data           8  qnan.o(.constdata)
    Region$$Table$$Base                      0x08006188   Number         0  anon$$obj.o(Region$$Table)
    Region$$Table$$Limit                     0x080061a8   Number         0  anon$$obj.o(Region$$Table)
    uwTickFreq                               0x20000000   Data           1  stm32f1xx_hal.o(.data)
    uwTickPrio                               0x20000004   Data           4  stm32f1xx_hal.o(.data)
    uwTick                                   0x20000008   Data           4  stm32f1xx_hal.o(.data)
    SystemCoreClock                          0x2000000c   Data           4  system_stm32f1xx.o(.data)
    temp_ret                                 0x20000010   Data           1  kalman.o(.data)
    a_ret                                    0x20000011   Data           1  kalman.o(.data)
    g_ret                                    0x20000012   Data           1  kalman.o(.data)
    gx                                       0x20000014   Data           2  kalman.o(.data)
    gy                                       0x20000016   Data           2  kalman.o(.data)
    gz                                       0x20000018   Data           2  kalman.o(.data)
    ax                                       0x2000001a   Data           2  kalman.o(.data)
    ay                                       0x2000001c   Data           2  kalman.o(.data)
    az                                       0x2000001e   Data           2  kalman.o(.data)
    accel_x                                  0x20000054   Data           4  kalman.o(.data)
    accel_y                                  0x20000058   Data           4  kalman.o(.data)
    accel_z                                  0x2000005c   Data           4  kalman.o(.data)
    gyro_x                                   0x20000060   Data           4  kalman.o(.data)
    gyro_y                                   0x20000064   Data           4  kalman.o(.data)
    gyro_z                                   0x20000068   Data           4  kalman.o(.data)
    yaw_raw                                  0x2000006c   Data           4  kalman.o(.data)
    yaw_kalman                               0x20000070   Data           4  kalman.o(.data)
    pitch_raw                                0x20000074   Data           4  kalman.o(.data)
    pitch_kalman                             0x20000078   Data           4  kalman.o(.data)
    roll_raw                                 0x2000007c   Data           4  kalman.o(.data)
    roll_kalman                              0x20000080   Data           4  kalman.o(.data)
    __stdout                                 0x200000ec   Data           4  stdout.o(.data)
    htim1                                    0x200000f4   Data          72  tim.o(.bss)
    htim2                                    0x2000013c   Data          72  tim.o(.bss)
    htim3                                    0x20000184   Data          72  tim.o(.bss)
    huart1                                   0x200001cc   Data          68  usart.o(.bss)
    __initial_sp                             0x20000620   Data           0  startup_stm32f103x6.o(STACK)



==============================================================================

Memory Map of the image

  Image Entry point : 0x080000ed

  Load Region LR_IROM1 (Base: 0x08000000, Size: 0x0000629c, Max: 0x00008000, ABSOLUTE)

    Execution Region ER_IROM1 (Base: 0x08000000, Size: 0x000061a8, Max: 0x00008000, ABSOLUTE)

    Base Addr    Size         Type   Attr      Idx    E Section Name        Object

    0x08000000   0x000000ec   Data   RO            3    RESET               startup_stm32f103x6.o
    0x080000ec   0x00000000   Code   RO         3592  * .ARM.Collect$$$$00000000  mc_w.l(entry.o)
    0x080000ec   0x00000004   Code   RO         3929    .ARM.Collect$$$$00000001  mc_w.l(entry2.o)
    0x080000f0   0x00000004   Code   RO         3932    .ARM.Collect$$$$00000004  mc_w.l(entry5.o)
    0x080000f4   0x00000000   Code   RO         3934    .ARM.Collect$$$$00000008  mc_w.l(entry7b.o)
    0x080000f4   0x00000000   Code   RO         3936    .ARM.Collect$$$$0000000A  mc_w.l(entry8b.o)
    0x080000f4   0x00000008   Code   RO         3937    .ARM.Collect$$$$0000000B  mc_w.l(entry9a.o)
    0x080000fc   0x00000000   Code   RO         3939    .ARM.Collect$$$$0000000D  mc_w.l(entry10a.o)
    0x080000fc   0x00000000   Code   RO         3941    .ARM.Collect$$$$0000000F  mc_w.l(entry11a.o)
    0x080000fc   0x00000004   Code   RO         3930    .ARM.Collect$$$$00002712  mc_w.l(entry2.o)
    0x08000100   0x00000024   Code   RO            4    .text               startup_stm32f103x6.o
    0x08000124   0x00000062   Code   RO         3595    .text               mc_w.l(ldiv.o)
    0x08000186   0x00000020   Code   RO         3597    .text               mc_w.l(llushr.o)
    0x080001a6   0x00000024   Code   RO         3599    .text               mc_w.l(memseta.o)
    0x080001ca   0x0000001a   Code   RO         3601    .text               mc_w.l(memcmp.o)
    0x080001e4   0x000000b0   Code   RO         3864    .text               mf_w.l(fadd.o)
    0x08000294   0x00000064   Code   RO         3866    .text               mf_w.l(fmul.o)
    0x080002f8   0x0000007c   Code   RO         3868    .text               mf_w.l(fdiv.o)
    0x08000374   0x00000018   Code   RO         3870    .text               mf_w.l(fscalb.o)
    0x0800038c   0x0000014e   Code   RO         3872    .text               mf_w.l(dadd.o)
    0x080004da   0x000000e4   Code   RO         3874    .text               mf_w.l(dmul.o)
    0x080005be   0x000000de   Code   RO         3876    .text               mf_w.l(ddiv.o)
    0x0800069c   0x00000012   Code   RO         3878    .text               mf_w.l(fflti.o)
    0x080006ae   0x0000000a   Code   RO         3880    .text               mf_w.l(ffltui.o)
    0x080006b8   0x00000022   Code   RO         3882    .text               mf_w.l(dflti.o)
    0x080006da   0x00000032   Code   RO         3884    .text               mf_w.l(ffixi.o)
    0x0800070c   0x00000028   Code   RO         3886    .text               mf_w.l(ffixui.o)
    0x08000734   0x00000026   Code   RO         3888    .text               mf_w.l(f2d.o)
    0x0800075a   0x00000038   Code   RO         3890    .text               mf_w.l(d2f.o)
    0x08000792   0x00000062   Code   RO         3948    .text               mc_w.l(uldiv.o)
    0x080007f4   0x0000001e   Code   RO         3950    .text               mc_w.l(llshl.o)
    0x08000812   0x00000024   Code   RO         3952    .text               mc_w.l(llsshr.o)
    0x08000836   0x00000000   Code   RO         3961    .text               mc_w.l(iusefp.o)
    0x08000836   0x0000006e   Code   RO         3962    .text               mf_w.l(fepilogue.o)
    0x080008a4   0x000000ba   Code   RO         3964    .text               mf_w.l(depilogue.o)
    0x0800095e   0x0000002e   Code   RO         3966    .text               mf_w.l(dscalb.o)
    0x0800098c   0x00000024   Code   RO         3972    .text               mc_w.l(init.o)
    0x080009b0   0x00000000   Code   RO         3974    .text               mc_w.l(semi.o)
    0x080009b0   0x00000000   Code   RO         3975    .text               mc_w.l(iusesemip.o)
    0x080009b0   0x000000a2   Code   RO         3976    .text               mf_w.l(dsqrt.o)
    0x08000a52   0x00000002   PAD
    0x08000a54   0x00000158   Code   RO         2984    i.Angle_Cal         kalman.o
    0x08000bac   0x00000002   Code   RO          331    i.BusFault_Handler  stm32f1xx_it.o
    0x08000bae   0x00000002   Code   RO          332    i.DebugMon_Handler  stm32f1xx_it.o
    0x08000bb0   0x00000004   Code   RO           13    i.Error_Handler     main.o
    0x08000bb4   0x00000024   Code   RO         1465    i.HAL_Delay         stm32f1xx_hal.o
    0x08000bd8   0x000001c0   Code   RO         1773    i.HAL_GPIO_Init     stm32f1xx_hal_gpio.o
    0x08000d98   0x0000000a   Code   RO         1775    i.HAL_GPIO_ReadPin  stm32f1xx_hal_gpio.o
    0x08000da2   0x00000010   Code   RO         1776    i.HAL_GPIO_TogglePin  stm32f1xx_hal_gpio.o
    0x08000db2   0x0000000a   Code   RO         1777    i.HAL_GPIO_WritePin  stm32f1xx_hal_gpio.o
    0x08000dbc   0x0000000c   Code   RO         1469    i.HAL_GetTick       stm32f1xx_hal.o
    0x08000dc8   0x00000010   Code   RO         1475    i.HAL_IncTick       stm32f1xx_hal.o
    0x08000dd8   0x00000024   Code   RO         1476    i.HAL_Init          stm32f1xx_hal.o
    0x08000dfc   0x00000040   Code   RO         1477    i.HAL_InitTick      stm32f1xx_hal.o
    0x08000e3c   0x0000003c   Code   RO          425    i.HAL_MspInit       stm32f1xx_hal_msp.o
    0x08000e78   0x0000001a   Code   RO         1933    i.HAL_NVIC_EnableIRQ  stm32f1xx_hal_cortex.o
    0x08000e92   0x00000002   PAD
    0x08000e94   0x00000040   Code   RO         1939    i.HAL_NVIC_SetPriority  stm32f1xx_hal_cortex.o
    0x08000ed4   0x00000024   Code   RO         1940    i.HAL_NVIC_SetPriorityGrouping  stm32f1xx_hal_cortex.o
    0x08000ef8   0x0000012c   Code   RO         1633    i.HAL_RCC_ClockConfig  stm32f1xx_hal_rcc.o
    0x08001024   0x00000020   Code   RO         1640    i.HAL_RCC_GetPCLK1Freq  stm32f1xx_hal_rcc.o
    0x08001044   0x00000020   Code   RO         1641    i.HAL_RCC_GetPCLK2Freq  stm32f1xx_hal_rcc.o
    0x08001064   0x0000006c   Code   RO         1642    i.HAL_RCC_GetSysClockFreq  stm32f1xx_hal_rcc.o
    0x080010d0   0x00000320   Code   RO         1645    i.HAL_RCC_OscConfig  stm32f1xx_hal_rcc.o
    0x080013f0   0x00000028   Code   RO         1944    i.HAL_SYSTICK_Config  stm32f1xx_hal_cortex.o
    0x08001418   0x00000002   Code   RO         1191    i.HAL_TIMEx_BreakCallback  stm32f1xx_hal_tim_ex.o
    0x0800141a   0x00000002   Code   RO         1192    i.HAL_TIMEx_CommutCallback  stm32f1xx_hal_tim_ex.o
    0x0800141c   0x00000060   Code   RO         1210    i.HAL_TIMEx_MasterConfigSynchronization  stm32f1xx_hal_tim_ex.o
    0x0800147c   0x0000005a   Code   RO          487    i.HAL_TIM_Base_Init  stm32f1xx_hal_tim.o
    0x080014d6   0x00000002   PAD
    0x080014d8   0x0000003c   Code   RO          206    i.HAL_TIM_Base_MspInit  tim.o
    0x08001514   0x00000050   Code   RO          492    i.HAL_TIM_Base_Start_IT  stm32f1xx_hal_tim.o
    0x08001564   0x000000d6   Code   RO          496    i.HAL_TIM_ConfigClockSource  stm32f1xx_hal_tim.o
    0x0800163a   0x000000a4   Code   RO          508    i.HAL_TIM_Encoder_Init  stm32f1xx_hal_tim.o
    0x080016de   0x00000002   PAD
    0x080016e0   0x00000064   Code   RO          208    i.HAL_TIM_Encoder_MspInit  tim.o
    0x08001744   0x00000002   Code   RO          521    i.HAL_TIM_IC_CaptureCallback  stm32f1xx_hal_tim.o
    0x08001746   0x00000166   Code   RO          535    i.HAL_TIM_IRQHandler  stm32f1xx_hal_tim.o
    0x080018ac   0x00000048   Code   RO          209    i.HAL_TIM_MspPostInit  tim.o
    0x080018f4   0x00000002   Code   RO          538    i.HAL_TIM_OC_DelayElapsedCallback  stm32f1xx_hal_tim.o
    0x080018f6   0x000000c6   Code   RO          559    i.HAL_TIM_PWM_ConfigChannel  stm32f1xx_hal_tim.o
    0x080019bc   0x0000005a   Code   RO          562    i.HAL_TIM_PWM_Init  stm32f1xx_hal_tim.o
    0x08001a16   0x00000002   PAD
    0x08001a18   0x00000060   Code   RO          211    i.HAL_TIM_PWM_MspInit  tim.o
    0x08001a78   0x00000002   Code   RO          565    i.HAL_TIM_PWM_PulseFinishedCallback  stm32f1xx_hal_tim.o
    0x08001a7a   0x00000002   PAD
    0x08001a7c   0x0000001c   Code   RO           14    i.HAL_TIM_PeriodElapsedCallback  main.o
    0x08001a98   0x00000002   Code   RO          578    i.HAL_TIM_TriggerCallback  stm32f1xx_hal_tim.o
    0x08001a9a   0x00000062   Code   RO         2452    i.HAL_UART_Init     stm32f1xx_hal_uart.o
    0x08001afc   0x00000070   Code   RO          290    i.HAL_UART_MspInit  usart.o
    0x08001b6c   0x00000002   Code   RO          333    i.HardFault_Handler  stm32f1xx_it.o
    0x08001b6e   0x00000002   PAD
    0x08001b70   0x00000048   Code   RO         2818    i.IIC_Ack           iic.o
    0x08001bb8   0x0000000c   Code   RO         2820    i.IIC_Delay         iic.o
    0x08001bc4   0x0000003c   Code   RO         2821    i.IIC_GPIO_Init     iic.o
    0x08001c00   0x00000038   Code   RO         2822    i.IIC_NAck          iic.o
    0x08001c38   0x00000064   Code   RO         2823    i.IIC_Read_Byte     iic.o
    0x08001c9c   0x00000068   Code   RO         2824    i.IIC_Send_Byte     iic.o
    0x08001d04   0x00000044   Code   RO         2825    i.IIC_Start         iic.o
    0x08001d48   0x00000034   Code   RO         2826    i.IIC_Stop          iic.o
    0x08001d7c   0x0000004c   Code   RO         2827    i.IIC_Wait_Ack      iic.o
    0x08001dc8   0x0000010c   Code   RO         2985    i.Kalman_Cal_Pitch  kalman.o
    0x08001ed4   0x0000010c   Code   RO         2986    i.Kalman_Cal_Roll   kalman.o
    0x08001fe0   0x0000010c   Code   RO         2987    i.Kalman_Cal_Yaw    kalman.o
    0x080020ec   0x00000032   Code   RO         2895    i.MPU_Get_Accelerometer  mpu6050.o
    0x0800211e   0x00000032   Code   RO         2896    i.MPU_Get_Gyroscope  mpu6050.o
    0x08002150   0x0000004c   Code   RO         2897    i.MPU_Get_Temperature  mpu6050.o
    0x0800219c   0x0000007a   Code   RO         2898    i.MPU_Init          mpu6050.o
    0x08002216   0x0000003a   Code   RO         2899    i.MPU_Read_Byte     mpu6050.o
    0x08002250   0x0000006c   Code   RO         2900    i.MPU_Read_Len      mpu6050.o
    0x080022bc   0x0000000a   Code   RO         2901    i.MPU_Set_Accel_Fsr  mpu6050.o
    0x080022c6   0x0000000a   Code   RO         2902    i.MPU_Set_Gyro_Fsr  mpu6050.o
    0x080022d0   0x00000030   Code   RO         2903    i.MPU_Set_LPF       mpu6050.o
    0x08002300   0x0000002e   Code   RO         2904    i.MPU_Set_Rate      mpu6050.o
    0x0800232e   0x0000003c   Code   RO         2905    i.MPU_Write_Byte    mpu6050.o
    0x0800236a   0x00000052   Code   RO         2906    i.MPU_Write_Len     mpu6050.o
    0x080023bc   0x000000ac   Code   RO          181    i.MX_GPIO_Init      gpio.o
    0x08002468   0x0000006c   Code   RO          212    i.MX_TIM1_Init      tim.o
    0x080024d4   0x00000098   Code   RO          213    i.MX_TIM2_Init      tim.o
    0x0800256c   0x0000006c   Code   RO          214    i.MX_TIM3_Init      tim.o
    0x080025d8   0x00000038   Code   RO          291    i.MX_USART1_UART_Init  usart.o
    0x08002610   0x00000002   Code   RO          334    i.MemManage_Handler  stm32f1xx_it.o
    0x08002612   0x00000002   Code   RO          335    i.NMI_Handler       stm32f1xx_it.o
    0x08002614   0x00000002   Code   RO          336    i.PendSV_Handler    stm32f1xx_it.o
    0x08002616   0x00000002   Code   RO          337    i.SVC_Handler       stm32f1xx_it.o
    0x08002618   0x00000004   Code   RO          338    i.SysTick_Handler   stm32f1xx_it.o
    0x0800261c   0x0000005e   Code   RO           15    i.SystemClock_Config  main.o
    0x0800267a   0x00000002   Code   RO         2781    i.SystemInit        system_stm32f1xx.o
    0x0800267c   0x0000000c   Code   RO          339    i.TIM1_UP_IRQHandler  stm32f1xx_it.o
    0x08002688   0x0000000c   Code   RO          340    i.TIM2_IRQHandler   stm32f1xx_it.o
    0x08002694   0x0000000c   Code   RO          341    i.TIM3_IRQHandler   stm32f1xx_it.o
    0x080026a0   0x0000005c   Code   RO          580    i.TIM_Base_SetConfig  stm32f1xx_hal_tim.o
    0x080026fc   0x00000014   Code   RO          591    i.TIM_ETR_SetConfig  stm32f1xx_hal_tim.o
    0x08002710   0x00000010   Code   RO          592    i.TIM_ITRx_SetConfig  stm32f1xx_hal_tim.o
    0x08002720   0x00000050   Code   RO          593    i.TIM_OC1_SetConfig  stm32f1xx_hal_tim.o
    0x08002770   0x00000058   Code   RO          594    i.TIM_OC2_SetConfig  stm32f1xx_hal_tim.o
    0x080027c8   0x00000058   Code   RO          595    i.TIM_OC3_SetConfig  stm32f1xx_hal_tim.o
    0x08002820   0x00000044   Code   RO          596    i.TIM_OC4_SetConfig  stm32f1xx_hal_tim.o
    0x08002864   0x00000022   Code   RO          598    i.TIM_TI1_ConfigInputStage  stm32f1xx_hal_tim.o
    0x08002886   0x00000024   Code   RO          600    i.TIM_TI2_ConfigInputStage  stm32f1xx_hal_tim.o
    0x080028aa   0x00000002   PAD
    0x080028ac   0x000000b8   Code   RO         2478    i.UART_SetConfig    stm32f1xx_hal_uart.o
    0x08002964   0x00000002   Code   RO          342    i.UsageFault_Handler  stm32f1xx_it.o
    0x08002966   0x00000002   PAD
    0x08002968   0x00000020   Code   RO         3810    i.__0printf$8       mc_w.l(printf8.o)
    0x08002988   0x00000028   Code   RO         3916    i.__ARM_fpclassify  m_ws.l(fpclassify.o)
    0x080029b0   0x00000020   Code   RO         1946    i.__NVIC_SetPriority  stm32f1xx_hal_cortex.o
    0x080029d0   0x000000aa   Code   RO         3918    i.__kernel_poly     m_ws.l(poly.o)
    0x08002a7a   0x00000006   Code   RO         3903    i.__mathlib_dbl_infnan  m_ws.l(dunder.o)
    0x08002a80   0x00000004   Code   RO         3904    i.__mathlib_dbl_infnan2  m_ws.l(dunder.o)
    0x08002a84   0x0000000c   Code   RO         3905    i.__mathlib_dbl_invalid  m_ws.l(dunder.o)
    0x08002a90   0x00000010   Code   RO         3908    i.__mathlib_dbl_underflow  m_ws.l(dunder.o)
    0x08002aa0   0x0000000e   Code   RO         3982    i.__scatterload_copy  mc_w.l(handlers.o)
    0x08002aae   0x00000002   Code   RO         3983    i.__scatterload_null  mc_w.l(handlers.o)
    0x08002ab0   0x0000000e   Code   RO         3984    i.__scatterload_zeroinit  mc_w.l(handlers.o)
    0x08002abe   0x00000002   PAD
    0x08002ac0   0x0000000c   Code   RO         3956    i.__set_errno       mc_w.l(errno.o)
    0x08002acc   0x00000410   Code   RO         3817    i._printf_core      mc_w.l(printf8.o)
    0x08002edc   0x00000024   Code   RO         3818    i._printf_post_padding  mc_w.l(printf8.o)
    0x08002f00   0x0000002e   Code   RO         3819    i._printf_pre_padding  mc_w.l(printf8.o)
    0x08002f2e   0x00000002   PAD
    0x08002f30   0x00000080   Code   RO         3040    i.accel_self_test   inv_mpu.o
    0x08002fb0   0x00000270   Code   RO         3575    i.asin              m_ws.l(asin.o)
    0x08003220   0x00000220   Code   RO         3893    i.atan              m_ws.l(atan.o)
    0x08003440   0x00000180   Code   RO         3585    i.atan2             m_ws.l(atan2.o)
    0x080035c0   0x0000003a   Code   RO         3392    i.dmp_enable_6x_lp_quat  inv_mpu_dmp_motion_driver.o
    0x080035fa   0x00000002   PAD
    0x080035fc   0x000001d8   Code   RO         3393    i.dmp_enable_feature  inv_mpu_dmp_motion_driver.o
    0x080037d4   0x0000003c   Code   RO         3394    i.dmp_enable_gyro_cal  inv_mpu_dmp_motion_driver.o
    0x08003810   0x0000003a   Code   RO         3395    i.dmp_enable_lp_quat  inv_mpu_dmp_motion_driver.o
    0x0800384a   0x00000002   PAD
    0x0800384c   0x00000014   Code   RO         3400    i.dmp_load_motion_driver_firmware  inv_mpu_dmp_motion_driver.o
    0x08003860   0x00000144   Code   RO         3401    i.dmp_read_fifo     inv_mpu_dmp_motion_driver.o
    0x080039a4   0x000000d8   Code   RO         3404    i.dmp_set_accel_bias  inv_mpu_dmp_motion_driver.o
    0x08003a7c   0x00000064   Code   RO         3405    i.dmp_set_fifo_rate  inv_mpu_dmp_motion_driver.o
    0x08003ae0   0x000000cc   Code   RO         3406    i.dmp_set_gyro_bias  inv_mpu_dmp_motion_driver.o
    0x08003bac   0x0000010c   Code   RO         3408    i.dmp_set_orientation  inv_mpu_dmp_motion_driver.o
    0x08003cb8   0x00000030   Code   RO         3411    i.dmp_set_shake_reject_thresh  inv_mpu_dmp_motion_driver.o
    0x08003ce8   0x00000020   Code   RO         3412    i.dmp_set_shake_reject_time  inv_mpu_dmp_motion_driver.o
    0x08003d08   0x00000020   Code   RO         3413    i.dmp_set_shake_reject_timeout  inv_mpu_dmp_motion_driver.o
    0x08003d28   0x00000040   Code   RO         3414    i.dmp_set_tap_axes  inv_mpu_dmp_motion_driver.o
    0x08003d68   0x00000022   Code   RO         3415    i.dmp_set_tap_count  inv_mpu_dmp_motion_driver.o
    0x08003d8a   0x00000002   PAD
    0x08003d8c   0x00000128   Code   RO         3416    i.dmp_set_tap_thresh  inv_mpu_dmp_motion_driver.o
    0x08003eb4   0x00000020   Code   RO         3417    i.dmp_set_tap_time  inv_mpu_dmp_motion_driver.o
    0x08003ed4   0x00000020   Code   RO         3418    i.dmp_set_tap_time_multi  inv_mpu_dmp_motion_driver.o
    0x08003ef4   0x00000012   Code   RO         3943    i.fputc             mc_w.l(fputc.o)
    0x08003f06   0x00000002   PAD
    0x08003f08   0x000000ac   Code   RO         3041    i.get_accel_prod_shift  inv_mpu.o
    0x08003fb4   0x00000314   Code   RO         3042    i.get_st_biases     inv_mpu.o
    0x080042c8   0x000000d4   Code   RO         3043    i.gyro_self_test    inv_mpu.o
    0x0800439c   0x00000022   Code   RO         3044    i.inv_orientation_matrix_to_scalar  inv_mpu.o
    0x080043be   0x00000048   Code   RO         3045    i.inv_row_2_scale   inv_mpu.o
    0x08004406   0x00000002   PAD
    0x08004408   0x00000040   Code   RO           16    i.main              main.o
    0x08004448   0x00000002   Code   RO         3046    i.mget_ms           inv_mpu.o
    0x0800444a   0x00000002   PAD
    0x0800444c   0x00000054   Code   RO         3047    i.mpu_configure_fifo  inv_mpu.o
    0x080044a0   0x0000019c   Code   RO         3048    i.mpu_dmp_get_data  inv_mpu.o
    0x0800463c   0x000000a4   Code   RO         3049    i.mpu_dmp_init      inv_mpu.o
    0x080046e0   0x0000003c   Code   RO         3050    i.mpu_get_accel_fsr  inv_mpu.o
    0x0800471c   0x00000044   Code   RO         3052    i.mpu_get_accel_sens  inv_mpu.o
    0x08004760   0x00000034   Code   RO         3058    i.mpu_get_gyro_fsr  inv_mpu.o
    0x08004794   0x00000040   Code   RO         3060    i.mpu_get_gyro_sens  inv_mpu.o
    0x080047d4   0x00000038   Code   RO         3062    i.mpu_get_lpf       inv_mpu.o
    0x0800480c   0x0000001c   Code   RO         3064    i.mpu_get_sample_rate  inv_mpu.o
    0x08004828   0x00000188   Code   RO         3066    i.mpu_init          inv_mpu.o
    0x080049b0   0x000000a0   Code   RO         3067    i.mpu_load_firmware  inv_mpu.o
    0x08004a50   0x000000b8   Code   RO         3068    i.mpu_lp_accel_mode  inv_mpu.o
    0x08004b08   0x00000090   Code   RO         3071    i.mpu_read_fifo_stream  inv_mpu.o
    0x08004b98   0x00000054   Code   RO         3072    i.mpu_read_mem      inv_mpu.o
    0x08004bec   0x00000160   Code   RO         3075    i.mpu_reset_fifo    inv_mpu.o
    0x08004d4c   0x000000f0   Code   RO         3076    i.mpu_run_self_test  inv_mpu.o
    0x08004e3c   0x00000068   Code   RO         3078    i.mpu_set_accel_fsr  inv_mpu.o
    0x08004ea4   0x000000dc   Code   RO         3079    i.mpu_set_bypass    inv_mpu.o
    0x08004f80   0x00000078   Code   RO         3081    i.mpu_set_dmp_state  inv_mpu.o
    0x08004ff8   0x0000006c   Code   RO         3082    i.mpu_set_gyro_fsr  inv_mpu.o
    0x08005064   0x00000064   Code   RO         3083    i.mpu_set_int_latched  inv_mpu.o
    0x080050c8   0x0000006c   Code   RO         3085    i.mpu_set_lpf       inv_mpu.o
    0x08005134   0x00000080   Code   RO         3086    i.mpu_set_sample_rate  inv_mpu.o
    0x080051b4   0x000000b8   Code   RO         3087    i.mpu_set_sensors   inv_mpu.o
    0x0800526c   0x00000054   Code   RO         3088    i.mpu_write_mem     inv_mpu.o
    0x080052c0   0x00000080   Code   RO         3089    i.run_self_test     inv_mpu.o
    0x08005340   0x00000058   Code   RO         3090    i.set_int_enable    inv_mpu.o
    0x08005398   0x0000004c   Code   RO         3922    i.sqrt              m_ws.l(sqrt.o)
    0x080053e4   0x00000010   Data   RO         2782    .constdata          system_stm32f1xx.o
    0x080053f4   0x00000008   Data   RO         2783    .constdata          system_stm32f1xx.o
    0x080053fc   0x0000001b   Data   RO         3092    .constdata          inv_mpu.o
    0x08005417   0x00000001   PAD
    0x08005418   0x0000000c   Data   RO         3093    .constdata          inv_mpu.o
    0x08005424   0x00000028   Data   RO         3094    .constdata          inv_mpu.o
    0x0800544c   0x00000bf6   Data   RO         3420    .constdata          inv_mpu_dmp_motion_driver.o
    0x08006042   0x00000006   PAD
    0x08006048   0x00000050   Data   RO         3576    .constdata          m_ws.l(asin.o)
    0x08006098   0x00000098   Data   RO         3894    .constdata          m_ws.l(atan.o)
    0x08006130   0x00000008   Data   RO         3920    .constdata          m_ws.l(qnan.o)
    0x08006138   0x0000004d   Data   RO         3095    .conststring        inv_mpu.o
    0x08006185   0x00000003   PAD
    0x08006188   0x00000020   Data   RO         3980    Region$$Table       anon$$obj.o


    Execution Region RW_IRAM1 (Base: 0x20000000, Size: 0x00000620, Max: 0x00002800, ABSOLUTE)

    Base Addr    Size         Type   Attr      Idx    E Section Name        Object

    0x20000000   0x0000000c   Data   RW         1483    .data               stm32f1xx_hal.o
    0x2000000c   0x00000004   Data   RW         2784    .data               system_stm32f1xx.o
    0x20000010   0x000000a4   Data   RW         2988    .data               kalman.o
    0x200000b4   0x00000035   Data   RW         3096    .data               inv_mpu.o
    0x200000e9   0x00000003   PAD
    0x200000ec   0x00000004   Data   RW         3945    .data               mc_w.l(stdout.o)
    0x200000f0   0x00000004   Data   RW         3957    .data               mc_w.l(errno.o)
    0x200000f4   0x000000d8   Zero   RW          215    .bss                tim.o
    0x200001cc   0x00000044   Zero   RW          292    .bss                usart.o
    0x20000210   0x00000010   Zero   RW         3419    .bss                inv_mpu_dmp_motion_driver.o
    0x20000220   0x00000400   Zero   RW            1    STACK               startup_stm32f103x6.o


==============================================================================

Image component sizes


      Code (inc. data)   RO Data    RW Data    ZI Data      Debug   Object Name

       172         12          0          0          0        951   gpio.o
       600         44          0          0          0       5219   iic.o
      5324        290        156         53          0      27290   inv_mpu.o
      2350        118       3062          0         16      18214   inv_mpu_dmp_motion_driver.o
      1148         34          0        164          0       3689   kalman.o
       190         18          0          0          0     419692   main.o
       720         16          0          0          0       6855   mpu6050.o
        36          8        236          0       1024        800   startup_stm32f103x6.o
       164         28          0         12          0       5457   stm32f1xx_hal.o
       198         14          0          0          0      28563   stm32f1xx_hal_cortex.o
       484         30          0          0          0       3648   stm32f1xx_hal_gpio.o
        60          8          0          0          0        862   stm32f1xx_hal_msp.o
      1272        100          0          0          0       4912   stm32f1xx_hal_rcc.o
      1724         38          0          0          0      13811   stm32f1xx_hal_tim.o
       100         10          0          0          0       2301   stm32f1xx_hal_tim_ex.o
       282          6          0          0          0       1796   stm32f1xx_hal_uart.o
        56         18          0          0          0       5115   stm32f1xx_it.o
         2          0         24          4          0       1107   system_stm32f1xx.o
       696         64          0          0        216       4734   tim.o
       168         20          0          0         68       1638   usart.o

    ----------------------------------------------------------------------
     15772        876       3520        236       1324     556654   Object Totals
         0          0         32          0          0          0   (incl. Generated)
        26          0         10          3          0          0   (incl. Padding)

    ----------------------------------------------------------------------

      Code (inc. data)   RO Data    RW Data    ZI Data      Debug   Library Member Name

       624         52         80          0          0        168   asin.o
       544         70        152          0          0        124   atan.o
       384         38          0          0          0        144   atan2.o
        38          6          0          0          0        272   dunder.o
        40          0          0          0          0         68   fpclassify.o
       170          0          0          0          0         96   poly.o
         0          0          8          0          0          0   qnan.o
        76          0          0          0          0         84   sqrt.o
         0          0          0          0          0          0   entry.o
         0          0          0          0          0          0   entry10a.o
         0          0          0          0          0          0   entry11a.o
         8          4          0          0          0          0   entry2.o
         4          0          0          0          0          0   entry5.o
         0          0          0          0          0          0   entry7b.o
         0          0          0          0          0          0   entry8b.o
         8          4          0          0          0          0   entry9a.o
        12          6          0          4          0         68   errno.o
        18          0          0          0          0         80   fputc.o
        30          0          0          0          0          0   handlers.o
        36          8          0          0          0         68   init.o
         0          0          0          0          0          0   iusefp.o
         0          0          0          0          0          0   iusesemip.o
        98          0          0          0          0         84   ldiv.o
        30          0          0          0          0         68   llshl.o
        36          0          0          0          0         68   llsshr.o
        32          0          0          0          0         68   llushr.o
        26          0          0          0          0         80   memcmp.o
        36          0          0          0          0        108   memseta.o
      1154         54          0          0          0        352   printf8.o
         0          0          0          0          0          0   semi.o
         0          0          0          4          0          0   stdout.o
        98          0          0          0          0         92   uldiv.o
        56          0          0          0          0         88   d2f.o
       334          0          0          0          0        148   dadd.o
       222          0          0          0          0        100   ddiv.o
       186          0          0          0          0        176   depilogue.o
        34          0          0          0          0         76   dflti.o
       228          0          0          0          0         96   dmul.o
        46          0          0          0          0         80   dscalb.o
       162          0          0          0          0        100   dsqrt.o
        38          0          0          0          0         68   f2d.o
       176          0          0          0          0        140   fadd.o
       124          0          0          0          0         88   fdiv.o
       110          0          0          0          0        168   fepilogue.o
        50          0          0          0          0         68   ffixi.o
        40          0          0          0          0         68   ffixui.o
        18          0          0          0          0         68   fflti.o
        10          0          0          0          0         68   ffltui.o
       100          0          0          0          0         76   fmul.o
        24          0          0          0          0         68   fscalb.o

    ----------------------------------------------------------------------
      5468        242        240          8          0       3836   Library Totals
         8          0          0          0          0          0   (incl. Padding)

    ----------------------------------------------------------------------

      Code (inc. data)   RO Data    RW Data    ZI Data      Debug   Library Name

      1876        166        240          0          0        956   m_ws.l
      1626         76          0          8          0       1136   mc_w.l
      1958          0          0          0          0       1744   mf_w.l

    ----------------------------------------------------------------------
      5468        242        240          8          0       3836   Library Totals

    ----------------------------------------------------------------------

==============================================================================


      Code (inc. data)   RO Data    RW Data    ZI Data      Debug   

     21240       1118       3760        244       1324     551022   Grand Totals
     21240       1118       3760        244       1324     551022   ELF Image Totals
     21240       1118       3760        244          0          0   ROM Totals

==============================================================================

    Total RO  Size (Code + RO Data)                25000 (  24.41kB)
    Total RW  Size (RW Data + ZI Data)              1568 (   1.53kB)
    Total ROM Size (Code + RO Data + RW Data)      25244 (  24.65kB)

==============================================================================

